Archive member included to satisfy reference by file (symbol)

/opt/st/stm32cubeide_1.11.2/plugins/com.st.stm32cube.ide.mcu.externaltools.gnu-tools-for-stm32.10.3-2021.10.linux64_1.0.100.202210260954/tools/bin/../lib/gcc/arm-none-eabi/10.3.1/../../../../arm-none-eabi/lib/thumb/v7e-m+fp/hard/libc_nano.a(lib_a-atoi.o)
                              ./Core/Src/projet_final.o (atoi)
/opt/st/stm32cubeide_1.11.2/plugins/com.st.stm32cube.ide.mcu.externaltools.gnu-tools-for-stm32.10.3-2021.10.linux64_1.0.100.202210260954/tools/bin/../lib/gcc/arm-none-eabi/10.3.1/../../../../arm-none-eabi/lib/thumb/v7e-m+fp/hard/libc_nano.a(lib_a-errno.o)
                              ./Core/Src/syscalls.o (__errno)
/opt/st/stm32cubeide_1.11.2/plugins/com.st.stm32cube.ide.mcu.externaltools.gnu-tools-for-stm32.10.3-2021.10.linux64_1.0.100.202210260954/tools/bin/../lib/gcc/arm-none-eabi/10.3.1/../../../../arm-none-eabi/lib/thumb/v7e-m+fp/hard/libc_nano.a(lib_a-exit.o)
                              /opt/st/stm32cubeide_1.11.2/plugins/com.st.stm32cube.ide.mcu.externaltools.gnu-tools-for-stm32.10.3-2021.10.linux64_1.0.100.202210260954/tools/bin/../lib/gcc/arm-none-eabi/10.3.1/../../../../arm-none-eabi/lib/thumb/v7e-m+fp/hard/crt0.o (exit)
/opt/st/stm32cubeide_1.11.2/plugins/com.st.stm32cube.ide.mcu.externaltools.gnu-tools-for-stm32.10.3-2021.10.linux64_1.0.100.202210260954/tools/bin/../lib/gcc/arm-none-eabi/10.3.1/../../../../arm-none-eabi/lib/thumb/v7e-m+fp/hard/libc_nano.a(lib_a-impure.o)
                              /opt/st/stm32cubeide_1.11.2/plugins/com.st.stm32cube.ide.mcu.externaltools.gnu-tools-for-stm32.10.3-2021.10.linux64_1.0.100.202210260954/tools/bin/../lib/gcc/arm-none-eabi/10.3.1/../../../../arm-none-eabi/lib/thumb/v7e-m+fp/hard/libc_nano.a(lib_a-exit.o) (_global_impure_ptr)
/opt/st/stm32cubeide_1.11.2/plugins/com.st.stm32cube.ide.mcu.externaltools.gnu-tools-for-stm32.10.3-2021.10.linux64_1.0.100.202210260954/tools/bin/../lib/gcc/arm-none-eabi/10.3.1/../../../../arm-none-eabi/lib/thumb/v7e-m+fp/hard/libc_nano.a(lib_a-init.o)
                              /opt/st/stm32cubeide_1.11.2/plugins/com.st.stm32cube.ide.mcu.externaltools.gnu-tools-for-stm32.10.3-2021.10.linux64_1.0.100.202210260954/tools/bin/../lib/gcc/arm-none-eabi/10.3.1/../../../../arm-none-eabi/lib/thumb/v7e-m+fp/hard/crt0.o (__libc_init_array)
/opt/st/stm32cubeide_1.11.2/plugins/com.st.stm32cube.ide.mcu.externaltools.gnu-tools-for-stm32.10.3-2021.10.linux64_1.0.100.202210260954/tools/bin/../lib/gcc/arm-none-eabi/10.3.1/../../../../arm-none-eabi/lib/thumb/v7e-m+fp/hard/libc_nano.a(lib_a-memcpy-stub.o)
                              ./Core/Src/projet_final.o (memcpy)
/opt/st/stm32cubeide_1.11.2/plugins/com.st.stm32cube.ide.mcu.externaltools.gnu-tools-for-stm32.10.3-2021.10.linux64_1.0.100.202210260954/tools/bin/../lib/gcc/arm-none-eabi/10.3.1/../../../../arm-none-eabi/lib/thumb/v7e-m+fp/hard/libc_nano.a(lib_a-memset.o)
                              /opt/st/stm32cubeide_1.11.2/plugins/com.st.stm32cube.ide.mcu.externaltools.gnu-tools-for-stm32.10.3-2021.10.linux64_1.0.100.202210260954/tools/bin/../lib/gcc/arm-none-eabi/10.3.1/../../../../arm-none-eabi/lib/thumb/v7e-m+fp/hard/crt0.o (memset)
/opt/st/stm32cubeide_1.11.2/plugins/com.st.stm32cube.ide.mcu.externaltools.gnu-tools-for-stm32.10.3-2021.10.linux64_1.0.100.202210260954/tools/bin/../lib/gcc/arm-none-eabi/10.3.1/../../../../arm-none-eabi/lib/thumb/v7e-m+fp/hard/libc_nano.a(lib_a-printf.o)
                              ./Core/Src/projet_final.o (printf)
/opt/st/stm32cubeide_1.11.2/plugins/com.st.stm32cube.ide.mcu.externaltools.gnu-tools-for-stm32.10.3-2021.10.linux64_1.0.100.202210260954/tools/bin/../lib/gcc/arm-none-eabi/10.3.1/../../../../arm-none-eabi/lib/thumb/v7e-m+fp/hard/libc_nano.a(lib_a-strtol.o)
                              /opt/st/stm32cubeide_1.11.2/plugins/com.st.stm32cube.ide.mcu.externaltools.gnu-tools-for-stm32.10.3-2021.10.linux64_1.0.100.202210260954/tools/bin/../lib/gcc/arm-none-eabi/10.3.1/../../../../arm-none-eabi/lib/thumb/v7e-m+fp/hard/libc_nano.a(lib_a-atoi.o) (_strtol_r)
/opt/st/stm32cubeide_1.11.2/plugins/com.st.stm32cube.ide.mcu.externaltools.gnu-tools-for-stm32.10.3-2021.10.linux64_1.0.100.202210260954/tools/bin/../lib/gcc/arm-none-eabi/10.3.1/../../../../arm-none-eabi/lib/thumb/v7e-m+fp/hard/libc_nano.a(lib_a-ctype_.o)
                              /opt/st/stm32cubeide_1.11.2/plugins/com.st.stm32cube.ide.mcu.externaltools.gnu-tools-for-stm32.10.3-2021.10.linux64_1.0.100.202210260954/tools/bin/../lib/gcc/arm-none-eabi/10.3.1/../../../../arm-none-eabi/lib/thumb/v7e-m+fp/hard/libc_nano.a(lib_a-strtol.o) (_ctype_)
/opt/st/stm32cubeide_1.11.2/plugins/com.st.stm32cube.ide.mcu.externaltools.gnu-tools-for-stm32.10.3-2021.10.linux64_1.0.100.202210260954/tools/bin/../lib/gcc/arm-none-eabi/10.3.1/../../../../arm-none-eabi/lib/thumb/v7e-m+fp/hard/libc_nano.a(lib_a-findfp.o)
[...]
Memory Configuration

Name             Origin             Length             Attributes
RAM              0x0000000020000000 0x0000000000008000 xrw
FLASH            0x0000000008000000 0x0000000000020000 xr
*default*        0x0000000000000000 0xffffffffffffffff

Linker script and memory map

LOAD /opt/st/stm32cubeide_1.11.2/plugins/com.st.stm32cube.ide.mcu.externaltools.gnu-tools-for-stm32.10.3-2021.10.linux64_1.0.100.202210260954/tools/bin/../lib/gcc/arm-none-eabi/10.3.1/thumb/v7e-m+fp/hard/crti.o
LOAD /opt/st/stm32cubeide_1.11.2/plugins/com.st.stm32cube.ide.mcu.externaltools.gnu-tools-for-stm32.10.3-2021.10.linux64_1.0.100.202210260954/tools/bin/../lib/gcc/arm-none-eabi/10.3.1/thumb/v7e-m+fp/hard/crtbegin.o
LOAD /opt/st/stm32cubeide_1.11.2/plugins/com.st.stm32cube.ide.mcu.externaltools.gnu-tools-for-stm32.10.3-2021.10.linux64_1.0.100.202210260954/tools/bin/../lib/gcc/arm-none-eabi/10.3.1/../../../../arm-none-eabi/lib/thumb/v7e-m+fp/hard/crt0.o
LOAD ./Core/Src/adc.o
LOAD ./Core/Src/freertos.o
LOAD ./Core/Src/gpio.o
LOAD ./Core/Src/main.o
LOAD ./Core/Src/projet_final.o
LOAD ./Core/Src/rng.o
LOAD ./Core/Src/rtc.o
LOAD ./Core/Src/stm32f4xx_hal_msp.o
LOAD ./Core/Src/stm32f4xx_hal_timebase_tim.o
LOAD ./Core/Src/stm32f4xx_it.o
LOAD ./Core/Src/syscalls.o
LOAD ./Core/Src/sysmem.o
LOAD ./Core/Src/system_stm32f4xx.o
LOAD ./Core/Src/usart.o
LOAD ./Core/Startup/startup_stm32f410rbtx.o
LOAD ./Drivers/STM32F4xx_HAL_Driver/Src/stm32f4xx_hal.o
LOAD ./Drivers/STM32F4xx_HAL_Driver/Src/stm32f4xx_hal_adc.o
LOAD ./Drivers/STM32F4xx_HAL_Driver/Src/stm32f4xx_hal_adc_ex.o
LOAD ./Drivers/STM32F4xx_HAL_Driver/Src/stm32f4xx_hal_cortex.o
LOAD ./Drivers/STM32F4xx_HAL_Driver/Src/stm32f4xx_hal_dma.o
LOAD ./Drivers/STM32F4xx_HAL_Driver/Src/stm32f4xx_hal_dma_ex.o
LOAD ./Drivers/STM32F4xx_HAL_Driver/Src/stm32f4xx_hal_exti.o
LOAD ./Drivers/STM32F4xx_HAL_Driver/Src/stm32f4xx_hal_flash.o
LOAD ./Drivers/STM32F4xx_HAL_Driver/Src/stm32f4xx_hal_flash_ex.o
LOAD ./Drivers/STM32F4xx_HAL_Driver/Src/stm32f4xx_hal_flash_ramfunc.o
LOAD ./Drivers/STM32F4xx_HAL_Driver/Src/stm32f4xx_hal_gpio.o
LOAD ./Drivers/STM32F4xx_HAL_Driver/Src/stm32f4xx_hal_pwr.o
LOAD ./Drivers/STM32F4xx_HAL_Driver/Src/stm32f4xx_hal_pwr_ex.o
LOAD ./Drivers/STM32F4xx_HAL_Driver/Src/stm32f4xx_hal_rcc.o
LOAD ./Drivers/STM32F4xx_HAL_Driver/Src/stm32f4xx_hal_rcc_ex.o
LOAD ./Drivers/STM32F4xx_HAL_Driver/Src/stm32f4xx_hal_rng.o
LOAD ./Drivers/STM32F4xx_HAL_Driver/Src/stm32f4xx_hal_rtc.o
LOAD ./Drivers/STM32F4xx_HAL_Driver/Src/stm32f4xx_hal_rtc_ex.o
LOAD ./Drivers/STM32F4xx_HAL_Driver/Src/stm32f4xx_hal_tim.o
LOAD ./Drivers/STM32F4xx_HAL_Driver/Src/stm32f4xx_hal_tim_ex.o
LOAD ./Drivers/STM32F4xx_HAL_Driver/Src/stm32f4xx_hal_uart.o
LOAD ./Drivers/STM32F4xx_HAL_Driver/Src/stm32f4xx_ll_adc.o
LOAD ./Middlewares/Third_Party/FreeRTOS/Source/CMSIS_RTOS_V2/cmsis_os2.o
LOAD ./Middlewares/Third_Party/FreeRTOS/Source/croutine.o
LOAD ./Middlewares/Third_Party/FreeRTOS/Source/event_groups.o
LOAD ./Middlewares/Third_Party/FreeRTOS/Source/list.o
LOAD ./Middlewares/Third_Party/FreeRTOS/Source/queue.o
LOAD ./Middlewares/Third_Party/FreeRTOS/Source/stream_buffer.o
LOAD ./Middlewares/Third_Party/FreeRTOS/Source/tasks.o
LOAD ./Middlewares/Third_Party/FreeRTOS/Source/timers.o
LOAD ./Middlewares/Third_Party/FreeRTOS/Source/portable/GCC/ARM_CM4F/port.o
LOAD ./Middlewares/Third_Party/FreeRTOS/Source/portable/MemMang/heap_4.o
START GROUP
LOAD /opt/st/stm32cubeide_1.11.2/plugins/com.st.stm32cube.ide.mcu.externaltools.gnu-tools-for-stm32.10.3-2021.10.linux64_1.0.100.202210260954/tools/bin/../lib/gcc/arm-none-eabi/10.3.1/../../../../arm-none-eabi/lib/thumb/v7e-m+fp/hard/libc_nano.a
LOAD /opt/st/stm32cubeide_1.11.2/plugins/com.st.stm32cube.ide.mcu.externaltools.gnu-tools-for-stm32.10.3-2021.10.linux64_1.0.100.202210260954/tools/bin/../lib/gcc/arm-none-eabi/10.3.1/../../../../arm-none-eabi/lib/thumb/v7e-m+fp/hard/libm.a
END GROUP
START GROUP
LOAD /opt/st/stm32cubeide_1.11.2/plugins/com.st.stm32cube.ide.mcu.externaltools.gnu-tools-for-stm32.10.3-2021.10.linux64_1.0.100.202210260954/tools/bin/../lib/gcc/arm-none-eabi/10.3.1/thumb/v7e-m+fp/hard/libgcc.a
LOAD /opt/st/stm32cubeide_1.11.2/plugins/com.st.stm32cube.ide.mcu.externaltools.gnu-tools-for-stm32.10.3-2021.10.linux64_1.0.100.202210260954/tools/bin/../lib/gcc/arm-none-eabi/10.3.1/../../../../arm-none-eabi/lib/thumb/v7e-m+fp/hard/libc_nano.a
END GROUP
START GROUP
LOAD /opt/st/stm32cubeide_1.11.2/plugins/com.st.stm32cube.ide.mcu.externaltools.gnu-tools-for-stm32.10.3-2021.10.linux64_1.0.100.202210260954/tools/bin/../lib/gcc/arm-none-eabi/10.3.1/thumb/v7e-m+fp/hard/libgcc.a
LOAD /opt/st/stm32cubeide_1.11.2/plugins/com.st.stm32cube.ide.mcu.externaltools.gnu-tools-for-stm32.10.3-2021.10.linux64_1.0.100.202210260954/tools/bin/../lib/gcc/arm-none-eabi/10.3.1/../../../../arm-none-eabi/lib/thumb/v7e-m+fp/hard/libc_nano.a
LOAD /opt/st/stm32cubeide_1.11.2/plugins/com.st.stm32cube.ide.mcu.externaltools.gnu-tools-for-stm32.10.3-2021.10.linux64_1.0.100.202210260954/tools/bin/../lib/gcc/arm-none-eabi/10.3.1/../../../../arm-none-eabi/lib/thumb/v7e-m+fp/hard/libnosys.a
END GROUP
START GROUP
LOAD /opt/st/stm32cubeide_1.11.2/plugins/com.st.stm32cube.ide.mcu.externaltools.gnu-tools-for-stm32.10.3-2021.10.linux64_1.0.100.202210260954/tools/bin/../lib/gcc/arm-none-eabi/10.3.1/thumb/v7e-m+fp/hard/libgcc.a
LOAD /opt/st/stm32cubeide_1.11.2/plugins/com.st.stm32cube.ide.mcu.externaltools.gnu-tools-for-stm32.10.3-2021.10.linux64_1.0.100.202210260954/tools/bin/../lib/gcc/arm-none-eabi/10.3.1/../../../../arm-none-eabi/lib/thumb/v7e-m+fp/hard/libc_nano.a
LOAD /opt/st/stm32cubeide_1.11.2/plugins/com.st.stm32cube.ide.mcu.externaltools.gnu-tools-for-stm32.10.3-2021.10.linux64_1.0.100.202210260954/tools/bin/../lib/gcc/arm-none-eabi/10.3.1/../../../../arm-none-eabi/lib/thumb/v7e-m+fp/hard/libnosys.a
END GROUP
LOAD /opt/st/stm32cubeide_1.11.2/plugins/com.st.stm32cube.ide.mcu.externaltools.gnu-tools-for-stm32.10.3-2021.10.linux64_1.0.100.202210260954/tools/bin/../lib/gcc/arm-none-eabi/10.3.1/thumb/v7e-m+fp/hard/crtend.o
LOAD /opt/st/stm32cubeide_1.11.2/plugins/com.st.stm32cube.ide.mcu.externaltools.gnu-tools-for-stm32.10.3-2021.10.linux64_1.0.100.202210260954/tools/bin/../lib/gcc/arm-none-eabi/10.3.1/thumb/v7e-m+fp/hard/crtn.o
                0x0000000020008000                _estack = (ORIGIN (RAM) + LENGTH (RAM))
                0x0000000000000200                _Min_Heap_Size = 0x200
                0x0000000000000400                _Min_Stack_Size = 0x400

.isr_vector     0x0000000008000000      0x1c8
                0x0000000008000000                . = ALIGN (0x4)
 *(.isr_vector)
 .isr_vector    0x0000000008000000      0x1c8 ./Core/Startup/startup_stm32f410rbtx.o
                0x0000000008000000                g_pfnVectors
                0x00000000080001c8                . = ALIGN (0x4)

.text           0x00000000080001d0     0x8d60
                0x00000000080001d0                . = ALIGN (0x4)
 *(.text)
 .text          0x00000000080001d0       0x40 /opt/st/stm32cubeide_1.11.2/plugins/com.st.stm32cube.ide.mcu.externaltools.gnu-tools-for-stm32.10.3-2021.10.linux64_1.0.100.202210260954/tools/bin/../lib/gcc/arm-none-eabi/10.3.1/thumb/v7e-m+fp/hard/crtbegin.o
 .text          0x0000000008000210       0xa0 /opt/st/stm32cubeide_1.11.2/plugins/com.st.stm32cube.ide.mcu.externaltools.gnu-tools-for-stm32.10.3-2021.10.linux64_1.0.100.202210260954/tools/bin/../lib/gcc/arm-none-eabi/10.3.1/../../../../arm-none-eabi/lib/thumb/v7e-m+fp/hard/libc_nano.a(lib_a-memchr.o)
                0x0000000008000210                memchr
 .text          0x00000000080002b0       0x30 /opt/st/stm32cubeide_1.11.2/plugins/com.st.stm32cube.ide.mcu.externaltools.gnu-tools-for-stm32.10.3-2021.10.linux64_1.0.100.202210260954/tools/bin/../lib/gcc/arm-none-eabi/10.3.1/thumb/v7e-m+fp/hard/libgcc.a(_aeabi_uldivmod.o)
                0x00000000080002b0                __aeabi_uldivmod
 .text          0x00000000080002e0      0x2d0 /opt/st/stm32cubeide_1.11.2/plugins/com.st.stm32cube.ide.mcu.externaltools.gnu-tools-for-stm32.10.3-2021.10.linux64_1.0.100.202210260954/tools/bin/../lib/gcc/arm-none-eabi/10.3.1/thumb/v7e-m+fp/hard/libgcc.a(_udivmoddi4.o)
                0x00000000080002e0                __udivmoddi4
 .text          0x00000000080005b0        0x4 /opt/st/stm32cubeide_1.11.2/plugins/com.st.stm32cube.ide.mcu.externaltools.gnu-tools-for-stm32.10.3-2021.10.linux64_1.0.100.202210260954/tools/bin/../lib/gcc/arm-none-eabi/10.3.1/thumb/v7e-m+fp/hard/libgcc.a(_dvmd_tls.o)
                0x00000000080005b0                __aeabi_ldiv0
                0x00000000080005b0                __aeabi_idiv0
 *(.text*)
 .text.MX_ADC1_Init
                0x00000000080005b4       0xa4 ./Core/Src/adc.o
                0x00000000080005b4                MX_ADC1_Init
 .text.HAL_ADC_MspInit
                0x0000000008000658       0x88 ./Core/Src/adc.o
                0x0000000008000658                HAL_ADC_MspInit
 .text.MX_GPIO_Init
                0x00000000080006e0      0x138 ./Core/Src/gpio.o
                0x00000000080006e0                MX_GPIO_Init
 .text.SystemClock_Config
                0x0000000008000818       0xdc ./Core/Src/main.o
                0x0000000008000818                SystemClock_Config
 .text.HAL_TIM_PeriodElapsedCallback
                0x00000000080008f4       0x24 ./Core/Src/main.o
                0x00000000080008f4                HAL_TIM_PeriodElapsedCallback
 .text.Error_Handler
                0x0000000008000918        0xa ./Core/Src/main.o
                0x0000000008000918                Error_Handler
 *fill*         0x0000000008000922        0x2 
 .text.Fonction_Thread_Sensor_1
                0x0000000008000924       0x98 ./Core/Src/projet_final.o
                0x0000000008000924                Fonction_Thread_Sensor_1
 .text.Fonction_Thread_Sensor_2
                0x00000000080009bc       0xa4 ./Core/Src/projet_final.o
                0x00000000080009bc                Fonction_Thread_Sensor_2
 .text.Fonction_Thread_Sensor_3
                0x0000000008000a60       0xa4 ./Core/Src/projet_final.o
                0x0000000008000a60                Fonction_Thread_Sensor_3
 .text.Fonction_Thread_Send
                0x0000000008000b04       0x88 ./Core/Src/projet_final.o
                0x0000000008000b04                Fonction_Thread_Send
 .text.Fonction_Thread_Watch_Queue
                0x0000000008000b8c       0x3c ./Core/Src/projet_final.o
                0x0000000008000b8c                Fonction_Thread_Watch_Queue
 .text.HAL_UART_RxCpltCallback
                0x0000000008000bc8       0xac ./Core/Src/projet_final.o
                0x0000000008000bc8                HAL_UART_RxCpltCallback
 .text.HAL_GPIO_EXTI_Callback
                0x0000000008000c74       0xb4 ./Core/Src/projet_final.o
                0x0000000008000c74                HAL_GPIO_EXTI_Callback
 .text._write   0x0000000008000d28       0x3c ./Core/Src/projet_final.o
                0x0000000008000d28                _write
 .text._read    0x0000000008000d64       0x38 ./Core/Src/projet_final.o
                0x0000000008000d64                _read
 .text.main     0x0000000008000d9c       0xec ./Core/Src/projet_final.o
                0x0000000008000d9c                main
 .text.MX_RNG_Init
                0x0000000008000e88       0x28 ./Core/Src/rng.o
                0x0000000008000e88                MX_RNG_Init
 .text.HAL_RNG_MspInit
                0x0000000008000eb0       0x44 ./Core/Src/rng.o
                0x0000000008000eb0                HAL_RNG_MspInit
 .text.MX_RTC_Init
                0x0000000008000ef4       0x4c ./Core/Src/rtc.o
                0x0000000008000ef4                MX_RTC_Init
 .text.HAL_RTC_MspInit
                0x0000000008000f40       0x58 ./Core/Src/rtc.o
                0x0000000008000f40                HAL_RTC_MspInit
 .text.HAL_MspInit
                0x0000000008000f98       0x58 ./Core/Src/stm32f4xx_hal_msp.o
                0x0000000008000f98                HAL_MspInit
 .text.HAL_InitTick
                0x0000000008000ff0       0xf8 ./Core/Src/stm32f4xx_hal_timebase_tim.o
                0x0000000008000ff0                HAL_InitTick
 .text.NMI_Handler
                0x00000000080010e8        0x6 ./Core/Src/stm32f4xx_it.o
                0x00000000080010e8                NMI_Handler
 .text.HardFault_Handler
                0x00000000080010ee        0x6 ./Core/Src/stm32f4xx_it.o
                0x00000000080010ee                HardFault_Handler
 .text.MemManage_Handler
                0x00000000080010f4        0x6 ./Core/Src/stm32f4xx_it.o
                0x00000000080010f4                MemManage_Handler
 .text.BusFault_Handler
                0x00000000080010fa        0x6 ./Core/Src/stm32f4xx_it.o
                0x00000000080010fa                BusFault_Handler
 .text.UsageFault_Handler
                0x0000000008001100        0x6 ./Core/Src/stm32f4xx_it.o
                0x0000000008001100                UsageFault_Handler
 .text.DebugMon_Handler
                0x0000000008001106        0xe ./Core/Src/stm32f4xx_it.o
                0x0000000008001106                DebugMon_Handler
 .text.EXTI1_IRQHandler
                0x0000000008001114        0xe ./Core/Src/stm32f4xx_it.o
                0x0000000008001114                EXTI1_IRQHandler
 .text.EXTI9_5_IRQHandler
                0x0000000008001122       0x16 ./Core/Src/stm32f4xx_it.o
                0x0000000008001122                EXTI9_5_IRQHandler
 .text.USART2_IRQHandler
                0x0000000008001138       0x14 ./Core/Src/stm32f4xx_it.o
                0x0000000008001138                USART2_IRQHandler
 .text.EXTI15_10_IRQHandler
                0x000000000800114c       0x10 ./Core/Src/stm32f4xx_it.o
                0x000000000800114c                EXTI15_10_IRQHandler
 .text.TIM6_DAC_IRQHandler
                0x000000000800115c       0x14 ./Core/Src/stm32f4xx_it.o
                0x000000000800115c                TIM6_DAC_IRQHandler
 .text._close   0x0000000008001170       0x18 ./Core/Src/syscalls.o
                0x0000000008001170                _close
 .text._fstat   0x0000000008001188       0x20 ./Core/Src/syscalls.o
                0x0000000008001188                _fstat
 .text._isatty  0x00000000080011a8       0x16 ./Core/Src/syscalls.o
                0x00000000080011a8                _isatty
 .text._lseek   0x00000000080011be       0x1a ./Core/Src/syscalls.o
                0x00000000080011be                _lseek
 .text._sbrk    0x00000000080011d8       0x6c ./Core/Src/sysmem.o
                0x00000000080011d8                _sbrk
 .text.SystemInit
                0x0000000008001244       0x24 ./Core/Src/system_stm32f4xx.o
                0x0000000008001244                SystemInit
 .text.MX_USART2_UART_Init
                0x0000000008001268       0x54 ./Core/Src/usart.o
                0x0000000008001268                MX_USART2_UART_Init
 .text.HAL_UART_MspInit
                0x00000000080012bc       0xa0 ./Core/Src/usart.o
                0x00000000080012bc                HAL_UART_MspInit
 .text.Reset_Handler
                0x000000000800135c       0x50 ./Core/Startup/startup_stm32f410rbtx.o
                0x000000000800135c                Reset_Handler
 .text.Default_Handler
                0x00000000080013ac        0x2 ./Core/Startup/startup_stm32f410rbtx.o
                0x00000000080013ac                RTC_Alarm_IRQHandler
                0x00000000080013ac                EXTI2_IRQHandler
                0x00000000080013ac                FMPI2C1_EV_IRQHandler
                0x00000000080013ac                TIM1_CC_IRQHandler
                0x00000000080013ac                DMA2_Stream5_IRQHandler
                0x00000000080013ac                DMA1_Stream5_IRQHandler
                0x00000000080013ac                PVD_IRQHandler
                0x00000000080013ac                TAMP_STAMP_IRQHandler
                0x00000000080013ac                EXTI3_IRQHandler
                0x00000000080013ac                EXTI0_IRQHandler
                0x00000000080013ac                I2C2_EV_IRQHandler
                0x00000000080013ac                DMA1_Stream2_IRQHandler
                0x00000000080013ac                FPU_IRQHandler
                0x00000000080013ac                DMA2_Stream2_IRQHandler
                0x00000000080013ac                SPI1_IRQHandler
                0x00000000080013ac                TIM1_BRK_TIM9_IRQHandler
                0x00000000080013ac                DMA2_Stream3_IRQHandler
                0x00000000080013ac                USART6_IRQHandler
                0x00000000080013ac                DMA2_Stream0_IRQHandler
                0x00000000080013ac                I2C1_EV_IRQHandler
                0x00000000080013ac                DMA1_Stream6_IRQHandler
                0x00000000080013ac                DMA1_Stream1_IRQHandler
                0x00000000080013ac                RCC_IRQHandler
                0x00000000080013ac                Default_Handler
                0x00000000080013ac                ADC_IRQHandler
                0x00000000080013ac                DMA1_Stream7_IRQHandler
                0x00000000080013ac                SPI5_IRQHandler
                0x00000000080013ac                TIM5_IRQHandler
                0x00000000080013ac                DMA2_Stream7_IRQHandler
                0x00000000080013ac                RTC_WKUP_IRQHandler
                0x00000000080013ac                SPI2_IRQHandler
                0x00000000080013ac                DMA1_Stream0_IRQHandler
                0x00000000080013ac                FMPI2C1_ER_IRQHandler
                0x00000000080013ac                EXTI4_IRQHandler
                0x00000000080013ac                RNG_IRQHandler
                0x00000000080013ac                TIM1_UP_IRQHandler
                0x00000000080013ac                WWDG_IRQHandler
                0x00000000080013ac                TIM1_TRG_COM_TIM11_IRQHandler
                0x00000000080013ac                I2C2_ER_IRQHandler
                0x00000000080013ac                DMA2_Stream1_IRQHandler
                0x00000000080013ac                FLASH_IRQHandler
                0x00000000080013ac                DMA2_Stream4_IRQHandler
                0x00000000080013ac                USART1_IRQHandler
                0x00000000080013ac                DMA1_Stream4_IRQHandler
                0x00000000080013ac                I2C1_ER_IRQHandler
                0x00000000080013ac                LPTIM1_IRQHandler
                0x00000000080013ac                DMA2_Stream6_IRQHandler
                0x00000000080013ac                DMA1_Stream3_IRQHandler
 *fill*         0x00000000080013ae        0x2 
 .text.HAL_Init
                0x00000000080013b0       0x44 ./Drivers/STM32F4xx_HAL_Driver/Src/stm32f4xx_hal.o
                0x00000000080013b0                HAL_Init
 .text.HAL_IncTick
                0x00000000080013f4       0x28 ./Drivers/STM32F4xx_HAL_Driver/Src/stm32f4xx_hal.o
                0x00000000080013f4                HAL_IncTick
 .text.HAL_GetTick
                0x000000000800141c       0x18 ./Drivers/STM32F4xx_HAL_Driver/Src/stm32f4xx_hal.o
                0x000000000800141c                HAL_GetTick
 .text.HAL_ADC_Init
                0x0000000008001434       0x86 ./Drivers/STM32F4xx_HAL_Driver/Src/stm32f4xx_hal_adc.o
                0x0000000008001434                HAL_ADC_Init
 *fill*         0x00000000080014ba        0x2 
 .text.HAL_ADC_Start
                0x00000000080014bc      0x168 ./Drivers/STM32F4xx_HAL_Driver/Src/stm32f4xx_hal_adc.o
                0x00000000080014bc                HAL_ADC_Start
 .text.HAL_ADC_PollForConversion
                0x0000000008001624      0x116 ./Drivers/STM32F4xx_HAL_Driver/Src/stm32f4xx_hal_adc.o
                0x0000000008001624                HAL_ADC_PollForConversion
 .text.HAL_ADC_GetValue
                0x000000000800173a       0x1a ./Drivers/STM32F4xx_HAL_Driver/Src/stm32f4xx_hal_adc.o
                0x000000000800173a                HAL_ADC_GetValue
 .text.HAL_ADC_ConfigChannel
                0x0000000008001754      0x244 ./Drivers/STM32F4xx_HAL_Driver/Src/stm32f4xx_hal_adc.o
                0x0000000008001754                HAL_ADC_ConfigChannel
 .text.ADC_Init
                0x0000000008001998      0x1f8 ./Drivers/STM32F4xx_HAL_Driver/Src/stm32f4xx_hal_adc.o
 .text.__NVIC_SetPriorityGrouping
                0x0000000008001b90       0x48 ./Drivers/STM32F4xx_HAL_Driver/Src/stm32f4xx_hal_cortex.o
 .text.__NVIC_GetPriorityGrouping
                0x0000000008001bd8       0x1c ./Drivers/STM32F4xx_HAL_Driver/Src/stm32f4xx_hal_cortex.o
 .text.__NVIC_EnableIRQ
                0x0000000008001bf4       0x3c ./Drivers/STM32F4xx_HAL_Driver/Src/stm32f4xx_hal_cortex.o
 .text.__NVIC_SetPriority
                0x0000000008001c30       0x54 ./Drivers/STM32F4xx_HAL_Driver/Src/stm32f4xx_hal_cortex.o
 .text.NVIC_EncodePriority
                0x0000000008001c84       0x66 ./Drivers/STM32F4xx_HAL_Driver/Src/stm32f4xx_hal_cortex.o
 .text.HAL_NVIC_SetPriorityGrouping
                0x0000000008001cea       0x16 ./Drivers/STM32F4xx_HAL_Driver/Src/stm32f4xx_hal_cortex.o
                0x0000000008001cea                HAL_NVIC_SetPriorityGrouping
 .text.HAL_NVIC_SetPriority
                0x0000000008001d00       0x38 ./Drivers/STM32F4xx_HAL_Driver/Src/stm32f4xx_hal_cortex.o
                0x0000000008001d00                HAL_NVIC_SetPriority
 .text.HAL_NVIC_EnableIRQ
                0x0000000008001d38       0x1c ./Drivers/STM32F4xx_HAL_Driver/Src/stm32f4xx_hal_cortex.o
                0x0000000008001d38                HAL_NVIC_EnableIRQ
 .text.HAL_DMA_Abort
                0x0000000008001d54       0xe0 ./Drivers/STM32F4xx_HAL_Driver/Src/stm32f4xx_hal_dma.o
                0x0000000008001d54                HAL_DMA_Abort
 .text.HAL_DMA_Abort_IT
                0x0000000008001e34       0x44 ./Drivers/STM32F4xx_HAL_Driver/Src/stm32f4xx_hal_dma.o
                0x0000000008001e34                HAL_DMA_Abort_IT
 .text.HAL_GPIO_Init
                0x0000000008001e78      0x2e8 ./Drivers/STM32F4xx_HAL_Driver/Src/stm32f4xx_hal_gpio.o
                0x0000000008001e78                HAL_GPIO_Init
 .text.HAL_GPIO_WritePin
                0x0000000008002160       0x32 ./Drivers/STM32F4xx_HAL_Driver/Src/stm32f4xx_hal_gpio.o
                0x0000000008002160                HAL_GPIO_WritePin
 *fill*         0x0000000008002192        0x2 
 .text.HAL_GPIO_EXTI_IRQHandler
                0x0000000008002194       0x30 ./Drivers/STM32F4xx_HAL_Driver/Src/stm32f4xx_hal_gpio.o
                0x0000000008002194                HAL_GPIO_EXTI_IRQHandler
 .text.HAL_RCC_ClockConfig
                0x00000000080021c4      0x1cc ./Drivers/STM32F4xx_HAL_Driver/Src/stm32f4xx_hal_rcc.o
                0x00000000080021c4                HAL_RCC_ClockConfig
 .text.HAL_RCC_GetSysClockFreq
                0x0000000008002390      0x20c ./Drivers/STM32F4xx_HAL_Driver/Src/stm32f4xx_hal_rcc.o
                0x0000000008002390                HAL_RCC_GetSysClockFreq
 .text.HAL_RCC_GetHCLKFreq
                0x000000000800259c       0x18 ./Drivers/STM32F4xx_HAL_Driver/Src/stm32f4xx_hal_rcc.o
                0x000000000800259c                HAL_RCC_GetHCLKFreq
 .text.HAL_RCC_GetPCLK1Freq
                0x00000000080025b4       0x28 ./Drivers/STM32F4xx_HAL_Driver/Src/stm32f4xx_hal_rcc.o
                0x00000000080025b4                HAL_RCC_GetPCLK1Freq
 .text.HAL_RCC_GetPCLK2Freq
                0x00000000080025dc       0x28 ./Drivers/STM32F4xx_HAL_Driver/Src/stm32f4xx_hal_rcc.o
                0x00000000080025dc                HAL_RCC_GetPCLK2Freq
 .text.HAL_RCC_GetClockConfig
                0x0000000008002604       0x64 ./Drivers/STM32F4xx_HAL_Driver/Src/stm32f4xx_hal_rcc.o
                0x0000000008002604                HAL_RCC_GetClockConfig
 .text.HAL_RCCEx_PeriphCLKConfig
                0x0000000008002668      0x1b8 ./Drivers/STM32F4xx_HAL_Driver/Src/stm32f4xx_hal_rcc_ex.o
                0x0000000008002668                HAL_RCCEx_PeriphCLKConfig
 .text.HAL_RCC_OscConfig
                0x0000000008002820      0x508 ./Drivers/STM32F4xx_HAL_Driver/Src/stm32f4xx_hal_rcc_ex.o
                0x0000000008002820                HAL_RCC_OscConfig
 .text.HAL_RNG_Init
                0x0000000008002d28       0x54 ./Drivers/STM32F4xx_HAL_Driver/Src/stm32f4xx_hal_rng.o
                0x0000000008002d28                HAL_RNG_Init
 .text.HAL_RNG_GenerateRandomNumber
                0x0000000008002d7c       0xac ./Drivers/STM32F4xx_HAL_Driver/Src/stm32f4xx_hal_rng.o
                0x0000000008002d7c                HAL_RNG_GenerateRandomNumber
 .text.HAL_RTC_Init
                0x0000000008002e28       0xec ./Drivers/STM32F4xx_HAL_Driver/Src/stm32f4xx_hal_rtc.o
                0x0000000008002e28                HAL_RTC_Init
 .text.HAL_RTC_GetTime
                0x0000000008002f14       0xbc ./Drivers/STM32F4xx_HAL_Driver/Src/stm32f4xx_hal_rtc.o
                0x0000000008002f14                HAL_RTC_GetTime
 .text.HAL_RTC_GetDate
                0x0000000008002fd0       0x9e ./Drivers/STM32F4xx_HAL_Driver/Src/stm32f4xx_hal_rtc.o
                0x0000000008002fd0                HAL_RTC_GetDate
 .text.HAL_RTC_WaitForSynchro
                0x000000000800306e       0x50 ./Drivers/STM32F4xx_HAL_Driver/Src/stm32f4xx_hal_rtc.o
                0x000000000800306e                HAL_RTC_WaitForSynchro
 .text.RTC_EnterInitMode
                0x00000000080030be       0x6e ./Drivers/STM32F4xx_HAL_Driver/Src/stm32f4xx_hal_rtc.o
                0x00000000080030be                RTC_EnterInitMode
 .text.RTC_ExitInitMode
                0x000000000800312c       0x4a ./Drivers/STM32F4xx_HAL_Driver/Src/stm32f4xx_hal_rtc.o
                0x000000000800312c                RTC_ExitInitMode
 .text.RTC_Bcd2ToByte
                0x0000000008003176       0x38 ./Drivers/STM32F4xx_HAL_Driver/Src/stm32f4xx_hal_rtc.o
                0x0000000008003176                RTC_Bcd2ToByte
 .text.HAL_TIM_Base_Init
                0x00000000080031ae       0x9e ./Drivers/STM32F4xx_HAL_Driver/Src/stm32f4xx_hal_tim.o
                0x00000000080031ae                HAL_TIM_Base_Init
 .text.HAL_TIM_Base_MspInit
                0x000000000800324c       0x14 ./Drivers/STM32F4xx_HAL_Driver/Src/stm32f4xx_hal_tim.o
                0x000000000800324c                HAL_TIM_Base_MspInit
 .text.HAL_TIM_Base_Start_IT
                0x0000000008003260       0x9c ./Drivers/STM32F4xx_HAL_Driver/Src/stm32f4xx_hal_tim.o
                0x0000000008003260                HAL_TIM_Base_Start_IT
 .text.HAL_TIM_IRQHandler
                0x00000000080032fc      0x210 ./Drivers/STM32F4xx_HAL_Driver/Src/stm32f4xx_hal_tim.o
                0x00000000080032fc                HAL_TIM_IRQHandler
 .text.HAL_TIM_OC_DelayElapsedCallback
                0x000000000800350c       0x14 ./Drivers/STM32F4xx_HAL_Driver/Src/stm32f4xx_hal_tim.o
                0x000000000800350c                HAL_TIM_OC_DelayElapsedCallback
 .text.HAL_TIM_IC_CaptureCallback
                0x0000000008003520       0x14 ./Drivers/STM32F4xx_HAL_Driver/Src/stm32f4xx_hal_tim.o
                0x0000000008003520                HAL_TIM_IC_CaptureCallback
 .text.HAL_TIM_PWM_PulseFinishedCallback
                0x0000000008003534       0x14 ./Drivers/STM32F4xx_HAL_Driver/Src/stm32f4xx_hal_tim.o
                0x0000000008003534                HAL_TIM_PWM_PulseFinishedCallback
 .text.HAL_TIM_TriggerCallback
                0x0000000008003548       0x14 ./Drivers/STM32F4xx_HAL_Driver/Src/stm32f4xx_hal_tim.o
                0x0000000008003548                HAL_TIM_TriggerCallback
 .text.TIM_Base_SetConfig
                0x000000000800355c       0xbc ./Drivers/STM32F4xx_HAL_Driver/Src/stm32f4xx_hal_tim.o
                0x000000000800355c                TIM_Base_SetConfig
 .text.HAL_TIMEx_CommutCallback
                0x0000000008003618       0x14 ./Drivers/STM32F4xx_HAL_Driver/Src/stm32f4xx_hal_tim_ex.o
                0x0000000008003618                HAL_TIMEx_CommutCallback
 .text.HAL_TIMEx_BreakCallback
                0x000000000800362c       0x14 ./Drivers/STM32F4xx_HAL_Driver/Src/stm32f4xx_hal_tim_ex.o
                0x000000000800362c                HAL_TIMEx_BreakCallback
 .text.HAL_UART_Init
                0x0000000008003640       0x9a ./Drivers/STM32F4xx_HAL_Driver/Src/stm32f4xx_hal_uart.o
                0x0000000008003640                HAL_UART_Init
 .text.HAL_UART_Transmit
                0x00000000080036da      0x124 ./Drivers/STM32F4xx_HAL_Driver/Src/stm32f4xx_hal_uart.o
                0x00000000080036da                HAL_UART_Transmit
 .text.HAL_UART_Receive
                0x00000000080037fe      0x144 ./Drivers/STM32F4xx_HAL_Driver/Src/stm32f4xx_hal_uart.o
                0x00000000080037fe                HAL_UART_Receive
 .text.HAL_UART_Receive_IT
                0x0000000008003942       0x60 ./Drivers/STM32F4xx_HAL_Driver/Src/stm32f4xx_hal_uart.o
                0x0000000008003942                HAL_UART_Receive_IT
 *fill*         0x00000000080039a2        0x2 
 .text.HAL_UART_IRQHandler
                0x00000000080039a4      0x51c ./Drivers/STM32F4xx_HAL_Driver/Src/stm32f4xx_hal_uart.o
                0x00000000080039a4                HAL_UART_IRQHandler
 .text.HAL_UART_TxCpltCallback
                0x0000000008003ec0       0x14 ./Drivers/STM32F4xx_HAL_Driver/Src/stm32f4xx_hal_uart.o
                0x0000000008003ec0                HAL_UART_TxCpltCallback
 .text.HAL_UART_ErrorCallback
                0x0000000008003ed4       0x14 ./Drivers/STM32F4xx_HAL_Driver/Src/stm32f4xx_hal_uart.o
                0x0000000008003ed4                HAL_UART_ErrorCallback
 .text.HAL_UARTEx_RxEventCallback
                0x0000000008003ee8       0x18 ./Drivers/STM32F4xx_HAL_Driver/Src/stm32f4xx_hal_uart.o
                0x0000000008003ee8                HAL_UARTEx_RxEventCallback
 .text.UART_WaitOnFlagUntilTimeout
                0x0000000008003f00       0xdc ./Drivers/STM32F4xx_HAL_Driver/Src/stm32f4xx_hal_uart.o
 .text.UART_Start_Receive_IT
                0x0000000008003fdc       0x7c ./Drivers/STM32F4xx_HAL_Driver/Src/stm32f4xx_hal_uart.o
                0x0000000008003fdc                UART_Start_Receive_IT
 .text.UART_EndRxTransfer
                0x0000000008004058       0xc6 ./Drivers/STM32F4xx_HAL_Driver/Src/stm32f4xx_hal_uart.o
 .text.UART_DMAAbortOnError
                0x000000000800411e       0x28 ./Drivers/STM32F4xx_HAL_Driver/Src/stm32f4xx_hal_uart.o
 .text.UART_Transmit_IT
                0x0000000008004146       0xa0 ./Drivers/STM32F4xx_HAL_Driver/Src/stm32f4xx_hal_uart.o
 .text.UART_EndTransmit_IT
                0x00000000080041e6       0x30 ./Drivers/STM32F4xx_HAL_Driver/Src/stm32f4xx_hal_uart.o
 .text.UART_Receive_IT
                0x0000000008004216      0x176 ./Drivers/STM32F4xx_HAL_Driver/Src/stm32f4xx_hal_uart.o
 .text.UART_SetConfig
                0x000000000800438c      0x4e8 ./Drivers/STM32F4xx_HAL_Driver/Src/stm32f4xx_hal_uart.o
 .text.__NVIC_SetPriority
                0x0000000008004874       0x54 ./Middlewares/Third_Party/FreeRTOS/Source/CMSIS_RTOS_V2/cmsis_os2.o
 .text.SysTick_Handler
                0x00000000080048c8       0x20 ./Middlewares/Third_Party/FreeRTOS/Source/CMSIS_RTOS_V2/cmsis_os2.o
                0x00000000080048c8                SysTick_Handler
 .text.SVC_Setup
                0x00000000080048e8       0x12 ./Middlewares/Third_Party/FreeRTOS/Source/CMSIS_RTOS_V2/cmsis_os2.o
 *fill*         0x00000000080048fa        0x2 
 .text.osKernelInitialize
                0x00000000080048fc       0x48 ./Middlewares/Third_Party/FreeRTOS/Source/CMSIS_RTOS_V2/cmsis_os2.o
                0x00000000080048fc                osKernelInitialize
 .text.osKernelStart
                0x0000000008004944       0x4c ./Middlewares/Third_Party/FreeRTOS/Source/CMSIS_RTOS_V2/cmsis_os2.o
                0x0000000008004944                osKernelStart
 .text.osThreadNew
                0x0000000008004990      0x124 ./Middlewares/Third_Party/FreeRTOS/Source/CMSIS_RTOS_V2/cmsis_os2.o
                0x0000000008004990                osThreadNew
 .text.osThreadFlagsSet
                0x0000000008004ab4       0x9c ./Middlewares/Third_Party/FreeRTOS/Source/CMSIS_RTOS_V2/cmsis_os2.o
                0x0000000008004ab4                osThreadFlagsSet
 .text.osThreadFlagsWait
                0x0000000008004b50      0x102 ./Middlewares/Third_Party/FreeRTOS/Source/CMSIS_RTOS_V2/cmsis_os2.o
                0x0000000008004b50                osThreadFlagsWait
 .text.osDelay  0x0000000008004c52       0x36 ./Middlewares/Third_Party/FreeRTOS/Source/CMSIS_RTOS_V2/cmsis_os2.o
                0x0000000008004c52                osDelay
 .text.osMessageQueueNew
                0x0000000008004c88       0xe6 ./Middlewares/Third_Party/FreeRTOS/Source/CMSIS_RTOS_V2/cmsis_os2.o
                0x0000000008004c88                osMessageQueueNew
 *fill*         0x0000000008004d6e        0x2 
 .text.osMessageQueuePut
                0x0000000008004d70       0xc0 ./Middlewares/Third_Party/FreeRTOS/Source/CMSIS_RTOS_V2/cmsis_os2.o
                0x0000000008004d70                osMessageQueuePut
 .text.osMessageQueueGet
                0x0000000008004e30       0xbc ./Middlewares/Third_Party/FreeRTOS/Source/CMSIS_RTOS_V2/cmsis_os2.o
                0x0000000008004e30                osMessageQueueGet
 .text.osMessageQueueGetCount
                0x0000000008004eec       0x40 ./Middlewares/Third_Party/FreeRTOS/Source/CMSIS_RTOS_V2/cmsis_os2.o
                0x0000000008004eec                osMessageQueueGetCount
 .text.osMessageQueueGetSpace
                0x0000000008004f2c       0x6a ./Middlewares/Third_Party/FreeRTOS/Source/CMSIS_RTOS_V2/cmsis_os2.o
                0x0000000008004f2c                osMessageQueueGetSpace
 *fill*         0x0000000008004f96        0x2 
 .text.vApplicationGetIdleTaskMemory
                0x0000000008004f98       0x34 ./Middlewares/Third_Party/FreeRTOS/Source/CMSIS_RTOS_V2/cmsis_os2.o
                0x0000000008004f98                vApplicationGetIdleTaskMemory
 .text.vApplicationGetTimerTaskMemory
                0x0000000008004fcc       0x34 ./Middlewares/Third_Party/FreeRTOS/Source/CMSIS_RTOS_V2/cmsis_os2.o
                0x0000000008004fcc                vApplicationGetTimerTaskMemory
 .text.vListInitialise
                0x0000000008005000       0x40 ./Middlewares/Third_Party/FreeRTOS/Source/list.o
                0x0000000008005000                vListInitialise
 .text.vListInitialiseItem
                0x0000000008005040       0x1a ./Middlewares/Third_Party/FreeRTOS/Source/list.o
                0x0000000008005040                vListInitialiseItem
 .text.vListInsertEnd
                0x000000000800505a       0x48 ./Middlewares/Third_Party/FreeRTOS/Source/list.o
                0x000000000800505a                vListInsertEnd
 .text.vListInsert
                0x00000000080050a2       0x72 ./Middlewares/Third_Party/FreeRTOS/Source/list.o
                0x00000000080050a2                vListInsert
 .text.uxListRemove
                0x0000000008005114       0x54 ./Middlewares/Third_Party/FreeRTOS/Source/list.o
                0x0000000008005114                uxListRemove
 .text.xQueueGenericReset
                0x0000000008005168       0xd0 ./Middlewares/Third_Party/FreeRTOS/Source/queue.o
                0x0000000008005168                xQueueGenericReset
 .text.xQueueGenericCreateStatic
                0x0000000008005238       0xf0 ./Middlewares/Third_Party/FreeRTOS/Source/queue.o
                0x0000000008005238                xQueueGenericCreateStatic
 .text.xQueueGenericCreate
                0x0000000008005328       0x74 ./Middlewares/Third_Party/FreeRTOS/Source/queue.o
                0x0000000008005328                xQueueGenericCreate
 .text.prvInitialiseNewQueue
                0x000000000800539c       0x46 ./Middlewares/Third_Party/FreeRTOS/Source/queue.o
 *fill*         0x00000000080053e2        0x2 
 .text.xQueueGenericSend
                0x00000000080053e4      0x1fc ./Middlewares/Third_Party/FreeRTOS/Source/queue.o
                0x00000000080053e4                xQueueGenericSend
 .text.xQueueGenericSendFromISR
                0x00000000080055e0      0x136 ./Middlewares/Third_Party/FreeRTOS/Source/queue.o
                0x00000000080055e0                xQueueGenericSendFromISR
 *fill*         0x0000000008005716        0x2 
 .text.xQueueReceive
                0x0000000008005718      0x1c0 ./Middlewares/Third_Party/FreeRTOS/Source/queue.o
                0x0000000008005718                xQueueReceive
 .text.xQueueReceiveFromISR
                0x00000000080058d8      0x100 ./Middlewares/Third_Party/FreeRTOS/Source/queue.o
                0x00000000080058d8                xQueueReceiveFromISR
 .text.uxQueueMessagesWaiting
                0x00000000080059d8       0x3c ./Middlewares/Third_Party/FreeRTOS/Source/queue.o
                0x00000000080059d8                uxQueueMessagesWaiting
 .text.uxQueueSpacesAvailable
                0x0000000008005a14       0x46 ./Middlewares/Third_Party/FreeRTOS/Source/queue.o
                0x0000000008005a14                uxQueueSpacesAvailable
 .text.uxQueueMessagesWaitingFromISR
                0x0000000008005a5a       0x3c ./Middlewares/Third_Party/FreeRTOS/Source/queue.o
                0x0000000008005a5a                uxQueueMessagesWaitingFromISR
 .text.prvCopyDataToQueue
                0x0000000008005a96       0xd4 ./Middlewares/Third_Party/FreeRTOS/Source/queue.o
 .text.prvCopyDataFromQueue
                0x0000000008005b6a       0x4c ./Middlewares/Third_Party/FreeRTOS/Source/queue.o
 .text.prvUnlockQueue
                0x0000000008005bb6       0xa4 ./Middlewares/Third_Party/FreeRTOS/Source/queue.o
 .text.prvIsQueueEmpty
                0x0000000008005c5a       0x2c ./Middlewares/Third_Party/FreeRTOS/Source/queue.o
 .text.prvIsQueueFull
                0x0000000008005c86       0x30 ./Middlewares/Third_Party/FreeRTOS/Source/queue.o
 *fill*         0x0000000008005cb6        0x2 
 .text.vQueueAddToRegistry
                0x0000000008005cb8       0x54 ./Middlewares/Third_Party/FreeRTOS/Source/queue.o
                0x0000000008005cb8                vQueueAddToRegistry
 .text.vQueueWaitForMessageRestricted
                0x0000000008005d0c       0x68 ./Middlewares/Third_Party/FreeRTOS/Source/queue.o
                0x0000000008005d0c                vQueueWaitForMessageRestricted
 .text.xTaskCreateStatic
                0x0000000008005d74       0xba ./Middlewares/Third_Party/FreeRTOS/Source/tasks.o
                0x0000000008005d74                xTaskCreateStatic
 .text.xTaskCreate
                0x0000000008005e2e       0x8a ./Middlewares/Third_Party/FreeRTOS/Source/tasks.o
                0x0000000008005e2e                xTaskCreate
 .text.prvInitialiseNewTask
                0x0000000008005eb8      0x11e ./Middlewares/Third_Party/FreeRTOS/Source/tasks.o
 *fill*         0x0000000008005fd6        0x2 
 .text.prvAddNewTaskToReadyList
                0x0000000008005fd8       0xe0 ./Middlewares/Third_Party/FreeRTOS/Source/tasks.o
 .text.vTaskDelay
                0x00000000080060b8       0x68 ./Middlewares/Third_Party/FreeRTOS/Source/tasks.o
                0x00000000080060b8                vTaskDelay
 .text.vTaskStartScheduler
                0x0000000008006120       0xcc ./Middlewares/Third_Party/FreeRTOS/Source/tasks.o
                0x0000000008006120                vTaskStartScheduler
 .text.vTaskSuspendAll
                0x00000000080061ec       0x1c ./Middlewares/Third_Party/FreeRTOS/Source/tasks.o
                0x00000000080061ec                vTaskSuspendAll
 .text.xTaskResumeAll
                0x0000000008006208      0x13c ./Middlewares/Third_Party/FreeRTOS/Source/tasks.o
                0x0000000008006208                xTaskResumeAll
 .text.xTaskGetTickCount
                0x0000000008006344       0x20 ./Middlewares/Third_Party/FreeRTOS/Source/tasks.o
                0x0000000008006344                xTaskGetTickCount
 .text.xTaskIncrementTick
                0x0000000008006364      0x174 ./Middlewares/Third_Party/FreeRTOS/Source/tasks.o
                0x0000000008006364                xTaskIncrementTick
 .text.vTaskSwitchContext
                0x00000000080064d8       0xbc ./Middlewares/Third_Party/FreeRTOS/Source/tasks.o
                0x00000000080064d8                vTaskSwitchContext
 .text.vTaskPlaceOnEventList
                0x0000000008006594       0x48 ./Middlewares/Third_Party/FreeRTOS/Source/tasks.o
                0x0000000008006594                vTaskPlaceOnEventList
 .text.vTaskPlaceOnEventListRestricted
                0x00000000080065dc       0x58 ./Middlewares/Third_Party/FreeRTOS/Source/tasks.o
                0x00000000080065dc                vTaskPlaceOnEventListRestricted
 .text.xTaskRemoveFromEventList
                0x0000000008006634       0xc8 ./Middlewares/Third_Party/FreeRTOS/Source/tasks.o
                0x0000000008006634                xTaskRemoveFromEventList
 .text.vTaskInternalSetTimeOutState
                0x00000000080066fc       0x2c ./Middlewares/Third_Party/FreeRTOS/Source/tasks.o
                0x00000000080066fc                vTaskInternalSetTimeOutState
 .text.xTaskCheckForTimeOut
                0x0000000008006728       0xc4 ./Middlewares/Third_Party/FreeRTOS/Source/tasks.o
                0x0000000008006728                xTaskCheckForTimeOut
 .text.vTaskMissedYield
                0x00000000080067ec       0x18 ./Middlewares/Third_Party/FreeRTOS/Source/tasks.o
                0x00000000080067ec                vTaskMissedYield
 .text.prvIdleTask
                0x0000000008006804       0x30 ./Middlewares/Third_Party/FreeRTOS/Source/tasks.o
 .text.prvInitialiseTaskLists
                0x0000000008006834       0x80 ./Middlewares/Third_Party/FreeRTOS/Source/tasks.o
 .text.prvCheckTasksWaitingTermination
                0x00000000080068b4       0x5c ./Middlewares/Third_Party/FreeRTOS/Source/tasks.o
 .text.prvDeleteTCB
                0x0000000008006910       0x5e ./Middlewares/Third_Party/FreeRTOS/Source/tasks.o
 *fill*         0x000000000800696e        0x2 
 .text.prvResetNextTaskUnblockTime
                0x0000000008006970       0x40 ./Middlewares/Third_Party/FreeRTOS/Source/tasks.o
 .text.xTaskGetSchedulerState
                0x00000000080069b0       0x3c ./Middlewares/Third_Party/FreeRTOS/Source/tasks.o
                0x00000000080069b0                xTaskGetSchedulerState
 .text.xTaskPriorityDisinherit
                0x00000000080069ec       0xdc ./Middlewares/Third_Party/FreeRTOS/Source/tasks.o
                0x00000000080069ec                xTaskPriorityDisinherit
 .text.xTaskNotifyWait
                0x0000000008006ac8       0xb4 ./Middlewares/Third_Party/FreeRTOS/Source/tasks.o
                0x0000000008006ac8                xTaskNotifyWait
 .text.xTaskGenericNotify
                0x0000000008006b7c      0x170 ./Middlewares/Third_Party/FreeRTOS/Source/tasks.o
                0x0000000008006b7c                xTaskGenericNotify
 .text.xTaskGenericNotifyFromISR
                0x0000000008006cec      0x1b8 ./Middlewares/Third_Party/FreeRTOS/Source/tasks.o
                0x0000000008006cec                xTaskGenericNotifyFromISR
 .text.prvAddCurrentTaskToDelayedList
                0x0000000008006ea4       0xa8 ./Middlewares/Third_Party/FreeRTOS/Source/tasks.o
 .text.xTimerCreateTimerTask
                0x0000000008006f4c       0x90 ./Middlewares/Third_Party/FreeRTOS/Source/timers.o
                0x0000000008006f4c                xTimerCreateTimerTask
 .text.xTimerGenericCommand
                0x0000000008006fdc       0x9c ./Middlewares/Third_Party/FreeRTOS/Source/timers.o
                0x0000000008006fdc                xTimerGenericCommand
 .text.prvProcessExpiredTimer
                0x0000000008007078       0x98 ./Middlewares/Third_Party/FreeRTOS/Source/timers.o
 .text.prvTimerTask
                0x0000000008007110       0x24 ./Middlewares/Third_Party/FreeRTOS/Source/timers.o
 .text.prvProcessTimerOrBlockTask
                0x0000000008007134       0x9c ./Middlewares/Third_Party/FreeRTOS/Source/timers.o
 .text.prvGetNextExpireTime
                0x00000000080071d0       0x48 ./Middlewares/Third_Party/FreeRTOS/Source/timers.o
 .text.prvSampleTimeNow
                0x0000000008007218       0x40 ./Middlewares/Third_Party/FreeRTOS/Source/timers.o
 .text.prvInsertTimerInActiveList
                0x0000000008007258       0x84 ./Middlewares/Third_Party/FreeRTOS/Source/timers.o
 .text.prvProcessReceivedCommands
                0x00000000080072dc      0x1c4 ./Middlewares/Third_Party/FreeRTOS/Source/timers.o
 .text.prvSwitchTimerLists
                0x00000000080074a0       0xc8 ./Middlewares/Third_Party/FreeRTOS/Source/timers.o
 .text.prvCheckForValidListAndQueue
                0x0000000008007568       0x80 ./Middlewares/Third_Party/FreeRTOS/Source/timers.o
 .text.pxPortInitialiseStack
                0x00000000080075e8       0x68 ./Middlewares/Third_Party/FreeRTOS/Source/portable/GCC/ARM_CM4F/port.o
                0x00000000080075e8                pxPortInitialiseStack
 .text.prvTaskExitError
                0x0000000008007650       0x58 ./Middlewares/Third_Party/FreeRTOS/Source/portable/GCC/ARM_CM4F/port.o
 *fill*         0x00000000080076a8        0x8 
 .text.SVC_Handler
                0x00000000080076b0       0x28 ./Middlewares/Third_Party/FreeRTOS/Source/portable/GCC/ARM_CM4F/port.o
                0x00000000080076b0                SVC_Handler
 .text.prvPortStartFirstTask
                0x00000000080076d8       0x28 ./Middlewares/Third_Party/FreeRTOS/Source/portable/GCC/ARM_CM4F/port.o
 .text.xPortStartScheduler
                0x0000000008007700      0x144 ./Middlewares/Third_Party/FreeRTOS/Source/portable/GCC/ARM_CM4F/port.o
                0x0000000008007700                xPortStartScheduler
 .text.vPortEnterCritical
                0x0000000008007844       0x60 ./Middlewares/Third_Party/FreeRTOS/Source/portable/GCC/ARM_CM4F/port.o
                0x0000000008007844                vPortEnterCritical
 .text.vPortExitCritical
                0x00000000080078a4       0x54 ./Middlewares/Third_Party/FreeRTOS/Source/portable/GCC/ARM_CM4F/port.o
                0x00000000080078a4                vPortExitCritical
 *fill*         0x00000000080078f8        0x8 
 .text.PendSV_Handler
                0x0000000008007900       0x68 ./Middlewares/Third_Party/FreeRTOS/Source/portable/GCC/ARM_CM4F/port.o
                0x0000000008007900                PendSV_Handler
 .text.xPortSysTickHandler
                0x0000000008007968       0x44 ./Middlewares/Third_Party/FreeRTOS/Source/portable/GCC/ARM_CM4F/port.o
                0x0000000008007968                xPortSysTickHandler
 .text.vPortSetupTimerInterrupt
                0x00000000080079ac       0x48 ./Middlewares/Third_Party/FreeRTOS/Source/portable/GCC/ARM_CM4F/port.o
                0x00000000080079ac                vPortSetupTimerInterrupt
 .text.vPortEnableVFP
                0x00000000080079f4       0x14 ./Middlewares/Third_Party/FreeRTOS/Source/portable/GCC/ARM_CM4F/port.o
 .text.vPortValidateInterruptPriority
                0x0000000008007a08       0x80 ./Middlewares/Third_Party/FreeRTOS/Source/portable/GCC/ARM_CM4F/port.o
                0x0000000008007a08                vPortValidateInterruptPriority
 .text.pvPortMalloc
                0x0000000008007a88      0x198 ./Middlewares/Third_Party/FreeRTOS/Source/portable/MemMang/heap_4.o
                0x0000000008007a88                pvPortMalloc
 .text.vPortFree
                0x0000000008007c20       0xc4 ./Middlewares/Third_Party/FreeRTOS/Source/portable/MemMang/heap_4.o
                0x0000000008007c20                vPortFree
 .text.prvHeapInit
                0x0000000008007ce4       0xc4 ./Middlewares/Third_Party/FreeRTOS/Source/portable/MemMang/heap_4.o
 .text.prvInsertBlockIntoFreeList
                0x0000000008007da8       0xb4 ./Middlewares/Third_Party/FreeRTOS/Source/portable/MemMang/heap_4.o
 .text.atoi     0x0000000008007e5c        0x8 /opt/st/stm32cubeide_1.11.2/plugins/com.st.stm32cube.ide.mcu.externaltools.gnu-tools-for-stm32.10.3-2021.10.linux64_1.0.100.202210260954/tools/bin/../lib/gcc/arm-none-eabi/10.3.1/../../../../arm-none-eabi/lib/thumb/v7e-m+fp/hard/libc_nano.a(lib_a-atoi.o)
                0x0000000008007e5c                atoi
 .text.__errno  0x0000000008007e64        0xc /opt/st/stm32cubeide_1.11.2/plugins/com.st.stm32cube.ide.mcu.externaltools.gnu-tools-for-stm32.10.3-2021.10.linux64_1.0.100.202210260954/tools/bin/../lib/gcc/arm-none-eabi/10.3.1/../../../../arm-none-eabi/lib/thumb/v7e-m+fp/hard/libc_nano.a(lib_a-errno.o)
                0x0000000008007e64                __errno
 .text.__libc_init_array
                0x0000000008007e70       0x48 /opt/st/stm32cubeide_1.11.2/plugins/com.st.stm32cube.ide.mcu.externaltools.gnu-tools-for-stm32.10.3-2021.10.linux64_1.0.100.202210260954/tools/bin/../lib/gcc/arm-none-eabi/10.3.1/../../../../arm-none-eabi/lib/thumb/v7e-m+fp/hard/libc_nano.a(lib_a-init.o)
                0x0000000008007e70                __libc_init_array
 .text.memcpy   0x0000000008007eb8       0x1c /opt/st/stm32cubeide_1.11.2/plugins/com.st.stm32cube.ide.mcu.externaltools.gnu-tools-for-stm32.10.3-2021.10.linux64_1.0.100.202210260954/tools/bin/../lib/gcc/arm-none-eabi/10.3.1/../../../../arm-none-eabi/lib/thumb/v7e-m+fp/hard/libc_nano.a(lib_a-memcpy-stub.o)
                0x0000000008007eb8                memcpy
 .text.memset   0x0000000008007ed4       0x10 /opt/st/stm32cubeide_1.11.2/plugins/com.st.stm32cube.ide.mcu.externaltools.gnu-tools-for-stm32.10.3-2021.10.linux64_1.0.100.202210260954/tools/bin/../lib/gcc/arm-none-eabi/10.3.1/../../../../arm-none-eabi/lib/thumb/v7e-m+fp/hard/libc_nano.a(lib_a-memset.o)
                0x0000000008007ed4                memset
 .text.printf   0x0000000008007ee4       0x30 /opt/st/stm32cubeide_1.11.2/plugins/com.st.stm32cube.ide.mcu.externaltools.gnu-tools-for-stm32.10.3-2021.10.linux64_1.0.100.202210260954/tools/bin/../lib/gcc/arm-none-eabi/10.3.1/../../../../arm-none-eabi/lib/thumb/v7e-m+fp/hard/libc_nano.a(lib_a-printf.o)
                0x0000000008007ee4                printf
                0x0000000008007ee4                iprintf
 .text._strtol_l.constprop.0
                0x0000000008007f14      0x104 /opt/st/stm32cubeide_1.11.2/plugins/com.st.stm32cube.ide.mcu.externaltools.gnu-tools-for-stm32.10.3-2021.10.linux64_1.0.100.202210260954/tools/bin/../lib/gcc/arm-none-eabi/10.3.1/../../../../arm-none-eabi/lib/thumb/v7e-m+fp/hard/libc_nano.a(lib_a-strtol.o)
 .text.strtol   0x0000000008008018       0x14 /opt/st/stm32cubeide_1.11.2/plugins/com.st.stm32cube.ide.mcu.externaltools.gnu-tools-for-stm32.10.3-2021.10.linux64_1.0.100.202210260954/tools/bin/../lib/gcc/arm-none-eabi/10.3.1/../../../../arm-none-eabi/lib/thumb/v7e-m+fp/hard/libc_nano.a(lib_a-strtol.o)
                0x0000000008008018                strtol
 .text.std      0x000000000800802c       0x48 /opt/st/stm32cubeide_1.11.2/plugins/com.st.stm32cube.ide.mcu.externaltools.gnu-tools-for-stm32.10.3-2021.10.linux64_1.0.100.202210260954/tools/bin/../lib/gcc/arm-none-eabi/10.3.1/../../../../arm-none-eabi/lib/thumb/v7e-m+fp/hard/libc_nano.a(lib_a-findfp.o)
 .text._cleanup_r
                0x0000000008008074        0xc /opt/st/stm32cubeide_1.11.2/plugins/com.st.stm32cube.ide.mcu.externaltools.gnu-tools-for-stm32.10.3-2021.10.linux64_1.0.100.202210260954/tools/bin/../lib/gcc/arm-none-eabi/10.3.1/../../../../arm-none-eabi/lib/thumb/v7e-m+fp/hard/libc_nano.a(lib_a-findfp.o)
                0x0000000008008074                _cleanup_r
 .text.__sfmoreglue
                0x0000000008008080       0x2c /opt/st/stm32cubeide_1.11.2/plugins/com.st.stm32cube.ide.mcu.externaltools.gnu-tools-for-stm32.10.3-2021.10.linux64_1.0.100.202210260954/tools/bin/../lib/gcc/arm-none-eabi/10.3.1/../../../../arm-none-eabi/lib/thumb/v7e-m+fp/hard/libc_nano.a(lib_a-findfp.o)
                0x0000000008008080                __sfmoreglue
 .text.__sfp_lock_acquire
                0x00000000080080ac        0xc /opt/st/stm32cubeide_1.11.2/plugins/com.st.stm32cube.ide.mcu.externaltools.gnu-tools-for-stm32.10.3-2021.10.linux64_1.0.100.202210260954/tools/bin/../lib/gcc/arm-none-eabi/10.3.1/../../../../arm-none-eabi/lib/thumb/v7e-m+fp/hard/libc_nano.a(lib_a-findfp.o)
                0x00000000080080ac                __sfp_lock_acquire
 .text.__sfp_lock_release
                0x00000000080080b8        0xc /opt/st/stm32cubeide_1.11.2/plugins/com.st.stm32cube.ide.mcu.externaltools.gnu-tools-for-stm32.10.3-2021.10.linux64_1.0.100.202210260954/tools/bin/../lib/gcc/arm-none-eabi/10.3.1/../../../../arm-none-eabi/lib/thumb/v7e-m+fp/hard/libc_nano.a(lib_a-findfp.o)
                0x00000000080080b8                __sfp_lock_release
 .text.__sinit_lock_acquire
                0x00000000080080c4        0xc /opt/st/stm32cubeide_1.11.2/plugins/com.st.stm32cube.ide.mcu.externaltools.gnu-tools-for-stm32.10.3-2021.10.linux64_1.0.100.202210260954/tools/bin/../lib/gcc/arm-none-eabi/10.3.1/../../../../arm-none-eabi/lib/thumb/v7e-m+fp/hard/libc_nano.a(lib_a-findfp.o)
                0x00000000080080c4                __sinit_lock_acquire
 .text.__sinit_lock_release
                0x00000000080080d0        0xc /opt/st/stm32cubeide_1.11.2/plugins/com.st.stm32cube.ide.mcu.externaltools.gnu-tools-for-stm32.10.3-2021.10.linux64_1.0.100.202210260954/tools/bin/../lib/gcc/arm-none-eabi/10.3.1/../../../../arm-none-eabi/lib/thumb/v7e-m+fp/hard/libc_nano.a(lib_a-findfp.o)
                0x00000000080080d0                __sinit_lock_release
 .text.__sinit  0x00000000080080dc       0x70 /opt/st/stm32cubeide_1.11.2/plugins/com.st.stm32cube.ide.mcu.externaltools.gnu-tools-for-stm32.10.3-2021.10.linux64_1.0.100.202210260954/tools/bin/../lib/gcc/arm-none-eabi/10.3.1/../../../../arm-none-eabi/lib/thumb/v7e-m+fp/hard/libc_nano.a(lib_a-findfp.o)
                0x00000000080080dc                __sinit
 .text.__sfp    0x000000000800814c       0x8c /opt/st/stm32cubeide_1.11.2/plugins/com.st.stm32cube.ide.mcu.externaltools.gnu-tools-for-stm32.10.3-2021.10.linux64_1.0.100.202210260954/tools/bin/../lib/gcc/arm-none-eabi/10.3.1/../../../../arm-none-eabi/lib/thumb/v7e-m+fp/hard/libc_nano.a(lib_a-findfp.o)
                0x000000000800814c                __sfp
 .text._fwalk_reent
                0x00000000080081d8       0x3e /opt/st/stm32cubeide_1.11.2/plugins/com.st.stm32cube.ide.mcu.externaltools.gnu-tools-for-stm32.10.3-2021.10.linux64_1.0.100.202210260954/tools/bin/../lib/gcc/arm-none-eabi/10.3.1/../../../../arm-none-eabi/lib/thumb/v7e-m+fp/hard/libc_nano.a(lib_a-fwalk.o)
                0x00000000080081d8                _fwalk_reent
 .text.__retarget_lock_init_recursive
                0x0000000008008216        0x2 /opt/st/stm32cubeide_1.11.2/plugins/com.st.stm32cube.ide.mcu.externaltools.gnu-tools-for-stm32.10.3-2021.10.linux64_1.0.100.202210260954/tools/bin/../lib/gcc/arm-none-eabi/10.3.1/../../../../arm-none-eabi/lib/thumb/v7e-m+fp/hard/libc_nano.a(lib_a-lock.o)
                0x0000000008008216                __retarget_lock_init_recursive
 .text.__retarget_lock_acquire_recursive
                0x0000000008008218        0x2 /opt/st/stm32cubeide_1.11.2/plugins/com.st.stm32cube.ide.mcu.externaltools.gnu-tools-for-stm32.10.3-2021.10.linux64_1.0.100.202210260954/tools/bin/../lib/gcc/arm-none-eabi/10.3.1/../../../../arm-none-eabi/lib/thumb/v7e-m+fp/hard/libc_nano.a(lib_a-lock.o)
                0x0000000008008218                __retarget_lock_acquire_recursive
 .text.__retarget_lock_release_recursive
                0x000000000800821a        0x2 /opt/st/stm32cubeide_1.11.2/plugins/com.st.stm32cube.ide.mcu.externaltools.gnu-tools-for-stm32.10.3-2021.10.linux64_1.0.100.202210260954/tools/bin/../lib/gcc/arm-none-eabi/10.3.1/../../../../arm-none-eabi/lib/thumb/v7e-m+fp/hard/libc_nano.a(lib_a-lock.o)
                0x000000000800821a                __retarget_lock_release_recursive
 .text.sbrk_aligned
                0x000000000800821c       0x40 /opt/st/stm32cubeide_1.11.2/plugins/com.st.stm32cube.ide.mcu.externaltools.gnu-tools-for-stm32.10.3-2021.10.linux64_1.0.100.202210260954/tools/bin/../lib/gcc/arm-none-eabi/10.3.1/../../../../arm-none-eabi/lib/thumb/v7e-m+fp/hard/libc_nano.a(lib_a-nano-mallocr.o)
 .text._malloc_r
                0x000000000800825c       0xe8 /opt/st/stm32cubeide_1.11.2/plugins/com.st.stm32cube.ide.mcu.externaltools.gnu-tools-for-stm32.10.3-2021.10.linux64_1.0.100.202210260954/tools/bin/../lib/gcc/arm-none-eabi/10.3.1/../../../../arm-none-eabi/lib/thumb/v7e-m+fp/hard/libc_nano.a(lib_a-nano-mallocr.o)
                0x000000000800825c                _malloc_r
 .text.__sfputc_r
                0x0000000008008344       0x2e /opt/st/stm32cubeide_1.11.2/plugins/com.st.stm32cube.ide.mcu.externaltools.gnu-tools-for-stm32.10.3-2021.10.linux64_1.0.100.202210260954/tools/bin/../lib/gcc/arm-none-eabi/10.3.1/../../../../arm-none-eabi/lib/thumb/v7e-m+fp/hard/libc_nano.a(lib_a-nano-vfprintf.o)
 .text.__sfputs_r
                0x0000000008008372       0x24 /opt/st/stm32cubeide_1.11.2/plugins/com.st.stm32cube.ide.mcu.externaltools.gnu-tools-for-stm32.10.3-2021.10.linux64_1.0.100.202210260954/tools/bin/../lib/gcc/arm-none-eabi/10.3.1/../../../../arm-none-eabi/lib/thumb/v7e-m+fp/hard/libc_nano.a(lib_a-nano-vfprintf.o)
                0x0000000008008372                __sfputs_r
 *fill*         0x0000000008008396        0x2 
 .text._vfprintf_r
                0x0000000008008398      0x260 /opt/st/stm32cubeide_1.11.2/plugins/com.st.stm32cube.ide.mcu.externaltools.gnu-tools-for-stm32.10.3-2021.10.linux64_1.0.100.202210260954/tools/bin/../lib/gcc/arm-none-eabi/10.3.1/../../../../arm-none-eabi/lib/thumb/v7e-m+fp/hard/libc_nano.a(lib_a-nano-vfprintf.o)
                0x0000000008008398                _vfiprintf_r
                0x0000000008008398                _vfprintf_r
 .text._printf_common
                0x00000000080085f8       0xda /opt/st/stm32cubeide_1.11.2/plugins/com.st.stm32cube.ide.mcu.externaltools.gnu-tools-for-stm32.10.3-2021.10.linux64_1.0.100.202210260954/tools/bin/../lib/gcc/arm-none-eabi/10.3.1/../../../../arm-none-eabi/lib/thumb/v7e-m+fp/hard/libc_nano.a(lib_a-nano-vfprintf_i.o)
                0x00000000080085f8                _printf_common
 *fill*         0x00000000080086d2        0x2 
 .text._printf_i
                0x00000000080086d4      0x24c /opt/st/stm32cubeide_1.11.2/plugins/com.st.stm32cube.ide.mcu.externaltools.gnu-tools-for-stm32.10.3-2021.10.linux64_1.0.100.202210260954/tools/bin/../lib/gcc/arm-none-eabi/10.3.1/../../../../arm-none-eabi/lib/thumb/v7e-m+fp/hard/libc_nano.a(lib_a-nano-vfprintf_i.o)
                0x00000000080086d4                _printf_i
 .text._sbrk_r  0x0000000008008920       0x20 /opt/st/stm32cubeide_1.11.2/plugins/com.st.stm32cube.ide.mcu.externaltools.gnu-tools-for-stm32.10.3-2021.10.linux64_1.0.100.202210260954/tools/bin/../lib/gcc/arm-none-eabi/10.3.1/../../../../arm-none-eabi/lib/thumb/v7e-m+fp/hard/libc_nano.a(lib_a-sbrkr.o)
                0x0000000008008920                _sbrk_r
 .text.__sread  0x0000000008008940       0x22 /opt/st/stm32cubeide_1.11.2/plugins/com.st.stm32cube.ide.mcu.externaltools.gnu-tools-for-stm32.10.3-2021.10.linux64_1.0.100.202210260954/tools/bin/../lib/gcc/arm-none-eabi/10.3.1/../../../../arm-none-eabi/lib/thumb/v7e-m+fp/hard/libc_nano.a(lib_a-stdio.o)
                0x0000000008008940                __sread
 .text.__swrite
                0x0000000008008962       0x38 /opt/st/stm32cubeide_1.11.2/plugins/com.st.stm32cube.ide.mcu.externaltools.gnu-tools-for-stm32.10.3-2021.10.linux64_1.0.100.202210260954/tools/bin/../lib/gcc/arm-none-eabi/10.3.1/../../../../arm-none-eabi/lib/thumb/v7e-m+fp/hard/libc_nano.a(lib_a-stdio.o)
                0x0000000008008962                __swrite
 .text.__sseek  0x000000000800899a       0x24 /opt/st/stm32cubeide_1.11.2/plugins/com.st.stm32cube.ide.mcu.externaltools.gnu-tools-for-stm32.10.3-2021.10.linux64_1.0.100.202210260954/tools/bin/../lib/gcc/arm-none-eabi/10.3.1/../../../../arm-none-eabi/lib/thumb/v7e-m+fp/hard/libc_nano.a(lib_a-stdio.o)
                0x000000000800899a                __sseek
 .text.__sclose
                0x00000000080089be        0x8 /opt/st/stm32cubeide_1.11.2/plugins/com.st.stm32cube.ide.mcu.externaltools.gnu-tools-for-stm32.10.3-2021.10.linux64_1.0.100.202210260954/tools/bin/../lib/gcc/arm-none-eabi/10.3.1/../../../../arm-none-eabi/lib/thumb/v7e-m+fp/hard/libc_nano.a(lib_a-stdio.o)
                0x00000000080089be                __sclose
 *fill*         0x00000000080089c6        0x2 
 .text.__swbuf_r
                0x00000000080089c8       0xa4 /opt/st/stm32cubeide_1.11.2/plugins/com.st.stm32cube.ide.mcu.externaltools.gnu-tools-for-stm32.10.3-2021.10.linux64_1.0.100.202210260954/tools/bin/../lib/gcc/arm-none-eabi/10.3.1/../../../../arm-none-eabi/lib/thumb/v7e-m+fp/hard/libc_nano.a(lib_a-wbuf.o)
                0x00000000080089c8                __swbuf_r
 .text._write_r
                0x0000000008008a6c       0x24 /opt/st/stm32cubeide_1.11.2/plugins/com.st.stm32cube.ide.mcu.externaltools.gnu-tools-for-stm32.10.3-2021.10.linux64_1.0.100.202210260954/tools/bin/../lib/gcc/arm-none-eabi/10.3.1/../../../../arm-none-eabi/lib/thumb/v7e-m+fp/hard/libc_nano.a(lib_a-writer.o)
                0x0000000008008a6c                _write_r
 .text.__swsetup_r
                0x0000000008008a90       0xdc /opt/st/stm32cubeide_1.11.2/plugins/com.st.stm32cube.ide.mcu.externaltools.gnu-tools-for-stm32.10.3-2021.10.linux64_1.0.100.202210260954/tools/bin/../lib/gcc/arm-none-eabi/10.3.1/../../../../arm-none-eabi/lib/thumb/v7e-m+fp/hard/libc_nano.a(lib_a-wsetup.o)
                0x0000000008008a90                __swsetup_r
 .text._close_r
                0x0000000008008b6c       0x20 /opt/st/stm32cubeide_1.11.2/plugins/com.st.stm32cube.ide.mcu.externaltools.gnu-tools-for-stm32.10.3-2021.10.linux64_1.0.100.202210260954/tools/bin/../lib/gcc/arm-none-eabi/10.3.1/../../../../arm-none-eabi/lib/thumb/v7e-m+fp/hard/libc_nano.a(lib_a-closer.o)
                0x0000000008008b6c                _close_r
 .text.__sflush_r
                0x0000000008008b8c      0x10c /opt/st/stm32cubeide_1.11.2/plugins/com.st.stm32cube.ide.mcu.externaltools.gnu-tools-for-stm32.10.3-2021.10.linux64_1.0.100.202210260954/tools/bin/../lib/gcc/arm-none-eabi/10.3.1/../../../../arm-none-eabi/lib/thumb/v7e-m+fp/hard/libc_nano.a(lib_a-fflush.o)
                0x0000000008008b8c                __sflush_r
 .text._fflush_r
                0x0000000008008c98       0x78 /opt/st/stm32cubeide_1.11.2/plugins/com.st.stm32cube.ide.mcu.externaltools.gnu-tools-for-stm32.10.3-2021.10.linux64_1.0.100.202210260954/tools/bin/../lib/gcc/arm-none-eabi/10.3.1/../../../../arm-none-eabi/lib/thumb/v7e-m+fp/hard/libc_nano.a(lib_a-fflush.o)
                0x0000000008008c98                _fflush_r
 .text._lseek_r
                0x0000000008008d10       0x24 /opt/st/stm32cubeide_1.11.2/plugins/com.st.stm32cube.ide.mcu.externaltools.gnu-tools-for-stm32.10.3-2021.10.linux64_1.0.100.202210260954/tools/bin/../lib/gcc/arm-none-eabi/10.3.1/../../../../arm-none-eabi/lib/thumb/v7e-m+fp/hard/libc_nano.a(lib_a-lseekr.o)
                0x0000000008008d10                _lseek_r
 .text.__swhatbuf_r
                0x0000000008008d34       0x4a /opt/st/stm32cubeide_1.11.2/plugins/com.st.stm32cube.ide.mcu.externaltools.gnu-tools-for-stm32.10.3-2021.10.linux64_1.0.100.202210260954/tools/bin/../lib/gcc/arm-none-eabi/10.3.1/../../../../arm-none-eabi/lib/thumb/v7e-m+fp/hard/libc_nano.a(lib_a-makebuf.o)
                0x0000000008008d34                __swhatbuf_r
 *fill*         0x0000000008008d7e        0x2 
 .text.__smakebuf_r
                0x0000000008008d80       0x80 /opt/st/stm32cubeide_1.11.2/plugins/com.st.stm32cube.ide.mcu.externaltools.gnu-tools-for-stm32.10.3-2021.10.linux64_1.0.100.202210260954/tools/bin/../lib/gcc/arm-none-eabi/10.3.1/../../../../arm-none-eabi/lib/thumb/v7e-m+fp/hard/libc_nano.a(lib_a-makebuf.o)
                0x0000000008008d80                __smakebuf_r
 .text.__malloc_lock
                0x0000000008008e00        0xc /opt/st/stm32cubeide_1.11.2/plugins/com.st.stm32cube.ide.mcu.externaltools.gnu-tools-for-stm32.10.3-2021.10.linux64_1.0.100.202210260954/tools/bin/../lib/gcc/arm-none-eabi/10.3.1/../../../../arm-none-eabi/lib/thumb/v7e-m+fp/hard/libc_nano.a(lib_a-mlock.o)
                0x0000000008008e00                __malloc_lock
 .text.__malloc_unlock
                0x0000000008008e0c        0xc /opt/st/stm32cubeide_1.11.2/plugins/com.st.stm32cube.ide.mcu.externaltools.gnu-tools-for-stm32.10.3-2021.10.linux64_1.0.100.202210260954/tools/bin/../lib/gcc/arm-none-eabi/10.3.1/../../../../arm-none-eabi/lib/thumb/v7e-m+fp/hard/libc_nano.a(lib_a-mlock.o)
                0x0000000008008e0c                __malloc_unlock
 .text._free_r  0x0000000008008e18       0x98 /opt/st/stm32cubeide_1.11.2/plugins/com.st.stm32cube.ide.mcu.externaltools.gnu-tools-for-stm32.10.3-2021.10.linux64_1.0.100.202210260954/tools/bin/../lib/gcc/arm-none-eabi/10.3.1/../../../../arm-none-eabi/lib/thumb/v7e-m+fp/hard/libc_nano.a(lib_a-nano-freer.o)
                0x0000000008008e18                _free_r
 .text._read_r  0x0000000008008eb0       0x24 /opt/st/stm32cubeide_1.11.2/plugins/com.st.stm32cube.ide.mcu.externaltools.gnu-tools-for-stm32.10.3-2021.10.linux64_1.0.100.202210260954/tools/bin/../lib/gcc/arm-none-eabi/10.3.1/../../../../arm-none-eabi/lib/thumb/v7e-m+fp/hard/libc_nano.a(lib_a-readr.o)
                0x0000000008008eb0                _read_r
 .text._fstat_r
                0x0000000008008ed4       0x24 /opt/st/stm32cubeide_1.11.2/plugins/com.st.stm32cube.ide.mcu.externaltools.gnu-tools-for-stm32.10.3-2021.10.linux64_1.0.100.202210260954/tools/bin/../lib/gcc/arm-none-eabi/10.3.1/../../../../arm-none-eabi/lib/thumb/v7e-m+fp/hard/libc_nano.a(lib_a-fstatr.o)
                0x0000000008008ed4                _fstat_r
 .text._isatty_r
                0x0000000008008ef8       0x20 /opt/st/stm32cubeide_1.11.2/plugins/com.st.stm32cube.ide.mcu.externaltools.gnu-tools-for-stm32.10.3-2021.10.linux64_1.0.100.202210260954/tools/bin/../lib/gcc/arm-none-eabi/10.3.1/../../../../arm-none-eabi/lib/thumb/v7e-m+fp/hard/libc_nano.a(lib_a-isattyr.o)
                0x0000000008008ef8                _isatty_r
 *(.glue_7)
 .glue_7        0x0000000008008f18        0x0 linker stubs
 *(.glue_7t)
 .glue_7t       0x0000000008008f18        0x0 linker stubs
 *(.eh_frame)
 .eh_frame      0x0000000008008f18        0x0 /opt/st/stm32cubeide_1.11.2/plugins/com.st.stm32cube.ide.mcu.externaltools.gnu-tools-for-stm32.10.3-2021.10.linux64_1.0.100.202210260954/tools/bin/../lib/gcc/arm-none-eabi/10.3.1/thumb/v7e-m+fp/hard/crtbegin.o
 *(.init)
 .init          0x0000000008008f18        0x4 /opt/st/stm32cubeide_1.11.2/plugins/com.st.stm32cube.ide.mcu.externaltools.gnu-tools-for-stm32.10.3-2021.10.linux64_1.0.100.202210260954/tools/bin/../lib/gcc/arm-none-eabi/10.3.1/thumb/v7e-m+fp/hard/crti.o
                0x0000000008008f18                _init
 .init          0x0000000008008f1c        0x8 /opt/st/stm32cubeide_1.11.2/plugins/com.st.stm32cube.ide.mcu.externaltools.gnu-tools-for-stm32.10.3-2021.10.linux64_1.0.100.202210260954/tools/bin/../lib/gcc/arm-none-eabi/10.3.1/thumb/v7e-m+fp/hard/crtn.o
 *(.fini)
 .fini          0x0000000008008f24        0x4 /opt/st/stm32cubeide_1.11.2/plugins/com.st.stm32cube.ide.mcu.externaltools.gnu-tools-for-stm32.10.3-2021.10.linux64_1.0.100.202210260954/tools/bin/../lib/gcc/arm-none-eabi/10.3.1/thumb/v7e-m+fp/hard/crti.o
                0x0000000008008f24                _fini
 .fini          0x0000000008008f28        0x8 /opt/st/stm32cubeide_1.11.2/plugins/com.st.stm32cube.ide.mcu.externaltools.gnu-tools-for-stm32.10.3-2021.10.linux64_1.0.100.202210260954/tools/bin/../lib/gcc/arm-none-eabi/10.3.1/thumb/v7e-m+fp/hard/crtn.o
                0x0000000008008f30                . = ALIGN (0x4)
                0x0000000008008f30                _etext = .

.vfp11_veneer   0x0000000008008f30        0x0
 .vfp11_veneer  0x0000000008008f30        0x0 linker stubs

.v4_bx          0x0000000008008f30        0x0
 .v4_bx         0x0000000008008f30        0x0 linker stubs

.iplt           0x0000000008008f30        0x0
 .iplt          0x0000000008008f30        0x0 /opt/st/stm32cubeide_1.11.2/plugins/com.st.stm32cube.ide.mcu.externaltools.gnu-tools-for-stm32.10.3-2021.10.linux64_1.0.100.202210260954/tools/bin/../lib/gcc/arm-none-eabi/10.3.1/thumb/v7e-m+fp/hard/crtbegin.o

.rodata         0x0000000008008f30      0x27c
                0x0000000008008f30                . = ALIGN (0x4)
 *(.rodata)
 .rodata        0x0000000008008f30       0xad ./Core/Src/projet_final.o
 *fill*         0x0000000008008fdd        0x3 
 .rodata        0x0000000008008fe0        0x5 ./Middlewares/Third_Party/FreeRTOS/Source/tasks.o
 *fill*         0x0000000008008fe5        0x3 
 .rodata        0x0000000008008fe8        0xd ./Middlewares/Third_Party/FreeRTOS/Source/timers.o
 *(.rodata*)
 *fill*         0x0000000008008ff5        0x3 
 .rodata.AHBPrescTable
                0x0000000008008ff8       0x10 ./Core/Src/system_stm32f4xx.o
                0x0000000008008ff8                AHBPrescTable
 .rodata.APBPrescTable
                0x0000000008009008        0x8 ./Core/Src/system_stm32f4xx.o
                0x0000000008009008                APBPrescTable
 .rodata._global_impure_ptr
                0x0000000008009010        0x4 /opt/st/stm32cubeide_1.11.2/plugins/com.st.stm32cube.ide.mcu.externaltools.gnu-tools-for-stm32.10.3-2021.10.linux64_1.0.100.202210260954/tools/bin/../lib/gcc/arm-none-eabi/10.3.1/../../../../arm-none-eabi/lib/thumb/v7e-m+fp/hard/libc_nano.a(lib_a-impure.o)
                0x0000000008009010                _global_impure_ptr
 .rodata._ctype_
                0x0000000008009014      0x101 /opt/st/stm32cubeide_1.11.2/plugins/com.st.stm32cube.ide.mcu.externaltools.gnu-tools-for-stm32.10.3-2021.10.linux64_1.0.100.202210260954/tools/bin/../lib/gcc/arm-none-eabi/10.3.1/../../../../arm-none-eabi/lib/thumb/v7e-m+fp/hard/libc_nano.a(lib_a-ctype_.o)
                0x0000000008009014                _ctype_
 *fill*         0x0000000008009115        0x3 
 .rodata.__sf_fake_stderr
                0x0000000008009118       0x20 /opt/st/stm32cubeide_1.11.2/plugins/com.st.stm32cube.ide.mcu.externaltools.gnu-tools-for-stm32.10.3-2021.10.linux64_1.0.100.202210260954/tools/bin/../lib/gcc/arm-none-eabi/10.3.1/../../../../arm-none-eabi/lib/thumb/v7e-m+fp/hard/libc_nano.a(lib_a-findfp.o)
                0x0000000008009118                __sf_fake_stderr
 .rodata.__sf_fake_stdin
                0x0000000008009138       0x20 /opt/st/stm32cubeide_1.11.2/plugins/com.st.stm32cube.ide.mcu.externaltools.gnu-tools-for-stm32.10.3-2021.10.linux64_1.0.100.202210260954/tools/bin/../lib/gcc/arm-none-eabi/10.3.1/../../../../arm-none-eabi/lib/thumb/v7e-m+fp/hard/libc_nano.a(lib_a-findfp.o)
                0x0000000008009138                __sf_fake_stdin
 .rodata.__sf_fake_stdout
                0x0000000008009158       0x20 /opt/st/stm32cubeide_1.11.2/plugins/com.st.stm32cube.ide.mcu.externaltools.gnu-tools-for-stm32.10.3-2021.10.linux64_1.0.100.202210260954/tools/bin/../lib/gcc/arm-none-eabi/10.3.1/../../../../arm-none-eabi/lib/thumb/v7e-m+fp/hard/libc_nano.a(lib_a-findfp.o)
                0x0000000008009158                __sf_fake_stdout
 .rodata._vfprintf_r.str1.1
                0x0000000008009178       0x11 /opt/st/stm32cubeide_1.11.2/plugins/com.st.stm32cube.ide.mcu.externaltools.gnu-tools-for-stm32.10.3-2021.10.linux64_1.0.100.202210260954/tools/bin/../lib/gcc/arm-none-eabi/10.3.1/../../../../arm-none-eabi/lib/thumb/v7e-m+fp/hard/libc_nano.a(lib_a-nano-vfprintf.o)
 .rodata._printf_i.str1.1
                0x0000000008009189       0x22 /opt/st/stm32cubeide_1.11.2/plugins/com.st.stm32cube.ide.mcu.externaltools.gnu-tools-for-stm32.10.3-2021.10.linux64_1.0.100.202210260954/tools/bin/../lib/gcc/arm-none-eabi/10.3.1/../../../../arm-none-eabi/lib/thumb/v7e-m+fp/hard/libc_nano.a(lib_a-nano-vfprintf_i.o)
                0x00000000080091ac                . = ALIGN (0x4)
 *fill*         0x00000000080091ab        0x1 

.ARM.extab      0x00000000080091ac        0x0
                0x00000000080091ac                . = ALIGN (0x4)
 *(.ARM.extab* .gnu.linkonce.armextab.*)
                0x00000000080091ac                . = ALIGN (0x4)

.ARM            0x00000000080091ac        0x8
                0x00000000080091ac                . = ALIGN (0x4)
                0x00000000080091ac                __exidx_start = .
 *(.ARM.exidx*)
 .ARM.exidx     0x00000000080091ac        0x8 /opt/st/stm32cubeide_1.11.2/plugins/com.st.stm32cube.ide.mcu.externaltools.gnu-tools-for-stm32.10.3-2021.10.linux64_1.0.100.202210260954/tools/bin/../lib/gcc/arm-none-eabi/10.3.1/thumb/v7e-m+fp/hard/libgcc.a(_udivmoddi4.o)
                0x00000000080091b4                __exidx_end = .
                0x00000000080091b4                . = ALIGN (0x4)

.rel.dyn        0x00000000080091b4        0x0
 .rel.iplt      0x00000000080091b4        0x0 /opt/st/stm32cubeide_1.11.2/plugins/com.st.stm32cube.ide.mcu.externaltools.gnu-tools-for-stm32.10.3-2021.10.linux64_1.0.100.202210260954/tools/bin/../lib/gcc/arm-none-eabi/10.3.1/thumb/v7e-m+fp/hard/crtbegin.o

.preinit_array  0x00000000080091b4        0x0
                0x00000000080091b4                . = ALIGN (0x4)
                0x00000000080091b4                PROVIDE (__preinit_array_start = .)
 *(.preinit_array*)
                0x00000000080091b4                PROVIDE (__preinit_array_end = .)
                0x00000000080091b4                . = ALIGN (0x4)

.init_array     0x00000000080091b4        0x4
                0x00000000080091b4                . = ALIGN (0x4)
                0x00000000080091b4                PROVIDE (__init_array_start = .)
 *(SORT_BY_NAME(.init_array.*))
 *(.init_array*)
 .init_array    0x00000000080091b4        0x4 /opt/st/stm32cubeide_1.11.2/plugins/com.st.stm32cube.ide.mcu.externaltools.gnu-tools-for-stm32.10.3-2021.10.linux64_1.0.100.202210260954/tools/bin/../lib/gcc/arm-none-eabi/10.3.1/thumb/v7e-m+fp/hard/crtbegin.o
                0x00000000080091b8                PROVIDE (__init_array_end = .)
                0x00000000080091b8                . = ALIGN (0x4)

.fini_array     0x00000000080091b8        0x4
                0x00000000080091b8                . = ALIGN (0x4)
                [!provide]                        PROVIDE (__fini_array_start = .)
 *(SORT_BY_NAME(.fini_array.*))
 *(.fini_array*)
 .fini_array    0x00000000080091b8        0x4 /opt/st/stm32cubeide_1.11.2/plugins/com.st.stm32cube.ide.mcu.externaltools.gnu-tools-for-stm32.10.3-2021.10.linux64_1.0.100.202210260954/tools/bin/../lib/gcc/arm-none-eabi/10.3.1/thumb/v7e-m+fp/hard/crtbegin.o
                [!provide]                        PROVIDE (__fini_array_end = .)
                0x00000000080091bc                . = ALIGN (0x4)
                0x00000000080091bc                _sidata = LOADADDR (.data)

.data           0x0000000020000000      0x138 load address 0x00000000080091bc
                0x0000000020000000                . = ALIGN (0x4)
                0x0000000020000000                _sdata = .
 *(.data)
 *(.data*)
 .data.period_sensor_1
                0x0000000020000000        0x4 ./Core/Src/projet_final.o
                0x0000000020000000                period_sensor_1
 .data.period_sensor_2
                0x0000000020000004        0x4 ./Core/Src/projet_final.o
                0x0000000020000004                period_sensor_2
 .data.period_sensor_3
                0x0000000020000008        0x4 ./Core/Src/projet_final.o
                0x0000000020000008                period_sensor_3
 .data.period_send_data
                0x000000002000000c        0x4 ./Core/Src/projet_final.o
                0x000000002000000c                period_send_data
 .data.Config_Thread_Sensor_1
                0x0000000020000010       0x24 ./Core/Src/projet_final.o
                0x0000000020000010                Config_Thread_Sensor_1
 .data.Config_Thread_Sensor_2
                0x0000000020000034       0x24 ./Core/Src/projet_final.o
                0x0000000020000034                Config_Thread_Sensor_2
 .data.Config_Thread_Sensor_3
                0x0000000020000058       0x24 ./Core/Src/projet_final.o
                0x0000000020000058                Config_Thread_Sensor_3
 .data.Config_Thread_Send
                0x000000002000007c       0x24 ./Core/Src/projet_final.o
                0x000000002000007c                Config_Thread_Send
 .data.Config_Thread_Watch_Queue
                0x00000000200000a0       0x24 ./Core/Src/projet_final.o
                0x00000000200000a0                Config_Thread_Watch_Queue
 .data.SystemCoreClock
                0x00000000200000c4        0x4 ./Core/Src/system_stm32f4xx.o
                0x00000000200000c4                SystemCoreClock
 .data.uwTickPrio
                0x00000000200000c8        0x4 ./Drivers/STM32F4xx_HAL_Driver/Src/stm32f4xx_hal.o
                0x00000000200000c8                uwTickPrio
 .data.uwTickFreq
                0x00000000200000cc        0x1 ./Drivers/STM32F4xx_HAL_Driver/Src/stm32f4xx_hal.o
                0x00000000200000cc                uwTickFreq
 *fill*         0x00000000200000cd        0x3 
 .data.uxCriticalNesting
                0x00000000200000d0        0x4 ./Middlewares/Third_Party/FreeRTOS/Source/portable/GCC/ARM_CM4F/port.o
 .data._impure_ptr
                0x00000000200000d4        0x4 /opt/st/stm32cubeide_1.11.2/plugins/com.st.stm32cube.ide.mcu.externaltools.gnu-tools-for-stm32.10.3-2021.10.linux64_1.0.100.202210260954/tools/bin/../lib/gcc/arm-none-eabi/10.3.1/../../../../arm-none-eabi/lib/thumb/v7e-m+fp/hard/libc_nano.a(lib_a-impure.o)
                0x00000000200000d4                _impure_ptr
 .data.impure_data
                0x00000000200000d8       0x60 /opt/st/stm32cubeide_1.11.2/plugins/com.st.stm32cube.ide.mcu.externaltools.gnu-tools-for-stm32.10.3-2021.10.linux64_1.0.100.202210260954/tools/bin/../lib/gcc/arm-none-eabi/10.3.1/../../../../arm-none-eabi/lib/thumb/v7e-m+fp/hard/libc_nano.a(lib_a-impure.o)
 *(.RamFunc)
 *(.RamFunc*)
                0x0000000020000138                . = ALIGN (0x4)
                0x0000000020000138                _edata = .

.igot.plt       0x0000000020000138        0x0 load address 0x00000000080092f4
 .igot.plt      0x0000000020000138        0x0 /opt/st/stm32cubeide_1.11.2/plugins/com.st.stm32cube.ide.mcu.externaltools.gnu-tools-for-stm32.10.3-2021.10.linux64_1.0.100.202210260954/tools/bin/../lib/gcc/arm-none-eabi/10.3.1/thumb/v7e-m+fp/hard/crtbegin.o
                0x0000000020000138                . = ALIGN (0x4)

.bss            0x0000000020000138     0x4ac8 load address 0x00000000080092f4
                0x0000000020000138                _sbss = .
                0x0000000020000138                __bss_start__ = _sbss
 *(.bss)
 .bss           0x0000000020000138       0x1c /opt/st/stm32cubeide_1.11.2/plugins/com.st.stm32cube.ide.mcu.externaltools.gnu-tools-for-stm32.10.3-2021.10.linux64_1.0.100.202210260954/tools/bin/../lib/gcc/arm-none-eabi/10.3.1/thumb/v7e-m+fp/hard/crtbegin.o
 *(.bss*)
 .bss.hadc1     0x0000000020000154       0x48 ./Core/Src/adc.o
                0x0000000020000154                hadc1
 .bss.receive_buffer
                0x000000002000019c       0x1e ./Core/Src/projet_final.o
                0x000000002000019c                receive_buffer
 *fill*         0x00000000200001ba        0x2 
 .bss.state_config
                0x00000000200001bc        0x4 ./Core/Src/projet_final.o
                0x00000000200001bc                state_config
 .bss.PERIOD    0x00000000200001c0       0x10 ./Core/Src/projet_final.o
                0x00000000200001c0                PERIOD
 .bss.Pipe_Reception_Analyse
                0x00000000200001d0        0x4 ./Core/Src/projet_final.o
                0x00000000200001d0                Pipe_Reception_Analyse
 .bss.Thread_Send_Data
                0x00000000200001d4        0x4 ./Core/Src/projet_final.o
                0x00000000200001d4                Thread_Send_Data
 .bss.Thread_Watch_Queue
                0x00000000200001d8        0x4 ./Core/Src/projet_final.o
                0x00000000200001d8                Thread_Watch_Queue
 .bss.hrng      0x00000000200001dc       0x10 ./Core/Src/rng.o
                0x00000000200001dc                hrng
 .bss.hrtc      0x00000000200001ec       0x20 ./Core/Src/rtc.o
                0x00000000200001ec                hrtc
 .bss.htim6     0x000000002000020c       0x48 ./Core/Src/stm32f4xx_hal_timebase_tim.o
                0x000000002000020c                htim6
 .bss.__sbrk_heap_end
                0x0000000020000254        0x4 ./Core/Src/sysmem.o
 .bss.huart2    0x0000000020000258       0x44 ./Core/Src/usart.o
                0x0000000020000258                huart2
 .bss.uwTick    0x000000002000029c        0x4 ./Drivers/STM32F4xx_HAL_Driver/Src/stm32f4xx_hal.o
                0x000000002000029c                uwTick
 .bss.KernelState
                0x00000000200002a0        0x4 ./Middlewares/Third_Party/FreeRTOS/Source/CMSIS_RTOS_V2/cmsis_os2.o
 .bss.Idle_TCB.3
                0x00000000200002a4       0x5c ./Middlewares/Third_Party/FreeRTOS/Source/CMSIS_RTOS_V2/cmsis_os2.o
 .bss.Idle_Stack.2
                0x0000000020000300      0x200 ./Middlewares/Third_Party/FreeRTOS/Source/CMSIS_RTOS_V2/cmsis_os2.o
 .bss.Timer_TCB.1
                0x0000000020000500       0x5c ./Middlewares/Third_Party/FreeRTOS/Source/CMSIS_RTOS_V2/cmsis_os2.o
 .bss.Timer_Stack.0
                0x000000002000055c      0x400 ./Middlewares/Third_Party/FreeRTOS/Source/CMSIS_RTOS_V2/cmsis_os2.o
 .bss.xQueueRegistry
                0x000000002000095c       0x40 ./Middlewares/Third_Party/FreeRTOS/Source/queue.o
                0x000000002000095c                xQueueRegistry
 .bss.pxCurrentTCB
                0x000000002000099c        0x4 ./Middlewares/Third_Party/FreeRTOS/Source/tasks.o
                0x000000002000099c                pxCurrentTCB
 .bss.pxReadyTasksLists
                0x00000000200009a0      0x460 ./Middlewares/Third_Party/FreeRTOS/Source/tasks.o
 .bss.xDelayedTaskList1
                0x0000000020000e00       0x14 ./Middlewares/Third_Party/FreeRTOS/Source/tasks.o
 .bss.xDelayedTaskList2
                0x0000000020000e14       0x14 ./Middlewares/Third_Party/FreeRTOS/Source/tasks.o
 .bss.pxDelayedTaskList
                0x0000000020000e28        0x4 ./Middlewares/Third_Party/FreeRTOS/Source/tasks.o
 .bss.pxOverflowDelayedTaskList
                0x0000000020000e2c        0x4 ./Middlewares/Third_Party/FreeRTOS/Source/tasks.o
 .bss.xPendingReadyList
                0x0000000020000e30       0x14 ./Middlewares/Third_Party/FreeRTOS/Source/tasks.o
 .bss.xTasksWaitingTermination
                0x0000000020000e44       0x14 ./Middlewares/Third_Party/FreeRTOS/Source/tasks.o
 .bss.uxDeletedTasksWaitingCleanUp
                0x0000000020000e58        0x4 ./Middlewares/Third_Party/FreeRTOS/Source/tasks.o
 .bss.xSuspendedTaskList
                0x0000000020000e5c       0x14 ./Middlewares/Third_Party/FreeRTOS/Source/tasks.o
 .bss.uxCurrentNumberOfTasks
                0x0000000020000e70        0x4 ./Middlewares/Third_Party/FreeRTOS/Source/tasks.o
 .bss.xTickCount
                0x0000000020000e74        0x4 ./Middlewares/Third_Party/FreeRTOS/Source/tasks.o
 .bss.uxTopReadyPriority
                0x0000000020000e78        0x4 ./Middlewares/Third_Party/FreeRTOS/Source/tasks.o
 .bss.xSchedulerRunning
                0x0000000020000e7c        0x4 ./Middlewares/Third_Party/FreeRTOS/Source/tasks.o
 .bss.xPendedTicks
                0x0000000020000e80        0x4 ./Middlewares/Third_Party/FreeRTOS/Source/tasks.o
 .bss.xYieldPending
                0x0000000020000e84        0x4 ./Middlewares/Third_Party/FreeRTOS/Source/tasks.o
 .bss.xNumOfOverflows
                0x0000000020000e88        0x4 ./Middlewares/Third_Party/FreeRTOS/Source/tasks.o
 .bss.uxTaskNumber
                0x0000000020000e8c        0x4 ./Middlewares/Third_Party/FreeRTOS/Source/tasks.o
 .bss.xNextTaskUnblockTime
                0x0000000020000e90        0x4 ./Middlewares/Third_Party/FreeRTOS/Source/tasks.o
 .bss.xIdleTaskHandle
                0x0000000020000e94        0x4 ./Middlewares/Third_Party/FreeRTOS/Source/tasks.o
 .bss.uxSchedulerSuspended
                0x0000000020000e98        0x4 ./Middlewares/Third_Party/FreeRTOS/Source/tasks.o
 .bss.xActiveTimerList1
                0x0000000020000e9c       0x14 ./Middlewares/Third_Party/FreeRTOS/Source/timers.o
 .bss.xActiveTimerList2
                0x0000000020000eb0       0x14 ./Middlewares/Third_Party/FreeRTOS/Source/timers.o
 .bss.pxCurrentTimerList
                0x0000000020000ec4        0x4 ./Middlewares/Third_Party/FreeRTOS/Source/timers.o
 .bss.pxOverflowTimerList
                0x0000000020000ec8        0x4 ./Middlewares/Third_Party/FreeRTOS/Source/timers.o
 .bss.xTimerQueue
                0x0000000020000ecc        0x4 ./Middlewares/Third_Party/FreeRTOS/Source/timers.o
 .bss.xTimerTaskHandle
                0x0000000020000ed0        0x4 ./Middlewares/Third_Party/FreeRTOS/Source/timers.o
 .bss.xLastTime.2
                0x0000000020000ed4        0x4 ./Middlewares/Third_Party/FreeRTOS/Source/timers.o
 .bss.ucStaticTimerQueueStorage.1
                0x0000000020000ed8       0xa0 ./Middlewares/Third_Party/FreeRTOS/Source/timers.o
 .bss.xStaticTimerQueue.0
                0x0000000020000f78       0x50 ./Middlewares/Third_Party/FreeRTOS/Source/timers.o
 .bss.ucMaxSysCallPriority
                0x0000000020000fc8        0x1 ./Middlewares/Third_Party/FreeRTOS/Source/portable/GCC/ARM_CM4F/port.o
 *fill*         0x0000000020000fc9        0x3 
 .bss.ulMaxPRIGROUPValue
                0x0000000020000fcc        0x4 ./Middlewares/Third_Party/FreeRTOS/Source/portable/GCC/ARM_CM4F/port.o
 .bss.ucHeap    0x0000000020000fd0     0x3c00 ./Middlewares/Third_Party/FreeRTOS/Source/portable/MemMang/heap_4.o
 .bss.xStart    0x0000000020004bd0        0x8 ./Middlewares/Third_Party/FreeRTOS/Source/portable/MemMang/heap_4.o
 .bss.pxEnd     0x0000000020004bd8        0x4 ./Middlewares/Third_Party/FreeRTOS/Source/portable/MemMang/heap_4.o
 .bss.xFreeBytesRemaining
                0x0000000020004bdc        0x4 ./Middlewares/Third_Party/FreeRTOS/Source/portable/MemMang/heap_4.o
 .bss.xMinimumEverFreeBytesRemaining
                0x0000000020004be0        0x4 ./Middlewares/Third_Party/FreeRTOS/Source/portable/MemMang/heap_4.o
 .bss.xNumberOfSuccessfulAllocations
                0x0000000020004be4        0x4 ./Middlewares/Third_Party/FreeRTOS/Source/portable/MemMang/heap_4.o
 .bss.xNumberOfSuccessfulFrees
                0x0000000020004be8        0x4 ./Middlewares/Third_Party/FreeRTOS/Source/portable/MemMang/heap_4.o
 .bss.xBlockAllocatedBit
                0x0000000020004bec        0x4 ./Middlewares/Third_Party/FreeRTOS/Source/portable/MemMang/heap_4.o
 .bss.__lock___malloc_recursive_mutex
                0x0000000020004bf0        0x1 /opt/st/stm32cubeide_1.11.2/plugins/com.st.stm32cube.ide.mcu.externaltools.gnu-tools-for-stm32.10.3-2021.10.linux64_1.0.100.202210260954/tools/bin/../lib/gcc/arm-none-eabi/10.3.1/../../../../arm-none-eabi/lib/thumb/v7e-m+fp/hard/libc_nano.a(lib_a-lock.o)
                0x0000000020004bf0                __lock___malloc_recursive_mutex
 .bss.__lock___sfp_recursive_mutex
                0x0000000020004bf1        0x1 /opt/st/stm32cubeide_1.11.2/plugins/com.st.stm32cube.ide.mcu.externaltools.gnu-tools-for-stm32.10.3-2021.10.linux64_1.0.100.202210260954/tools/bin/../lib/gcc/arm-none-eabi/10.3.1/../../../../arm-none-eabi/lib/thumb/v7e-m+fp/hard/libc_nano.a(lib_a-lock.o)
                0x0000000020004bf1                __lock___sfp_recursive_mutex
 .bss.__lock___sinit_recursive_mutex
                0x0000000020004bf2        0x1 /opt/st/stm32cubeide_1.11.2/plugins/com.st.stm32cube.ide.mcu.externaltools.gnu-tools-for-stm32.10.3-2021.10.linux64_1.0.100.202210260954/tools/bin/../lib/gcc/arm-none-eabi/10.3.1/../../../../arm-none-eabi/lib/thumb/v7e-m+fp/hard/libc_nano.a(lib_a-lock.o)
                0x0000000020004bf2                __lock___sinit_recursive_mutex
 *fill*         0x0000000020004bf3        0x1 
 .bss.__malloc_free_list
                0x0000000020004bf4        0x4 /opt/st/stm32cubeide_1.11.2/plugins/com.st.stm32cube.ide.mcu.externaltools.gnu-tools-for-stm32.10.3-2021.10.linux64_1.0.100.202210260954/tools/bin/../lib/gcc/arm-none-eabi/10.3.1/../../../../arm-none-eabi/lib/thumb/v7e-m+fp/hard/libc_nano.a(lib_a-nano-mallocr.o)
                0x0000000020004bf4                __malloc_free_list
 .bss.__malloc_sbrk_start
                0x0000000020004bf8        0x4 /opt/st/stm32cubeide_1.11.2/plugins/com.st.stm32cube.ide.mcu.externaltools.gnu-tools-for-stm32.10.3-2021.10.linux64_1.0.100.202210260954/tools/bin/../lib/gcc/arm-none-eabi/10.3.1/../../../../arm-none-eabi/lib/thumb/v7e-m+fp/hard/libc_nano.a(lib_a-nano-mallocr.o)
                0x0000000020004bf8                __malloc_sbrk_start
 .bss.errno     0x0000000020004bfc        0x4 /opt/st/stm32cubeide_1.11.2/plugins/com.st.stm32cube.ide.mcu.externaltools.gnu-tools-for-stm32.10.3-2021.10.linux64_1.0.100.202210260954/tools/bin/../lib/gcc/arm-none-eabi/10.3.1/../../../../arm-none-eabi/lib/thumb/v7e-m+fp/hard/libc_nano.a(lib_a-reent.o)
                0x0000000020004bfc                errno
 *(COMMON)
                0x0000000020004c00                . = ALIGN (0x4)
                0x0000000020004c00                _ebss = .
                0x0000000020004c00                __bss_end__ = _ebss

._user_heap_stack
                0x0000000020004c00      0x600 load address 0x00000000080092f4
                0x0000000020004c00                . = ALIGN (0x8)
                [!provide]                        PROVIDE (end = .)
                0x0000000020004c00                PROVIDE (_end = .)
                0x0000000020004e00                . = (. + _Min_Heap_Size)
 *fill*         0x0000000020004c00      0x200 
                0x0000000020005200                . = (. + _Min_Stack_Size)
 *fill*         0x0000000020004e00      0x400 
                0x0000000020005200                . = ALIGN (0x8)

/DISCARD/
 libc.a(*)
 libm.a(*)
 libgcc.a(*)

.ARM.attributes
                0x0000000000000000       0x30
 *(.ARM.attributes)
 .ARM.attributes
                0x0000000000000000       0x1e /opt/st/stm32cubeide_1.11.2/plugins/com.st.stm32cube.ide.mcu.externaltools.gnu-tools-for-stm32.10.3-2021.10.linux64_1.0.100.202210260954/tools/bin/../lib/gcc/arm-none-eabi/10.3.1/thumb/v7e-m+fp/hard/crti.o
 .ARM.attributes
                0x000000000000001e       0x34 /opt/st/stm32cubeide_1.11.2/plugins/com.st.stm32cube.ide.mcu.externaltools.gnu-tools-for-stm32.10.3-2021.10.linux64_1.0.100.202210260954/tools/bin/../lib/gcc/arm-none-eabi/10.3.1/thumb/v7e-m+fp/hard/crtbegin.o
 .ARM.attributes
                0x0000000000000052       0x34 ./Core/Src/adc.o
 .ARM.attributes
                0x0000000000000086       0x34 ./Core/Src/gpio.o
 .ARM.attributes
                0x00000000000000ba       0x34 ./Core/Src/main.o
 .ARM.attributes
                0x00000000000000ee       0x34 ./Core/Src/projet_final.o
 .ARM.attributes
                0x0000000000000122       0x34 ./Core/Src/rng.o
 .ARM.attributes
                0x0000000000000156       0x34 ./Core/Src/rtc.o
 .ARM.attributes
                0x000000000000018a       0x34 ./Core/Src/stm32f4xx_hal_msp.o
 .ARM.attributes
                0x00000000000001be       0x34 ./Core/Src/stm32f4xx_hal_timebase_tim.o
 .ARM.attributes
                0x00000000000001f2       0x34 ./Core/Src/stm32f4xx_it.o
 .ARM.attributes
                0x0000000000000226       0x34 ./Core/Src/syscalls.o
 .ARM.attributes
                0x000000000000025a       0x34 ./Core/Src/sysmem.o
 .ARM.attributes
                0x000000000000028e       0x34 ./Core/Src/system_stm32f4xx.o
 .ARM.attributes
                0x00000000000002c2       0x34 ./Core/Src/usart.o
 .ARM.attributes
                0x00000000000002f6       0x21 ./Core/Startup/startup_stm32f410rbtx.o
 .ARM.attributes
                0x0000000000000317       0x34 ./Drivers/STM32F4xx_HAL_Driver/Src/stm32f4xx_hal.o
 .ARM.attributes
                0x000000000000034b       0x34 ./Drivers/STM32F4xx_HAL_Driver/Src/stm32f4xx_hal_adc.o
 .ARM.attributes
                0x000000000000037f       0x34 ./Drivers/STM32F4xx_HAL_Driver/Src/stm32f4xx_hal_cortex.o
 .ARM.attributes
                0x00000000000003b3       0x34 ./Drivers/STM32F4xx_HAL_Driver/Src/stm32f4xx_hal_dma.o
 .ARM.attributes
                0x00000000000003e7       0x34 ./Drivers/STM32F4xx_HAL_Driver/Src/stm32f4xx_hal_gpio.o
 .ARM.attributes
                0x000000000000041b       0x34 ./Drivers/STM32F4xx_HAL_Driver/Src/stm32f4xx_hal_rcc.o
 .ARM.attributes
                0x000000000000044f       0x34 ./Drivers/STM32F4xx_HAL_Driver/Src/stm32f4xx_hal_rcc_ex.o
 .ARM.attributes
                0x0000000000000483       0x34 ./Drivers/STM32F4xx_HAL_Driver/Src/stm32f4xx_hal_rng.o
 .ARM.attributes
                0x00000000000004b7       0x34 ./Drivers/STM32F4xx_HAL_Driver/Src/stm32f4xx_hal_rtc.o
 .ARM.attributes
                0x00000000000004eb       0x34 ./Drivers/STM32F4xx_HAL_Driver/Src/stm32f4xx_hal_tim.o
 .ARM.attributes
                0x000000000000051f       0x34 ./Drivers/STM32F4xx_HAL_Driver/Src/stm32f4xx_hal_tim_ex.o
 .ARM.attributes
                0x0000000000000553       0x34 ./Drivers/STM32F4xx_HAL_Driver/Src/stm32f4xx_hal_uart.o
 .ARM.attributes
                0x0000000000000587       0x34 ./Middlewares/Third_Party/FreeRTOS/Source/CMSIS_RTOS_V2/cmsis_os2.o
 .ARM.attributes
                0x00000000000005bb       0x34 ./Middlewares/Third_Party/FreeRTOS/Source/list.o
 .ARM.attributes
                0x00000000000005ef       0x34 ./Middlewares/Third_Party/FreeRTOS/Source/queue.o
 .ARM.attributes
                0x0000000000000623       0x34 ./Middlewares/Third_Party/FreeRTOS/Source/tasks.o
 .ARM.attributes
                0x0000000000000657       0x34 ./Middlewares/Third_Party/FreeRTOS/Source/timers.o
 .ARM.attributes
                0x000000000000068b       0x34 ./Middlewares/Third_Party/FreeRTOS/Source/portable/GCC/ARM_CM4F/port.o
 .ARM.attributes
                0x00000000000006bf       0x34 ./Middlewares/Third_Party/FreeRTOS/Source/portable/MemMang/heap_4.o
 .ARM.attributes