Archive member included to satisfy reference by file (symbol)

/opt/st/stm32cubeide_1.11.2/plugins/com.st.stm32cube.ide.mcu.externaltools.gnu-tools-for-stm32.10.3-2021.10.linux64_1.0.100.202210260954/tools/bin/../lib/gcc/arm-none-eabi/10.3.1/../../../../arm-none-eabi/lib/thumb/v7e-m+fp/hard/libc_nano.a(lib_a-errno.o)
                              ./Core/Src/syscalls.o (__errno)
/opt/st/stm32cubeide_1.11.2/plugins/com.st.stm32cube.ide.mcu.externaltools.gnu-tools-for-stm32.10.3-2021.10.linux64_1.0.100.202210260954/tools/bin/../lib/gcc/arm-none-eabi/10.3.1/../../../../arm-none-eabi/lib/thumb/v7e-m+fp/hard/libc_nano.a(lib_a-exit.o)
                              /opt/st/stm32cubeide_1.11.2/plugins/com.st.stm32cube.ide.mcu.externaltools.gnu-tools-for-stm32.10.3-2021.10.linux64_1.0.100.202210260954/tools/bin/../lib/gcc/arm-none-eabi/10.3.1/../../../../arm-none-eabi/lib/thumb/v7e-m+fp/hard/crt0.o (exit)
/opt/st/stm32cubeide_1.11.2/plugins/com.st.stm32cube.ide.mcu.externaltools.gnu-tools-for-stm32.10.3-2021.10.linux64_1.0.100.202210260954/tools/bin/../lib/gcc/arm-none-eabi/10.3.1/../../../../arm-none-eabi/lib/thumb/v7e-m+fp/hard/libc_nano.a(lib_a-impure.o)
                              /opt/st/stm32cubeide_1.11.2/plugins/com.st.stm32cube.ide.mcu.externaltools.gnu-tools-for-stm32.10.3-2021.10.linux64_1.0.100.202210260954/tools/bin/../lib/gcc/arm-none-eabi/10.3.1/../../../../arm-none-eabi/lib/thumb/v7e-m+fp/hard/libc_nano.a(lib_a-exit.o) (_global_impure_ptr)
/opt/st/stm32cubeide_1.11.2/plugins/com.st.stm32cube.ide.mcu.externaltools.gnu-tools-for-stm32.10.3-2021.10.linux64_1.0.100.202210260954/tools/bin/../lib/gcc/arm-none-eabi/10.3.1/../../../../arm-none-eabi/lib/thumb/v7e-m+fp/hard/libc_nano.a(lib_a-init.o)
                              /opt/st/stm32cubeide_1.11.2/plugins/com.st.stm32cube.ide.mcu.externaltools.gnu-tools-for-stm32.10.3-2021.10.linux64_1.0.100.202210260954/tools/bin/../lib/gcc/arm-none-eabi/10.3.1/../../../../arm-none-eabi/lib/thumb/v7e-m+fp/hard/crt0.o (__libc_init_array)
/opt/st/stm32cubeide_1.11.2/plugins/com.st.stm32cube.ide.mcu.externaltools.gnu-tools-for-stm32.10.3-2021.10.linux64_1.0.100.202210260954/tools/bin/../lib/gcc/arm-none-eabi/10.3.1/../../../../arm-none-eabi/lib/thumb/v7e-m+fp/hard/libc_nano.a(lib_a-itoa.o)
                              ./Core/Src/projet.o (itoa)
/opt/st/stm32cubeide_1.11.2/plugins/com.st.stm32cube.ide.mcu.externaltools.gnu-tools-for-stm32.10.3-2021.10.linux64_1.0.100.202210260954/tools/bin/../lib/gcc/arm-none-eabi/10.3.1/../../../../arm-none-eabi/lib/thumb/v7e-m+fp/hard/libc_nano.a(lib_a-memcpy-stub.o)
                              ./Middlewares/Third_Party/FreeRTOS/Source/CMSIS_RTOS_V2/cmsis_os2.o (memcpy)
/opt/st/stm32cubeide_1.11.2/plugins/com.st.stm32cube.ide.mcu.externaltools.gnu-tools-for-stm32.10.3-2021.10.linux64_1.0.100.202210260954/tools/bin/../lib/gcc/arm-none-eabi/10.3.1/../../../../arm-none-eabi/lib/thumb/v7e-m+fp/hard/libc_nano.a(lib_a-memset.o)
                              /opt/st/stm32cubeide_1.11.2/plugins/com.st.stm32cube.ide.mcu.externaltools.gnu-tools-for-stm32.10.3-2021.10.linux64_1.0.100.202210260954/tools/bin/../lib/gcc/arm-none-eabi/10.3.1/../../../../arm-none-eabi/lib/thumb/v7e-m+fp/hard/crt0.o (memset)
/opt/st/stm32cubeide_1.11.2/plugins/com.st.stm32cube.ide.mcu.externaltools.gnu-tools-for-stm32.10.3-2021.10.linux64_1.0.100.202210260954/tools/bin/../lib/gcc/arm-none-eabi/10.3.1/../../../../arm-none-eabi/lib/thumb/v7e-m+fp/hard/libc_nano.a(lib_a-printf.o)
                              ./Core/Src/projet.o (printf)
/opt/st/stm32cubeide_1.11.2/plugins/com.st.stm32cube.ide.mcu.externaltools.gnu-tools-for-stm32.10.3-2021.10.linux64_1.0.100.202210260954/tools/bin/../lib/gcc/arm-none-eabi/10.3.1/../../../../arm-none-eabi/lib/thumb/v7e-m+fp/hard/libc_nano.a(lib_a-time.o)
                              ./Core/Src/projet.o (time)
/opt/st/stm32cubeide_1.11.2/plugins/com.st.stm32cube.ide.mcu.externaltools.gnu-tools-for-stm32.10.3-2021.10.linux64_1.0.100.202210260954/tools/bin/../lib/gcc/arm-none-eabi/10.3.1/../../../../arm-none-eabi/lib/thumb/v7e-m+fp/hard/libc_nano.a(lib_a-utoa.o)
                              /opt/st/stm32cubeide_1.11.2/plugins/com.st.stm32cube.ide.mcu.externaltools.gnu-tools-for-stm32.10.3-2021.10.linux64_1.0.100.202210260954/tools/bin/../lib/gcc/arm-none-eabi/10.3.1/../../../../arm-none-eabi/lib/thumb/v7e-m+fp/hard/libc_nano.a(lib_a-itoa.o) (__utoa)
/opt/st/stm32cubeide_1.11.2/plugins/com.st.stm32cube.ide.mcu.externaltools.gnu-tools-for-stm32.10.3-2021.10.linux64_1.0.100.202210260954/tools/bin/../lib/gcc/arm-none-eabi/10.3.1/../../../../arm-none-eabi/lib/thumb/v7e-m+fp/hard/libc_nano.a(lib_a-findfp.o)
                              /opt/st/stm32cubeide_1.11.2/plugins/com.st.stm32cube.ide.mcu.externaltools.gnu-tools-for-stm32.10.3-2021.10.linux64_1.0.100.202210260954/tools/bin/../lib/gcc/arm-none-eabi/10.3.1/../../../../arm-none-eabi/lib/thumb/v7e-m+fp/hard/libc_nano.a(lib_a-printf.o) (__sinit)
[...]
Memory Configuration

Name             Origin             Length             Attributes
RAM              0x0000000020000000 0x0000000000008000 xrw
FLASH            0x0000000008000000 0x0000000000020000 xr
*default*        0x0000000000000000 0xffffffffffffffff

Linker script and memory map

LOAD /opt/st/stm32cubeide_1.11.2/plugins/com.st.stm32cube.ide.mcu.externaltools.gnu-tools-for-stm32.10.3-2021.10.linux64_1.0.100.202210260954/tools/bin/../lib/gcc/arm-none-eabi/10.3.1/thumb/v7e-m+fp/hard/crti.o
LOAD /opt/st/stm32cubeide_1.11.2/plugins/com.st.stm32cube.ide.mcu.externaltools.gnu-tools-for-stm32.10.3-2021.10.linux64_1.0.100.202210260954/tools/bin/../lib/gcc/arm-none-eabi/10.3.1/thumb/v7e-m+fp/hard/crtbegin.o
LOAD /opt/st/stm32cubeide_1.11.2/plugins/com.st.stm32cube.ide.mcu.externaltools.gnu-tools-for-stm32.10.3-2021.10.linux64_1.0.100.202210260954/tools/bin/../lib/gcc/arm-none-eabi/10.3.1/../../../../arm-none-eabi/lib/thumb/v7e-m+fp/hard/crt0.o
LOAD ./Core/Src/adc.o
LOAD ./Core/Src/freertos.o
LOAD ./Core/Src/gpio.o
LOAD ./Core/Src/main.o
LOAD ./Core/Src/projet.o
LOAD ./Core/Src/rng.o
LOAD ./Core/Src/stm32f4xx_hal_msp.o
LOAD ./Core/Src/stm32f4xx_hal_timebase_tim.o
LOAD ./Core/Src/stm32f4xx_it.o
LOAD ./Core/Src/syscalls.o
LOAD ./Core/Src/sysmem.o
LOAD ./Core/Src/system_stm32f4xx.o
LOAD ./Core/Src/tim.o
LOAD ./Core/Src/usart.o
LOAD ./Core/Startup/startup_stm32f410rbtx.o
LOAD ./Drivers/STM32F4xx_HAL_Driver/Src/stm32f4xx_hal.o
LOAD ./Drivers/STM32F4xx_HAL_Driver/Src/stm32f4xx_hal_adc.o
LOAD ./Drivers/STM32F4xx_HAL_Driver/Src/stm32f4xx_hal_adc_ex.o
LOAD ./Drivers/STM32F4xx_HAL_Driver/Src/stm32f4xx_hal_cortex.o
LOAD ./Drivers/STM32F4xx_HAL_Driver/Src/stm32f4xx_hal_dma.o
LOAD ./Drivers/STM32F4xx_HAL_Driver/Src/stm32f4xx_hal_dma_ex.o
LOAD ./Drivers/STM32F4xx_HAL_Driver/Src/stm32f4xx_hal_exti.o
LOAD ./Drivers/STM32F4xx_HAL_Driver/Src/stm32f4xx_hal_flash.o
LOAD ./Drivers/STM32F4xx_HAL_Driver/Src/stm32f4xx_hal_flash_ex.o
LOAD ./Drivers/STM32F4xx_HAL_Driver/Src/stm32f4xx_hal_flash_ramfunc.o
LOAD ./Drivers/STM32F4xx_HAL_Driver/Src/stm32f4xx_hal_gpio.o
LOAD ./Drivers/STM32F4xx_HAL_Driver/Src/stm32f4xx_hal_pwr.o
LOAD ./Drivers/STM32F4xx_HAL_Driver/Src/stm32f4xx_hal_pwr_ex.o
LOAD ./Drivers/STM32F4xx_HAL_Driver/Src/stm32f4xx_hal_rcc.o
LOAD ./Drivers/STM32F4xx_HAL_Driver/Src/stm32f4xx_hal_rcc_ex.o
LOAD ./Drivers/STM32F4xx_HAL_Driver/Src/stm32f4xx_hal_rng.o
LOAD ./Drivers/STM32F4xx_HAL_Driver/Src/stm32f4xx_hal_tim.o
LOAD ./Drivers/STM32F4xx_HAL_Driver/Src/stm32f4xx_hal_tim_ex.o
LOAD ./Drivers/STM32F4xx_HAL_Driver/Src/stm32f4xx_hal_uart.o
LOAD ./Drivers/STM32F4xx_HAL_Driver/Src/stm32f4xx_ll_adc.o
LOAD ./Middlewares/Third_Party/FreeRTOS/Source/CMSIS_RTOS_V2/cmsis_os2.o
LOAD ./Middlewares/Third_Party/FreeRTOS/Source/croutine.o
LOAD ./Middlewares/Third_Party/FreeRTOS/Source/event_groups.o
LOAD ./Middlewares/Third_Party/FreeRTOS/Source/list.o
LOAD ./Middlewares/Third_Party/FreeRTOS/Source/queue.o
LOAD ./Middlewares/Third_Party/FreeRTOS/Source/stream_buffer.o
LOAD ./Middlewares/Third_Party/FreeRTOS/Source/tasks.o
LOAD ./Middlewares/Third_Party/FreeRTOS/Source/timers.o
LOAD ./Middlewares/Third_Party/FreeRTOS/Source/portable/GCC/ARM_CM4F/port.o
LOAD ./Middlewares/Third_Party/FreeRTOS/Source/portable/MemMang/heap_4.o
START GROUP
LOAD /opt/st/stm32cubeide_1.11.2/plugins/com.st.stm32cube.ide.mcu.externaltools.gnu-tools-for-stm32.10.3-2021.10.linux64_1.0.100.202210260954/tools/bin/../lib/gcc/arm-none-eabi/10.3.1/../../../../arm-none-eabi/lib/thumb/v7e-m+fp/hard/libc_nano.a
LOAD /opt/st/stm32cubeide_1.11.2/plugins/com.st.stm32cube.ide.mcu.externaltools.gnu-tools-for-stm32.10.3-2021.10.linux64_1.0.100.202210260954/tools/bin/../lib/gcc/arm-none-eabi/10.3.1/../../../../arm-none-eabi/lib/thumb/v7e-m+fp/hard/libm.a
END GROUP
START GROUP
LOAD /opt/st/stm32cubeide_1.11.2/plugins/com.st.stm32cube.ide.mcu.externaltools.gnu-tools-for-stm32.10.3-2021.10.linux64_1.0.100.202210260954/tools/bin/../lib/gcc/arm-none-eabi/10.3.1/thumb/v7e-m+fp/hard/libgcc.a
LOAD /opt/st/stm32cubeide_1.11.2/plugins/com.st.stm32cube.ide.mcu.externaltools.gnu-tools-for-stm32.10.3-2021.10.linux64_1.0.100.202210260954/tools/bin/../lib/gcc/arm-none-eabi/10.3.1/../../../../arm-none-eabi/lib/thumb/v7e-m+fp/hard/libc_nano.a
END GROUP
START GROUP
LOAD /opt/st/stm32cubeide_1.11.2/plugins/com.st.stm32cube.ide.mcu.externaltools.gnu-tools-for-stm32.10.3-2021.10.linux64_1.0.100.202210260954/tools/bin/../lib/gcc/arm-none-eabi/10.3.1/thumb/v7e-m+fp/hard/libgcc.a
LOAD /opt/st/stm32cubeide_1.11.2/plugins/com.st.stm32cube.ide.mcu.externaltools.gnu-tools-for-stm32.10.3-2021.10.linux64_1.0.100.202210260954/tools/bin/../lib/gcc/arm-none-eabi/10.3.1/../../../../arm-none-eabi/lib/thumb/v7e-m+fp/hard/libc_nano.a
LOAD /opt/st/stm32cubeide_1.11.2/plugins/com.st.stm32cube.ide.mcu.externaltools.gnu-tools-for-stm32.10.3-2021.10.linux64_1.0.100.202210260954/tools/bin/../lib/gcc/arm-none-eabi/10.3.1/../../../../arm-none-eabi/lib/thumb/v7e-m+fp/hard/libnosys.a
END GROUP
START GROUP
LOAD /opt/st/stm32cubeide_1.11.2/plugins/com.st.stm32cube.ide.mcu.externaltools.gnu-tools-for-stm32.10.3-2021.10.linux64_1.0.100.202210260954/tools/bin/../lib/gcc/arm-none-eabi/10.3.1/thumb/v7e-m+fp/hard/libgcc.a
LOAD /opt/st/stm32cubeide_1.11.2/plugins/com.st.stm32cube.ide.mcu.externaltools.gnu-tools-for-stm32.10.3-2021.10.linux64_1.0.100.202210260954/tools/bin/../lib/gcc/arm-none-eabi/10.3.1/../../../../arm-none-eabi/lib/thumb/v7e-m+fp/hard/libc_nano.a
LOAD /opt/st/stm32cubeide_1.11.2/plugins/com.st.stm32cube.ide.mcu.externaltools.gnu-tools-for-stm32.10.3-2021.10.linux64_1.0.100.202210260954/tools/bin/../lib/gcc/arm-none-eabi/10.3.1/../../../../arm-none-eabi/lib/thumb/v7e-m+fp/hard/libnosys.a
END GROUP
LOAD /opt/st/stm32cubeide_1.11.2/plugins/com.st.stm32cube.ide.mcu.externaltools.gnu-tools-for-stm32.10.3-2021.10.linux64_1.0.100.202210260954/tools/bin/../lib/gcc/arm-none-eabi/10.3.1/thumb/v7e-m+fp/hard/crtend.o
LOAD /opt/st/stm32cubeide_1.11.2/plugins/com.st.stm32cube.ide.mcu.externaltools.gnu-tools-for-stm32.10.3-2021.10.linux64_1.0.100.202210260954/tools/bin/../lib/gcc/arm-none-eabi/10.3.1/thumb/v7e-m+fp/hard/crtn.o
                0x0000000020008000                _estack = (ORIGIN (RAM) + LENGTH (RAM))
                0x0000000000000200                _Min_Heap_Size = 0x200
                0x0000000000000400                _Min_Stack_Size = 0x400

.isr_vector     0x0000000008000000      0x1c8
                0x0000000008000000                . = ALIGN (0x4)
 *(.isr_vector)
 .isr_vector    0x0000000008000000      0x1c8 ./Core/Startup/startup_stm32f410rbtx.o
                0x0000000008000000                g_pfnVectors
                0x00000000080001c8                . = ALIGN (0x4)

.text           0x00000000080001d0     0x7af4
                0x00000000080001d0                . = ALIGN (0x4)
 *(.text)
 .text          0x00000000080001d0       0x40 /opt/st/stm32cubeide_1.11.2/plugins/com.st.stm32cube.ide.mcu.externaltools.gnu-tools-for-stm32.10.3-2021.10.linux64_1.0.100.202210260954/tools/bin/../lib/gcc/arm-none-eabi/10.3.1/thumb/v7e-m+fp/hard/crtbegin.o
 .text          0x0000000008000210       0xa0 /opt/st/stm32cubeide_1.11.2/plugins/com.st.stm32cube.ide.mcu.externaltools.gnu-tools-for-stm32.10.3-2021.10.linux64_1.0.100.202210260954/tools/bin/../lib/gcc/arm-none-eabi/10.3.1/../../../../arm-none-eabi/lib/thumb/v7e-m+fp/hard/libc_nano.a(lib_a-memchr.o)
                0x0000000008000210                memchr
 .text          0x00000000080002b0       0x30 /opt/st/stm32cubeide_1.11.2/plugins/com.st.stm32cube.ide.mcu.externaltools.gnu-tools-for-stm32.10.3-2021.10.linux64_1.0.100.202210260954/tools/bin/../lib/gcc/arm-none-eabi/10.3.1/thumb/v7e-m+fp/hard/libgcc.a(_aeabi_uldivmod.o)
                0x00000000080002b0                __aeabi_uldivmod
 .text          0x00000000080002e0      0x2d0 /opt/st/stm32cubeide_1.11.2/plugins/com.st.stm32cube.ide.mcu.externaltools.gnu-tools-for-stm32.10.3-2021.10.linux64_1.0.100.202210260954/tools/bin/../lib/gcc/arm-none-eabi/10.3.1/thumb/v7e-m+fp/hard/libgcc.a(_udivmoddi4.o)
                0x00000000080002e0                __udivmoddi4
 .text          0x00000000080005b0        0x4 /opt/st/stm32cubeide_1.11.2/plugins/com.st.stm32cube.ide.mcu.externaltools.gnu-tools-for-stm32.10.3-2021.10.linux64_1.0.100.202210260954/tools/bin/../lib/gcc/arm-none-eabi/10.3.1/thumb/v7e-m+fp/hard/libgcc.a(_dvmd_tls.o)
                0x00000000080005b0                __aeabi_ldiv0
                0x00000000080005b0                __aeabi_idiv0
 *(.text*)
 .text.MX_ADC1_Init
                0x00000000080005b4       0xa4 ./Core/Src/adc.o
                0x00000000080005b4                MX_ADC1_Init
 .text.HAL_ADC_MspInit
                0x0000000008000658       0x88 ./Core/Src/adc.o
                0x0000000008000658                HAL_ADC_MspInit
 .text.MX_GPIO_Init
                0x00000000080006e0      0x140 ./Core/Src/gpio.o
                0x00000000080006e0                MX_GPIO_Init
 .text.SystemClock_Config
                0x0000000008000820       0xd8 ./Core/Src/main.o
                0x0000000008000820                SystemClock_Config
 .text.HAL_TIM_PeriodElapsedCallback
                0x00000000080008f8       0x2c ./Core/Src/main.o
                0x00000000080008f8                HAL_TIM_PeriodElapsedCallback
 .text.Error_Handler
                0x0000000008000924        0xa ./Core/Src/main.o
                0x0000000008000924                Error_Handler
 *fill*         0x000000000800092e        0x2 
 .text._write   0x0000000008000930       0x3c ./Core/Src/projet.o
                0x0000000008000930                _write
 .text.Fonction_Thread_Sensor_1
                0x000000000800096c       0x90 ./Core/Src/projet.o
                0x000000000800096c                Fonction_Thread_Sensor_1
 .text.Fonction_Thread_Sensor_2
                0x00000000080009fc       0x78 ./Core/Src/projet.o
                0x00000000080009fc                Fonction_Thread_Sensor_2
 .text.Fonction_Thread_Sensor_3
                0x0000000008000a74       0x78 ./Core/Src/projet.o
                0x0000000008000a74                Fonction_Thread_Sensor_3
 .text.Fonction_Thread_Send
                0x0000000008000aec       0x9c ./Core/Src/projet.o
                0x0000000008000aec                Fonction_Thread_Send
 .text.Callback_TIM_5
                0x0000000008000b88       0x2c ./Core/Src/projet.o
                0x0000000008000b88                Callback_TIM_5
 .text.HAL_GPIO_EXTI_Callback
                0x0000000008000bb4      0x1ac ./Core/Src/projet.o
                0x0000000008000bb4                HAL_GPIO_EXTI_Callback
 .text.main     0x0000000008000d60       0xb8 ./Core/Src/projet.o
                0x0000000008000d60                main
 .text.MX_RNG_Init
                0x0000000008000e18       0x28 ./Core/Src/rng.o
                0x0000000008000e18                MX_RNG_Init
 .text.HAL_RNG_MspInit
                0x0000000008000e40       0x44 ./Core/Src/rng.o
                0x0000000008000e40                HAL_RNG_MspInit
 .text.HAL_MspInit
                0x0000000008000e84       0x58 ./Core/Src/stm32f4xx_hal_msp.o
                0x0000000008000e84                HAL_MspInit
 .text.HAL_InitTick
                0x0000000008000edc       0xf8 ./Core/Src/stm32f4xx_hal_timebase_tim.o
                0x0000000008000edc                HAL_InitTick
 .text.NMI_Handler
                0x0000000008000fd4        0x6 ./Core/Src/stm32f4xx_it.o
                0x0000000008000fd4                NMI_Handler
 .text.HardFault_Handler
                0x0000000008000fda        0x6 ./Core/Src/stm32f4xx_it.o
                0x0000000008000fda                HardFault_Handler
 .text.MemManage_Handler
                0x0000000008000fe0        0x6 ./Core/Src/stm32f4xx_it.o
                0x0000000008000fe0                MemManage_Handler
 .text.BusFault_Handler
                0x0000000008000fe6        0x6 ./Core/Src/stm32f4xx_it.o
                0x0000000008000fe6                BusFault_Handler
 .text.UsageFault_Handler
                0x0000000008000fec        0x6 ./Core/Src/stm32f4xx_it.o
                0x0000000008000fec                UsageFault_Handler
 .text.DebugMon_Handler
                0x0000000008000ff2        0xe ./Core/Src/stm32f4xx_it.o
                0x0000000008000ff2                DebugMon_Handler
 .text.EXTI1_IRQHandler
                0x0000000008001000        0xe ./Core/Src/stm32f4xx_it.o
                0x0000000008001000                EXTI1_IRQHandler
 .text.EXTI15_10_IRQHandler
                0x000000000800100e       0x18 ./Core/Src/stm32f4xx_it.o
                0x000000000800100e                EXTI15_10_IRQHandler
 *fill*         0x0000000008001026        0x2 
 .text.TIM6_DAC_IRQHandler
                0x0000000008001028       0x14 ./Core/Src/stm32f4xx_it.o
                0x0000000008001028                TIM6_DAC_IRQHandler
 .text._read    0x000000000800103c       0x3a ./Core/Src/syscalls.o
                0x000000000800103c                _read
 .text._close   0x0000000008001076       0x18 ./Core/Src/syscalls.o
                0x0000000008001076                _close
 .text._fstat   0x000000000800108e       0x20 ./Core/Src/syscalls.o
                0x000000000800108e                _fstat
 .text._isatty  0x00000000080010ae       0x16 ./Core/Src/syscalls.o
                0x00000000080010ae                _isatty
 .text._lseek   0x00000000080010c4       0x1a ./Core/Src/syscalls.o
                0x00000000080010c4                _lseek
 *fill*         0x00000000080010de        0x2 
 .text._sbrk    0x00000000080010e0       0x6c ./Core/Src/sysmem.o
                0x00000000080010e0                _sbrk
 .text.SystemInit
                0x000000000800114c       0x24 ./Core/Src/system_stm32f4xx.o
                0x000000000800114c                SystemInit
 .text.HAL_TIM_Base_MspInit
                0x0000000008001170       0x70 ./Core/Src/tim.o
                0x0000000008001170                HAL_TIM_Base_MspInit
 .text.MX_USART2_UART_Init
                0x00000000080011e0       0x54 ./Core/Src/usart.o
                0x00000000080011e0                MX_USART2_UART_Init
 .text.HAL_UART_MspInit
                0x0000000008001234       0x90 ./Core/Src/usart.o
                0x0000000008001234                HAL_UART_MspInit
 .text.Reset_Handler
                0x00000000080012c4       0x50 ./Core/Startup/startup_stm32f410rbtx.o
                0x00000000080012c4                Reset_Handler
 .text.Default_Handler
                0x0000000008001314        0x2 ./Core/Startup/startup_stm32f410rbtx.o
                0x0000000008001314                RTC_Alarm_IRQHandler
                0x0000000008001314                EXTI2_IRQHandler
                0x0000000008001314                FMPI2C1_EV_IRQHandler
                0x0000000008001314                TIM1_CC_IRQHandler
                0x0000000008001314                DMA2_Stream5_IRQHandler
                0x0000000008001314                DMA1_Stream5_IRQHandler
                0x0000000008001314                PVD_IRQHandler
                0x0000000008001314                TAMP_STAMP_IRQHandler
                0x0000000008001314                EXTI3_IRQHandler
                0x0000000008001314                EXTI0_IRQHandler
                0x0000000008001314                I2C2_EV_IRQHandler
                0x0000000008001314                DMA1_Stream2_IRQHandler
                0x0000000008001314                FPU_IRQHandler
                0x0000000008001314                DMA2_Stream2_IRQHandler
                0x0000000008001314                SPI1_IRQHandler
                0x0000000008001314                TIM1_BRK_TIM9_IRQHandler
                0x0000000008001314                DMA2_Stream3_IRQHandler
                0x0000000008001314                USART6_IRQHandler
                0x0000000008001314                DMA2_Stream0_IRQHandler
                0x0000000008001314                I2C1_EV_IRQHandler
                0x0000000008001314                DMA1_Stream6_IRQHandler
                0x0000000008001314                DMA1_Stream1_IRQHandler
                0x0000000008001314                RCC_IRQHandler
                0x0000000008001314                Default_Handler
                0x0000000008001314                ADC_IRQHandler
                0x0000000008001314                DMA1_Stream7_IRQHandler
                0x0000000008001314                SPI5_IRQHandler
                0x0000000008001314                TIM5_IRQHandler
                0x0000000008001314                DMA2_Stream7_IRQHandler
                0x0000000008001314                EXTI9_5_IRQHandler
                0x0000000008001314                RTC_WKUP_IRQHandler
                0x0000000008001314                SPI2_IRQHandler
                0x0000000008001314                DMA1_Stream0_IRQHandler
                0x0000000008001314                FMPI2C1_ER_IRQHandler
                0x0000000008001314                EXTI4_IRQHandler
                0x0000000008001314                RNG_IRQHandler
                0x0000000008001314                TIM1_UP_IRQHandler
                0x0000000008001314                WWDG_IRQHandler
                0x0000000008001314                TIM1_TRG_COM_TIM11_IRQHandler
                0x0000000008001314                USART2_IRQHandler
                0x0000000008001314                I2C2_ER_IRQHandler
                0x0000000008001314                DMA2_Stream1_IRQHandler
                0x0000000008001314                FLASH_IRQHandler
                0x0000000008001314                DMA2_Stream4_IRQHandler
                0x0000000008001314                USART1_IRQHandler
                0x0000000008001314                DMA1_Stream4_IRQHandler
                0x0000000008001314                I2C1_ER_IRQHandler
                0x0000000008001314                LPTIM1_IRQHandler
                0x0000000008001314                DMA2_Stream6_IRQHandler
                0x0000000008001314                DMA1_Stream3_IRQHandler
 *fill*         0x0000000008001316        0x2 
 .text.HAL_Init
                0x0000000008001318       0x44 ./Drivers/STM32F4xx_HAL_Driver/Src/stm32f4xx_hal.o
                0x0000000008001318                HAL_Init
 .text.HAL_IncTick
                0x000000000800135c       0x28 ./Drivers/STM32F4xx_HAL_Driver/Src/stm32f4xx_hal.o
                0x000000000800135c                HAL_IncTick
 .text.HAL_GetTick
                0x0000000008001384       0x18 ./Drivers/STM32F4xx_HAL_Driver/Src/stm32f4xx_hal.o
                0x0000000008001384                HAL_GetTick
 .text.HAL_ADC_Init
                0x000000000800139c       0x86 ./Drivers/STM32F4xx_HAL_Driver/Src/stm32f4xx_hal_adc.o
                0x000000000800139c                HAL_ADC_Init
 *fill*         0x0000000008001422        0x2 
 .text.HAL_ADC_Start
                0x0000000008001424      0x168 ./Drivers/STM32F4xx_HAL_Driver/Src/stm32f4xx_hal_adc.o
                0x0000000008001424                HAL_ADC_Start
 .text.HAL_ADC_PollForConversion
                0x000000000800158c      0x116 ./Drivers/STM32F4xx_HAL_Driver/Src/stm32f4xx_hal_adc.o
                0x000000000800158c                HAL_ADC_PollForConversion
 .text.HAL_ADC_GetValue
                0x00000000080016a2       0x1a ./Drivers/STM32F4xx_HAL_Driver/Src/stm32f4xx_hal_adc.o
                0x00000000080016a2                HAL_ADC_GetValue
 .text.HAL_ADC_ConfigChannel
                0x00000000080016bc      0x244 ./Drivers/STM32F4xx_HAL_Driver/Src/stm32f4xx_hal_adc.o
                0x00000000080016bc                HAL_ADC_ConfigChannel
 .text.ADC_Init
                0x0000000008001900      0x1f8 ./Drivers/STM32F4xx_HAL_Driver/Src/stm32f4xx_hal_adc.o
 .text.__NVIC_SetPriorityGrouping
                0x0000000008001af8       0x48 ./Drivers/STM32F4xx_HAL_Driver/Src/stm32f4xx_hal_cortex.o
 .text.__NVIC_GetPriorityGrouping
                0x0000000008001b40       0x1c ./Drivers/STM32F4xx_HAL_Driver/Src/stm32f4xx_hal_cortex.o
 .text.__NVIC_EnableIRQ
                0x0000000008001b5c       0x3c ./Drivers/STM32F4xx_HAL_Driver/Src/stm32f4xx_hal_cortex.o
 .text.__NVIC_SetPriority
                0x0000000008001b98       0x54 ./Drivers/STM32F4xx_HAL_Driver/Src/stm32f4xx_hal_cortex.o
 .text.NVIC_EncodePriority
                0x0000000008001bec       0x66 ./Drivers/STM32F4xx_HAL_Driver/Src/stm32f4xx_hal_cortex.o
 .text.HAL_NVIC_SetPriorityGrouping
                0x0000000008001c52       0x16 ./Drivers/STM32F4xx_HAL_Driver/Src/stm32f4xx_hal_cortex.o
                0x0000000008001c52                HAL_NVIC_SetPriorityGrouping
 .text.HAL_NVIC_SetPriority
                0x0000000008001c68       0x38 ./Drivers/STM32F4xx_HAL_Driver/Src/stm32f4xx_hal_cortex.o
                0x0000000008001c68                HAL_NVIC_SetPriority
 .text.HAL_NVIC_EnableIRQ
                0x0000000008001ca0       0x1c ./Drivers/STM32F4xx_HAL_Driver/Src/stm32f4xx_hal_cortex.o
                0x0000000008001ca0                HAL_NVIC_EnableIRQ
 .text.HAL_GPIO_Init
                0x0000000008001cbc      0x2e8 ./Drivers/STM32F4xx_HAL_Driver/Src/stm32f4xx_hal_gpio.o
                0x0000000008001cbc                HAL_GPIO_Init
 .text.HAL_GPIO_WritePin
                0x0000000008001fa4       0x32 ./Drivers/STM32F4xx_HAL_Driver/Src/stm32f4xx_hal_gpio.o
                0x0000000008001fa4                HAL_GPIO_WritePin
 *fill*         0x0000000008001fd6        0x2 
 .text.HAL_GPIO_EXTI_IRQHandler
                0x0000000008001fd8       0x30 ./Drivers/STM32F4xx_HAL_Driver/Src/stm32f4xx_hal_gpio.o
                0x0000000008001fd8                HAL_GPIO_EXTI_IRQHandler
 .text.HAL_RCC_ClockConfig
                0x0000000008002008      0x1cc ./Drivers/STM32F4xx_HAL_Driver/Src/stm32f4xx_hal_rcc.o
                0x0000000008002008                HAL_RCC_ClockConfig
 .text.HAL_RCC_GetSysClockFreq
                0x00000000080021d4      0x20c ./Drivers/STM32F4xx_HAL_Driver/Src/stm32f4xx_hal_rcc.o
                0x00000000080021d4                HAL_RCC_GetSysClockFreq
 .text.HAL_RCC_GetHCLKFreq
                0x00000000080023e0       0x18 ./Drivers/STM32F4xx_HAL_Driver/Src/stm32f4xx_hal_rcc.o
                0x00000000080023e0                HAL_RCC_GetHCLKFreq
 .text.HAL_RCC_GetPCLK1Freq
                0x00000000080023f8       0x28 ./Drivers/STM32F4xx_HAL_Driver/Src/stm32f4xx_hal_rcc.o
                0x00000000080023f8                HAL_RCC_GetPCLK1Freq
 .text.HAL_RCC_GetPCLK2Freq
                0x0000000008002420       0x28 ./Drivers/STM32F4xx_HAL_Driver/Src/stm32f4xx_hal_rcc.o
                0x0000000008002420                HAL_RCC_GetPCLK2Freq
 .text.HAL_RCC_GetClockConfig
                0x0000000008002448       0x64 ./Drivers/STM32F4xx_HAL_Driver/Src/stm32f4xx_hal_rcc.o
                0x0000000008002448                HAL_RCC_GetClockConfig
 .text.HAL_RCC_OscConfig
                0x00000000080024ac      0x508 ./Drivers/STM32F4xx_HAL_Driver/Src/stm32f4xx_hal_rcc_ex.o
                0x00000000080024ac                HAL_RCC_OscConfig
 .text.HAL_RNG_Init
                0x00000000080029b4       0x54 ./Drivers/STM32F4xx_HAL_Driver/Src/stm32f4xx_hal_rng.o
                0x00000000080029b4                HAL_RNG_Init
 .text.HAL_RNG_GenerateRandomNumber
                0x0000000008002a08       0xac ./Drivers/STM32F4xx_HAL_Driver/Src/stm32f4xx_hal_rng.o
                0x0000000008002a08                HAL_RNG_GenerateRandomNumber
 .text.HAL_TIM_Base_Init
                0x0000000008002ab4       0x9e ./Drivers/STM32F4xx_HAL_Driver/Src/stm32f4xx_hal_tim.o
                0x0000000008002ab4                HAL_TIM_Base_Init
 *fill*         0x0000000008002b52        0x2 
 .text.HAL_TIM_Base_Start_IT
                0x0000000008002b54       0x9c ./Drivers/STM32F4xx_HAL_Driver/Src/stm32f4xx_hal_tim.o
                0x0000000008002b54                HAL_TIM_Base_Start_IT
 .text.HAL_TIM_IRQHandler
                0x0000000008002bf0      0x210 ./Drivers/STM32F4xx_HAL_Driver/Src/stm32f4xx_hal_tim.o
                0x0000000008002bf0                HAL_TIM_IRQHandler
 .text.HAL_TIM_OC_DelayElapsedCallback
                0x0000000008002e00       0x14 ./Drivers/STM32F4xx_HAL_Driver/Src/stm32f4xx_hal_tim.o
                0x0000000008002e00                HAL_TIM_OC_DelayElapsedCallback
 .text.HAL_TIM_IC_CaptureCallback
                0x0000000008002e14       0x14 ./Drivers/STM32F4xx_HAL_Driver/Src/stm32f4xx_hal_tim.o
                0x0000000008002e14                HAL_TIM_IC_CaptureCallback
 .text.HAL_TIM_PWM_PulseFinishedCallback
                0x0000000008002e28       0x14 ./Drivers/STM32F4xx_HAL_Driver/Src/stm32f4xx_hal_tim.o
                0x0000000008002e28                HAL_TIM_PWM_PulseFinishedCallback
 .text.HAL_TIM_TriggerCallback
                0x0000000008002e3c       0x14 ./Drivers/STM32F4xx_HAL_Driver/Src/stm32f4xx_hal_tim.o
                0x0000000008002e3c                HAL_TIM_TriggerCallback
 .text.TIM_Base_SetConfig
                0x0000000008002e50       0xbc ./Drivers/STM32F4xx_HAL_Driver/Src/stm32f4xx_hal_tim.o
                0x0000000008002e50                TIM_Base_SetConfig
 .text.HAL_TIMEx_CommutCallback
                0x0000000008002f0c       0x14 ./Drivers/STM32F4xx_HAL_Driver/Src/stm32f4xx_hal_tim_ex.o
                0x0000000008002f0c                HAL_TIMEx_CommutCallback
 .text.HAL_TIMEx_BreakCallback
                0x0000000008002f20       0x14 ./Drivers/STM32F4xx_HAL_Driver/Src/stm32f4xx_hal_tim_ex.o
                0x0000000008002f20                HAL_TIMEx_BreakCallback
 .text.HAL_UART_Init
                0x0000000008002f34       0x9a ./Drivers/STM32F4xx_HAL_Driver/Src/stm32f4xx_hal_uart.o
                0x0000000008002f34                HAL_UART_Init
 .text.HAL_UART_Transmit
                0x0000000008002fce      0x124 ./Drivers/STM32F4xx_HAL_Driver/Src/stm32f4xx_hal_uart.o
                0x0000000008002fce                HAL_UART_Transmit
 .text.UART_WaitOnFlagUntilTimeout
                0x00000000080030f2       0xdc ./Drivers/STM32F4xx_HAL_Driver/Src/stm32f4xx_hal_uart.o
 *fill*         0x00000000080031ce        0x2 
 .text.UART_SetConfig
                0x00000000080031d0      0x4e8 ./Drivers/STM32F4xx_HAL_Driver/Src/stm32f4xx_hal_uart.o
 .text.__NVIC_SetPriority
                0x00000000080036b8       0x54 ./Middlewares/Third_Party/FreeRTOS/Source/CMSIS_RTOS_V2/cmsis_os2.o
 .text.SysTick_Handler
                0x000000000800370c       0x20 ./Middlewares/Third_Party/FreeRTOS/Source/CMSIS_RTOS_V2/cmsis_os2.o
                0x000000000800370c                SysTick_Handler
 .text.SVC_Setup
                0x000000000800372c       0x12 ./Middlewares/Third_Party/FreeRTOS/Source/CMSIS_RTOS_V2/cmsis_os2.o
 *fill*         0x000000000800373e        0x2 
 .text.osKernelInitialize
                0x0000000008003740       0x48 ./Middlewares/Third_Party/FreeRTOS/Source/CMSIS_RTOS_V2/cmsis_os2.o
                0x0000000008003740                osKernelInitialize
 .text.osKernelStart
                0x0000000008003788       0x4c ./Middlewares/Third_Party/FreeRTOS/Source/CMSIS_RTOS_V2/cmsis_os2.o
                0x0000000008003788                osKernelStart
 .text.osThreadNew
                0x00000000080037d4      0x124 ./Middlewares/Third_Party/FreeRTOS/Source/CMSIS_RTOS_V2/cmsis_os2.o
                0x00000000080037d4                osThreadNew
 .text.osThreadFlagsSet
                0x00000000080038f8       0x9c ./Middlewares/Third_Party/FreeRTOS/Source/CMSIS_RTOS_V2/cmsis_os2.o
                0x00000000080038f8                osThreadFlagsSet
 .text.osThreadFlagsWait
                0x0000000008003994      0x102 ./Middlewares/Third_Party/FreeRTOS/Source/CMSIS_RTOS_V2/cmsis_os2.o
                0x0000000008003994                osThreadFlagsWait
 .text.osDelay  0x0000000008003a96       0x36 ./Middlewares/Third_Party/FreeRTOS/Source/CMSIS_RTOS_V2/cmsis_os2.o
                0x0000000008003a96                osDelay
 .text.osMessageQueueNew
                0x0000000008003acc       0xe6 ./Middlewares/Third_Party/FreeRTOS/Source/CMSIS_RTOS_V2/cmsis_os2.o
                0x0000000008003acc                osMessageQueueNew
 *fill*         0x0000000008003bb2        0x2 
 .text.osMessageQueuePut
                0x0000000008003bb4       0xc0 ./Middlewares/Third_Party/FreeRTOS/Source/CMSIS_RTOS_V2/cmsis_os2.o
                0x0000000008003bb4                osMessageQueuePut
 .text.osMessageQueueGet
                0x0000000008003c74       0xbc ./Middlewares/Third_Party/FreeRTOS/Source/CMSIS_RTOS_V2/cmsis_os2.o
                0x0000000008003c74                osMessageQueueGet
 .text.osMessageQueueGetCount
                0x0000000008003d30       0x40 ./Middlewares/Third_Party/FreeRTOS/Source/CMSIS_RTOS_V2/cmsis_os2.o
                0x0000000008003d30                osMessageQueueGetCount
 .text.vApplicationGetIdleTaskMemory
                0x0000000008003d70       0x34 ./Middlewares/Third_Party/FreeRTOS/Source/CMSIS_RTOS_V2/cmsis_os2.o
                0x0000000008003d70                vApplicationGetIdleTaskMemory
 .text.vApplicationGetTimerTaskMemory
                0x0000000008003da4       0x34 ./Middlewares/Third_Party/FreeRTOS/Source/CMSIS_RTOS_V2/cmsis_os2.o
                0x0000000008003da4                vApplicationGetTimerTaskMemory
 .text.vListInitialise
                0x0000000008003dd8       0x40 ./Middlewares/Third_Party/FreeRTOS/Source/list.o
                0x0000000008003dd8                vListInitialise
 .text.vListInitialiseItem
                0x0000000008003e18       0x1a ./Middlewares/Third_Party/FreeRTOS/Source/list.o
                0x0000000008003e18                vListInitialiseItem
 .text.vListInsertEnd
                0x0000000008003e32       0x48 ./Middlewares/Third_Party/FreeRTOS/Source/list.o
                0x0000000008003e32                vListInsertEnd
 .text.vListInsert
                0x0000000008003e7a       0x72 ./Middlewares/Third_Party/FreeRTOS/Source/list.o
                0x0000000008003e7a                vListInsert
 .text.uxListRemove
                0x0000000008003eec       0x54 ./Middlewares/Third_Party/FreeRTOS/Source/list.o
                0x0000000008003eec                uxListRemove
 .text.xQueueGenericReset
                0x0000000008003f40       0xd0 ./Middlewares/Third_Party/FreeRTOS/Source/queue.o
                0x0000000008003f40                xQueueGenericReset
 .text.xQueueGenericCreateStatic
                0x0000000008004010       0xf0 ./Middlewares/Third_Party/FreeRTOS/Source/queue.o
                0x0000000008004010                xQueueGenericCreateStatic
 .text.xQueueGenericCreate
                0x0000000008004100       0x74 ./Middlewares/Third_Party/FreeRTOS/Source/queue.o
                0x0000000008004100                xQueueGenericCreate
 .text.prvInitialiseNewQueue
                0x0000000008004174       0x46 ./Middlewares/Third_Party/FreeRTOS/Source/queue.o
 *fill*         0x00000000080041ba        0x2 
 .text.xQueueGenericSend
                0x00000000080041bc      0x1fc ./Middlewares/Third_Party/FreeRTOS/Source/queue.o
                0x00000000080041bc                xQueueGenericSend
 .text.xQueueGenericSendFromISR
                0x00000000080043b8      0x136 ./Middlewares/Third_Party/FreeRTOS/Source/queue.o
                0x00000000080043b8                xQueueGenericSendFromISR
 *fill*         0x00000000080044ee        0x2 
 .text.xQueueReceive
                0x00000000080044f0      0x1c0 ./Middlewares/Third_Party/FreeRTOS/Source/queue.o
                0x00000000080044f0                xQueueReceive
 .text.xQueueReceiveFromISR
                0x00000000080046b0      0x100 ./Middlewares/Third_Party/FreeRTOS/Source/queue.o
                0x00000000080046b0                xQueueReceiveFromISR
 .text.uxQueueMessagesWaiting
                0x00000000080047b0       0x3c ./Middlewares/Third_Party/FreeRTOS/Source/queue.o
                0x00000000080047b0                uxQueueMessagesWaiting
 .text.uxQueueMessagesWaitingFromISR
                0x00000000080047ec       0x3c ./Middlewares/Third_Party/FreeRTOS/Source/queue.o
                0x00000000080047ec                uxQueueMessagesWaitingFromISR
 .text.prvCopyDataToQueue
                0x0000000008004828       0xd4 ./Middlewares/Third_Party/FreeRTOS/Source/queue.o
 .text.prvCopyDataFromQueue
                0x00000000080048fc       0x4c ./Middlewares/Third_Party/FreeRTOS/Source/queue.o
 .text.prvUnlockQueue
                0x0000000008004948       0xa4 ./Middlewares/Third_Party/FreeRTOS/Source/queue.o
 .text.prvIsQueueEmpty
                0x00000000080049ec       0x2c ./Middlewares/Third_Party/FreeRTOS/Source/queue.o
 .text.prvIsQueueFull
                0x0000000008004a18       0x30 ./Middlewares/Third_Party/FreeRTOS/Source/queue.o
 .text.vQueueAddToRegistry
                0x0000000008004a48       0x54 ./Middlewares/Third_Party/FreeRTOS/Source/queue.o
                0x0000000008004a48                vQueueAddToRegistry
 .text.vQueueWaitForMessageRestricted
                0x0000000008004a9c       0x68 ./Middlewares/Third_Party/FreeRTOS/Source/queue.o
                0x0000000008004a9c                vQueueWaitForMessageRestricted
 .text.xTaskCreateStatic
                0x0000000008004b04       0xba ./Middlewares/Third_Party/FreeRTOS/Source/tasks.o
                0x0000000008004b04                xTaskCreateStatic
 .text.xTaskCreate
                0x0000000008004bbe       0x8a ./Middlewares/Third_Party/FreeRTOS/Source/tasks.o
                0x0000000008004bbe                xTaskCreate
 .text.prvInitialiseNewTask
                0x0000000008004c48      0x11e ./Middlewares/Third_Party/FreeRTOS/Source/tasks.o
 *fill*         0x0000000008004d66        0x2 
 .text.prvAddNewTaskToReadyList
                0x0000000008004d68       0xe0 ./Middlewares/Third_Party/FreeRTOS/Source/tasks.o
 .text.vTaskDelay
                0x0000000008004e48       0x68 ./Middlewares/Third_Party/FreeRTOS/Source/tasks.o
                0x0000000008004e48                vTaskDelay
 .text.vTaskStartScheduler
                0x0000000008004eb0       0xcc ./Middlewares/Third_Party/FreeRTOS/Source/tasks.o
                0x0000000008004eb0                vTaskStartScheduler
 .text.vTaskSuspendAll
                0x0000000008004f7c       0x1c ./Middlewares/Third_Party/FreeRTOS/Source/tasks.o
                0x0000000008004f7c                vTaskSuspendAll
 .text.xTaskResumeAll
                0x0000000008004f98      0x13c ./Middlewares/Third_Party/FreeRTOS/Source/tasks.o
                0x0000000008004f98                xTaskResumeAll
 .text.xTaskGetTickCount
                0x00000000080050d4       0x20 ./Middlewares/Third_Party/FreeRTOS/Source/tasks.o
                0x00000000080050d4                xTaskGetTickCount
 .text.xTaskIncrementTick
                0x00000000080050f4      0x174 ./Middlewares/Third_Party/FreeRTOS/Source/tasks.o
                0x00000000080050f4                xTaskIncrementTick
 .text.vTaskSwitchContext
                0x0000000008005268       0xbc ./Middlewares/Third_Party/FreeRTOS/Source/tasks.o
                0x0000000008005268                vTaskSwitchContext
 .text.vTaskPlaceOnEventList
                0x0000000008005324       0x48 ./Middlewares/Third_Party/FreeRTOS/Source/tasks.o
                0x0000000008005324                vTaskPlaceOnEventList
 .text.vTaskPlaceOnEventListRestricted
                0x000000000800536c       0x58 ./Middlewares/Third_Party/FreeRTOS/Source/tasks.o
                0x000000000800536c                vTaskPlaceOnEventListRestricted
 .text.xTaskRemoveFromEventList
                0x00000000080053c4       0xc8 ./Middlewares/Third_Party/FreeRTOS/Source/tasks.o
                0x00000000080053c4                xTaskRemoveFromEventList
 .text.vTaskInternalSetTimeOutState
                0x000000000800548c       0x2c ./Middlewares/Third_Party/FreeRTOS/Source/tasks.o
                0x000000000800548c                vTaskInternalSetTimeOutState
 .text.xTaskCheckForTimeOut
                0x00000000080054b8       0xc4 ./Middlewares/Third_Party/FreeRTOS/Source/tasks.o
                0x00000000080054b8                xTaskCheckForTimeOut
 .text.vTaskMissedYield
                0x000000000800557c       0x18 ./Middlewares/Third_Party/FreeRTOS/Source/tasks.o
                0x000000000800557c                vTaskMissedYield
 .text.prvIdleTask
                0x0000000008005594       0x30 ./Middlewares/Third_Party/FreeRTOS/Source/tasks.o
 .text.prvInitialiseTaskLists
                0x00000000080055c4       0x80 ./Middlewares/Third_Party/FreeRTOS/Source/tasks.o
 .text.prvCheckTasksWaitingTermination
                0x0000000008005644       0x5c ./Middlewares/Third_Party/FreeRTOS/Source/tasks.o
 .text.prvDeleteTCB
                0x00000000080056a0       0x5e ./Middlewares/Third_Party/FreeRTOS/Source/tasks.o
 *fill*         0x00000000080056fe        0x2 
 .text.prvResetNextTaskUnblockTime
                0x0000000008005700       0x40 ./Middlewares/Third_Party/FreeRTOS/Source/tasks.o
 .text.xTaskGetSchedulerState
                0x0000000008005740       0x3c ./Middlewares/Third_Party/FreeRTOS/Source/tasks.o
                0x0000000008005740                xTaskGetSchedulerState
 .text.xTaskPriorityDisinherit
                0x000000000800577c       0xdc ./Middlewares/Third_Party/FreeRTOS/Source/tasks.o
                0x000000000800577c                xTaskPriorityDisinherit
 .text.xTaskNotifyWait
                0x0000000008005858       0xb4 ./Middlewares/Third_Party/FreeRTOS/Source/tasks.o
                0x0000000008005858                xTaskNotifyWait
 .text.xTaskGenericNotify
                0x000000000800590c      0x170 ./Middlewares/Third_Party/FreeRTOS/Source/tasks.o
                0x000000000800590c                xTaskGenericNotify
 .text.xTaskGenericNotifyFromISR
                0x0000000008005a7c      0x1b8 ./Middlewares/Third_Party/FreeRTOS/Source/tasks.o
                0x0000000008005a7c                xTaskGenericNotifyFromISR
 .text.prvAddCurrentTaskToDelayedList
                0x0000000008005c34       0xa8 ./Middlewares/Third_Party/FreeRTOS/Source/tasks.o
 .text.xTimerCreateTimerTask
                0x0000000008005cdc       0x90 ./Middlewares/Third_Party/FreeRTOS/Source/timers.o
                0x0000000008005cdc                xTimerCreateTimerTask
 .text.xTimerGenericCommand
                0x0000000008005d6c       0x9c ./Middlewares/Third_Party/FreeRTOS/Source/timers.o
                0x0000000008005d6c                xTimerGenericCommand
 .text.prvProcessExpiredTimer
                0x0000000008005e08       0x98 ./Middlewares/Third_Party/FreeRTOS/Source/timers.o
 .text.prvTimerTask
                0x0000000008005ea0       0x24 ./Middlewares/Third_Party/FreeRTOS/Source/timers.o
 .text.prvProcessTimerOrBlockTask
                0x0000000008005ec4       0x9c ./Middlewares/Third_Party/FreeRTOS/Source/timers.o
 .text.prvGetNextExpireTime
                0x0000000008005f60       0x48 ./Middlewares/Third_Party/FreeRTOS/Source/timers.o
 .text.prvSampleTimeNow
                0x0000000008005fa8       0x40 ./Middlewares/Third_Party/FreeRTOS/Source/timers.o
 .text.prvInsertTimerInActiveList
                0x0000000008005fe8       0x84 ./Middlewares/Third_Party/FreeRTOS/Source/timers.o
 .text.prvProcessReceivedCommands
                0x000000000800606c      0x1c4 ./Middlewares/Third_Party/FreeRTOS/Source/timers.o
 .text.prvSwitchTimerLists
                0x0000000008006230       0xc8 ./Middlewares/Third_Party/FreeRTOS/Source/timers.o
 .text.prvCheckForValidListAndQueue
                0x00000000080062f8       0x80 ./Middlewares/Third_Party/FreeRTOS/Source/timers.o
 .text.pxPortInitialiseStack
                0x0000000008006378       0x68 ./Middlewares/Third_Party/FreeRTOS/Source/portable/GCC/ARM_CM4F/port.o
                0x0000000008006378                pxPortInitialiseStack
 .text.prvTaskExitError
                0x00000000080063e0       0x58 ./Middlewares/Third_Party/FreeRTOS/Source/portable/GCC/ARM_CM4F/port.o
 *fill*         0x0000000008006438        0x8 
 .text.SVC_Handler
                0x0000000008006440       0x28 ./Middlewares/Third_Party/FreeRTOS/Source/portable/GCC/ARM_CM4F/port.o
                0x0000000008006440                SVC_Handler
 .text.prvPortStartFirstTask
                0x0000000008006468       0x28 ./Middlewares/Third_Party/FreeRTOS/Source/portable/GCC/ARM_CM4F/port.o
 .text.xPortStartScheduler
                0x0000000008006490      0x144 ./Middlewares/Third_Party/FreeRTOS/Source/portable/GCC/ARM_CM4F/port.o
                0x0000000008006490                xPortStartScheduler
 .text.vPortEnterCritical
                0x00000000080065d4       0x60 ./Middlewares/Third_Party/FreeRTOS/Source/portable/GCC/ARM_CM4F/port.o
                0x00000000080065d4                vPortEnterCritical
 .text.vPortExitCritical
                0x0000000008006634       0x54 ./Middlewares/Third_Party/FreeRTOS/Source/portable/GCC/ARM_CM4F/port.o
                0x0000000008006634                vPortExitCritical
 *fill*         0x0000000008006688        0x8 
 .text.PendSV_Handler
                0x0000000008006690       0x68 ./Middlewares/Third_Party/FreeRTOS/Source/portable/GCC/ARM_CM4F/port.o
                0x0000000008006690                PendSV_Handler
 .text.xPortSysTickHandler
                0x00000000080066f8       0x44 ./Middlewares/Third_Party/FreeRTOS/Source/portable/GCC/ARM_CM4F/port.o
                0x00000000080066f8                xPortSysTickHandler
 .text.vPortSetupTimerInterrupt
                0x000000000800673c       0x48 ./Middlewares/Third_Party/FreeRTOS/Source/portable/GCC/ARM_CM4F/port.o
                0x000000000800673c                vPortSetupTimerInterrupt
 .text.vPortEnableVFP
                0x0000000008006784       0x14 ./Middlewares/Third_Party/FreeRTOS/Source/portable/GCC/ARM_CM4F/port.o
 .text.vPortValidateInterruptPriority
                0x0000000008006798       0x80 ./Middlewares/Third_Party/FreeRTOS/Source/portable/GCC/ARM_CM4F/port.o
                0x0000000008006798                vPortValidateInterruptPriority
 .text.pvPortMalloc
                0x0000000008006818      0x198 ./Middlewares/Third_Party/FreeRTOS/Source/portable/MemMang/heap_4.o
                0x0000000008006818                pvPortMalloc
 .text.vPortFree
                0x00000000080069b0       0xc4 ./Middlewares/Third_Party/FreeRTOS/Source/portable/MemMang/heap_4.o
                0x00000000080069b0                vPortFree
 .text.prvHeapInit
                0x0000000008006a74       0xc4 ./Middlewares/Third_Party/FreeRTOS/Source/portable/MemMang/heap_4.o
 .text.prvInsertBlockIntoFreeList
                0x0000000008006b38       0xb4 ./Middlewares/Third_Party/FreeRTOS/Source/portable/MemMang/heap_4.o
 .text.__errno  0x0000000008006bec        0xc /opt/st/stm32cubeide_1.11.2/plugins/com.st.stm32cube.ide.mcu.externaltools.gnu-tools-for-stm32.10.3-2021.10.linux64_1.0.100.202210260954/tools/bin/../lib/gcc/arm-none-eabi/10.3.1/../../../../arm-none-eabi/lib/thumb/v7e-m+fp/hard/libc_nano.a(lib_a-errno.o)
                0x0000000008006bec                __errno
 .text.__libc_init_array
                0x0000000008006bf8       0x48 /opt/st/stm32cubeide_1.11.2/plugins/com.st.stm32cube.ide.mcu.externaltools.gnu-tools-for-stm32.10.3-2021.10.linux64_1.0.100.202210260954/tools/bin/../lib/gcc/arm-none-eabi/10.3.1/../../../../arm-none-eabi/lib/thumb/v7e-m+fp/hard/libc_nano.a(lib_a-init.o)
                0x0000000008006bf8                __libc_init_array
 .text.__itoa   0x0000000008006c40       0x30 /opt/st/stm32cubeide_1.11.2/plugins/com.st.stm32cube.ide.mcu.externaltools.gnu-tools-for-stm32.10.3-2021.10.linux64_1.0.100.202210260954/tools/bin/../lib/gcc/arm-none-eabi/10.3.1/../../../../arm-none-eabi/lib/thumb/v7e-m+fp/hard/libc_nano.a(lib_a-itoa.o)
                0x0000000008006c40                __itoa
 .text.itoa     0x0000000008006c70        0x4 /opt/st/stm32cubeide_1.11.2/plugins/com.st.stm32cube.ide.mcu.externaltools.gnu-tools-for-stm32.10.3-2021.10.linux64_1.0.100.202210260954/tools/bin/../lib/gcc/arm-none-eabi/10.3.1/../../../../arm-none-eabi/lib/thumb/v7e-m+fp/hard/libc_nano.a(lib_a-itoa.o)
                0x0000000008006c70                itoa
 .text.memcpy   0x0000000008006c74       0x1c /opt/st/stm32cubeide_1.11.2/plugins/com.st.stm32cube.ide.mcu.externaltools.gnu-tools-for-stm32.10.3-2021.10.linux64_1.0.100.202210260954/tools/bin/../lib/gcc/arm-none-eabi/10.3.1/../../../../arm-none-eabi/lib/thumb/v7e-m+fp/hard/libc_nano.a(lib_a-memcpy-stub.o)
                0x0000000008006c74                memcpy
 .text.memset   0x0000000008006c90       0x10 /opt/st/stm32cubeide_1.11.2/plugins/com.st.stm32cube.ide.mcu.externaltools.gnu-tools-for-stm32.10.3-2021.10.linux64_1.0.100.202210260954/tools/bin/../lib/gcc/arm-none-eabi/10.3.1/../../../../arm-none-eabi/lib/thumb/v7e-m+fp/hard/libc_nano.a(lib_a-memset.o)
                0x0000000008006c90                memset
 .text.printf   0x0000000008006ca0       0x30 /opt/st/stm32cubeide_1.11.2/plugins/com.st.stm32cube.ide.mcu.externaltools.gnu-tools-for-stm32.10.3-2021.10.linux64_1.0.100.202210260954/tools/bin/../lib/gcc/arm-none-eabi/10.3.1/../../../../arm-none-eabi/lib/thumb/v7e-m+fp/hard/libc_nano.a(lib_a-printf.o)
                0x0000000008006ca0                printf
                0x0000000008006ca0                iprintf
 .text.time     0x0000000008006cd0       0x34 /opt/st/stm32cubeide_1.11.2/plugins/com.st.stm32cube.ide.mcu.externaltools.gnu-tools-for-stm32.10.3-2021.10.linux64_1.0.100.202210260954/tools/bin/../lib/gcc/arm-none-eabi/10.3.1/../../../../arm-none-eabi/lib/thumb/v7e-m+fp/hard/libc_nano.a(lib_a-time.o)
                0x0000000008006cd0                time
 .text.__utoa   0x0000000008006d04       0x84 /opt/st/stm32cubeide_1.11.2/plugins/com.st.stm32cube.ide.mcu.externaltools.gnu-tools-for-stm32.10.3-2021.10.linux64_1.0.100.202210260954/tools/bin/../lib/gcc/arm-none-eabi/10.3.1/../../../../arm-none-eabi/lib/thumb/v7e-m+fp/hard/libc_nano.a(lib_a-utoa.o)
                0x0000000008006d04                __utoa
 .text.std      0x0000000008006d88       0x48 /opt/st/stm32cubeide_1.11.2/plugins/com.st.stm32cube.ide.mcu.externaltools.gnu-tools-for-stm32.10.3-2021.10.linux64_1.0.100.202210260954/tools/bin/../lib/gcc/arm-none-eabi/10.3.1/../../../../arm-none-eabi/lib/thumb/v7e-m+fp/hard/libc_nano.a(lib_a-findfp.o)
 .text._cleanup_r
                0x0000000008006dd0        0xc /opt/st/stm32cubeide_1.11.2/plugins/com.st.stm32cube.ide.mcu.externaltools.gnu-tools-for-stm32.10.3-2021.10.linux64_1.0.100.202210260954/tools/bin/../lib/gcc/arm-none-eabi/10.3.1/../../../../arm-none-eabi/lib/thumb/v7e-m+fp/hard/libc_nano.a(lib_a-findfp.o)
                0x0000000008006dd0                _cleanup_r
 .text.__sfmoreglue
                0x0000000008006ddc       0x2c /opt/st/stm32cubeide_1.11.2/plugins/com.st.stm32cube.ide.mcu.externaltools.gnu-tools-for-stm32.10.3-2021.10.linux64_1.0.100.202210260954/tools/bin/../lib/gcc/arm-none-eabi/10.3.1/../../../../arm-none-eabi/lib/thumb/v7e-m+fp/hard/libc_nano.a(lib_a-findfp.o)
                0x0000000008006ddc                __sfmoreglue
 .text.__sfp_lock_acquire
                0x0000000008006e08        0xc /opt/st/stm32cubeide_1.11.2/plugins/com.st.stm32cube.ide.mcu.externaltools.gnu-tools-for-stm32.10.3-2021.10.linux64_1.0.100.202210260954/tools/bin/../lib/gcc/arm-none-eabi/10.3.1/../../../../arm-none-eabi/lib/thumb/v7e-m+fp/hard/libc_nano.a(lib_a-findfp.o)
                0x0000000008006e08                __sfp_lock_acquire
 .text.__sfp_lock_release
                0x0000000008006e14        0xc /opt/st/stm32cubeide_1.11.2/plugins/com.st.stm32cube.ide.mcu.externaltools.gnu-tools-for-stm32.10.3-2021.10.linux64_1.0.100.202210260954/tools/bin/../lib/gcc/arm-none-eabi/10.3.1/../../../../arm-none-eabi/lib/thumb/v7e-m+fp/hard/libc_nano.a(lib_a-findfp.o)
                0x0000000008006e14                __sfp_lock_release
 .text.__sinit_lock_acquire
                0x0000000008006e20        0xc /opt/st/stm32cubeide_1.11.2/plugins/com.st.stm32cube.ide.mcu.externaltools.gnu-tools-for-stm32.10.3-2021.10.linux64_1.0.100.202210260954/tools/bin/../lib/gcc/arm-none-eabi/10.3.1/../../../../arm-none-eabi/lib/thumb/v7e-m+fp/hard/libc_nano.a(lib_a-findfp.o)
                0x0000000008006e20                __sinit_lock_acquire
 .text.__sinit_lock_release
                0x0000000008006e2c        0xc /opt/st/stm32cubeide_1.11.2/plugins/com.st.stm32cube.ide.mcu.externaltools.gnu-tools-for-stm32.10.3-2021.10.linux64_1.0.100.202210260954/tools/bin/../lib/gcc/arm-none-eabi/10.3.1/../../../../arm-none-eabi/lib/thumb/v7e-m+fp/hard/libc_nano.a(lib_a-findfp.o)
                0x0000000008006e2c                __sinit_lock_release
 .text.__sinit  0x0000000008006e38       0x70 /opt/st/stm32cubeide_1.11.2/plugins/com.st.stm32cube.ide.mcu.externaltools.gnu-tools-for-stm32.10.3-2021.10.linux64_1.0.100.202210260954/tools/bin/../lib/gcc/arm-none-eabi/10.3.1/../../../../arm-none-eabi/lib/thumb/v7e-m+fp/hard/libc_nano.a(lib_a-findfp.o)
                0x0000000008006e38                __sinit
 .text.__sfp    0x0000000008006ea8       0x8c /opt/st/stm32cubeide_1.11.2/plugins/com.st.stm32cube.ide.mcu.externaltools.gnu-tools-for-stm32.10.3-2021.10.linux64_1.0.100.202210260954/tools/bin/../lib/gcc/arm-none-eabi/10.3.1/../../../../arm-none-eabi/lib/thumb/v7e-m+fp/hard/libc_nano.a(lib_a-findfp.o)
                0x0000000008006ea8                __sfp
 .text._fwalk_reent
                0x0000000008006f34       0x3e /opt/st/stm32cubeide_1.11.2/plugins/com.st.stm32cube.ide.mcu.externaltools.gnu-tools-for-stm32.10.3-2021.10.linux64_1.0.100.202210260954/tools/bin/../lib/gcc/arm-none-eabi/10.3.1/../../../../arm-none-eabi/lib/thumb/v7e-m+fp/hard/libc_nano.a(lib_a-fwalk.o)
                0x0000000008006f34                _fwalk_reent
 *fill*         0x0000000008006f72        0x2 
 .text._gettimeofday_r
                0x0000000008006f74       0x24 /opt/st/stm32cubeide_1.11.2/plugins/com.st.stm32cube.ide.mcu.externaltools.gnu-tools-for-stm32.10.3-2021.10.linux64_1.0.100.202210260954/tools/bin/../lib/gcc/arm-none-eabi/10.3.1/../../../../arm-none-eabi/lib/thumb/v7e-m+fp/hard/libc_nano.a(lib_a-gettimeofdayr.o)
                0x0000000008006f74                _gettimeofday_r
 .text.__retarget_lock_init_recursive
                0x0000000008006f98        0x2 /opt/st/stm32cubeide_1.11.2/plugins/com.st.stm32cube.ide.mcu.externaltools.gnu-tools-for-stm32.10.3-2021.10.linux64_1.0.100.202210260954/tools/bin/../lib/gcc/arm-none-eabi/10.3.1/../../../../arm-none-eabi/lib/thumb/v7e-m+fp/hard/libc_nano.a(lib_a-lock.o)
                0x0000000008006f98                __retarget_lock_init_recursive
 .text.__retarget_lock_acquire_recursive
                0x0000000008006f9a        0x2 /opt/st/stm32cubeide_1.11.2/plugins/com.st.stm32cube.ide.mcu.externaltools.gnu-tools-for-stm32.10.3-2021.10.linux64_1.0.100.202210260954/tools/bin/../lib/gcc/arm-none-eabi/10.3.1/../../../../arm-none-eabi/lib/thumb/v7e-m+fp/hard/libc_nano.a(lib_a-lock.o)
                0x0000000008006f9a                __retarget_lock_acquire_recursive
 .text.__retarget_lock_release_recursive
                0x0000000008006f9c        0x2 /opt/st/stm32cubeide_1.11.2/plugins/com.st.stm32cube.ide.mcu.externaltools.gnu-tools-for-stm32.10.3-2021.10.linux64_1.0.100.202210260954/tools/bin/../lib/gcc/arm-none-eabi/10.3.1/../../../../arm-none-eabi/lib/thumb/v7e-m+fp/hard/libc_nano.a(lib_a-lock.o)
                0x0000000008006f9c                __retarget_lock_release_recursive
 *fill*         0x0000000008006f9e        0x2 
 .text.sbrk_aligned
                0x0000000008006fa0       0x40 /opt/st/stm32cubeide_1.11.2/plugins/com.st.stm32cube.ide.mcu.externaltools.gnu-tools-for-stm32.10.3-2021.10.linux64_1.0.100.202210260954/tools/bin/../lib/gcc/arm-none-eabi/10.3.1/../../../../arm-none-eabi/lib/thumb/v7e-m+fp/hard/libc_nano.a(lib_a-nano-mallocr.o)
 .text._malloc_r
                0x0000000008006fe0       0xe8 /opt/st/stm32cubeide_1.11.2/plugins/com.st.stm32cube.ide.mcu.externaltools.gnu-tools-for-stm32.10.3-2021.10.linux64_1.0.100.202210260954/tools/bin/../lib/gcc/arm-none-eabi/10.3.1/../../../../arm-none-eabi/lib/thumb/v7e-m+fp/hard/libc_nano.a(lib_a-nano-mallocr.o)
                0x0000000008006fe0                _malloc_r
 .text.__sfputc_r
                0x00000000080070c8       0x2e /opt/st/stm32cubeide_1.11.2/plugins/com.st.stm32cube.ide.mcu.externaltools.gnu-tools-for-stm32.10.3-2021.10.linux64_1.0.100.202210260954/tools/bin/../lib/gcc/arm-none-eabi/10.3.1/../../../../arm-none-eabi/lib/thumb/v7e-m+fp/hard/libc_nano.a(lib_a-nano-vfprintf.o)
 .text.__sfputs_r
                0x00000000080070f6       0x24 /opt/st/stm32cubeide_1.11.2/plugins/com.st.stm32cube.ide.mcu.externaltools.gnu-tools-for-stm32.10.3-2021.10.linux64_1.0.100.202210260954/tools/bin/../lib/gcc/arm-none-eabi/10.3.1/../../../../arm-none-eabi/lib/thumb/v7e-m+fp/hard/libc_nano.a(lib_a-nano-vfprintf.o)
                0x00000000080070f6                __sfputs_r
 *fill*         0x000000000800711a        0x2 
 .text._vfprintf_r
                0x000000000800711c      0x260 /opt/st/stm32cubeide_1.11.2/plugins/com.st.stm32cube.ide.mcu.externaltools.gnu-tools-for-stm32.10.3-2021.10.linux64_1.0.100.202210260954/tools/bin/../lib/gcc/arm-none-eabi/10.3.1/../../../../arm-none-eabi/lib/thumb/v7e-m+fp/hard/libc_nano.a(lib_a-nano-vfprintf.o)
                0x000000000800711c                _vfiprintf_r
                0x000000000800711c                _vfprintf_r
 .text._printf_common
                0x000000000800737c       0xda /opt/st/stm32cubeide_1.11.2/plugins/com.st.stm32cube.ide.mcu.externaltools.gnu-tools-for-stm32.10.3-2021.10.linux64_1.0.100.202210260954/tools/bin/../lib/gcc/arm-none-eabi/10.3.1/../../../../arm-none-eabi/lib/thumb/v7e-m+fp/hard/libc_nano.a(lib_a-nano-vfprintf_i.o)
                0x000000000800737c                _printf_common
 *fill*         0x0000000008007456        0x2 
 .text._printf_i
                0x0000000008007458      0x24c /opt/st/stm32cubeide_1.11.2/plugins/com.st.stm32cube.ide.mcu.externaltools.gnu-tools-for-stm32.10.3-2021.10.linux64_1.0.100.202210260954/tools/bin/../lib/gcc/arm-none-eabi/10.3.1/../../../../arm-none-eabi/lib/thumb/v7e-m+fp/hard/libc_nano.a(lib_a-nano-vfprintf_i.o)
                0x0000000008007458                _printf_i
 .text._sbrk_r  0x00000000080076a4       0x20 /opt/st/stm32cubeide_1.11.2/plugins/com.st.stm32cube.ide.mcu.externaltools.gnu-tools-for-stm32.10.3-2021.10.linux64_1.0.100.202210260954/tools/bin/../lib/gcc/arm-none-eabi/10.3.1/../../../../arm-none-eabi/lib/thumb/v7e-m+fp/hard/libc_nano.a(lib_a-sbrkr.o)
                0x00000000080076a4                _sbrk_r
 .text.__sread  0x00000000080076c4       0x22 /opt/st/stm32cubeide_1.11.2/plugins/com.st.stm32cube.ide.mcu.externaltools.gnu-tools-for-stm32.10.3-2021.10.linux64_1.0.100.202210260954/tools/bin/../lib/gcc/arm-none-eabi/10.3.1/../../../../arm-none-eabi/lib/thumb/v7e-m+fp/hard/libc_nano.a(lib_a-stdio.o)
                0x00000000080076c4                __sread
 .text.__swrite
                0x00000000080076e6       0x38 /opt/st/stm32cubeide_1.11.2/plugins/com.st.stm32cube.ide.mcu.externaltools.gnu-tools-for-stm32.10.3-2021.10.linux64_1.0.100.202210260954/tools/bin/../lib/gcc/arm-none-eabi/10.3.1/../../../../arm-none-eabi/lib/thumb/v7e-m+fp/hard/libc_nano.a(lib_a-stdio.o)
                0x00000000080076e6                __swrite
 .text.__sseek  0x000000000800771e       0x24 /opt/st/stm32cubeide_1.11.2/plugins/com.st.stm32cube.ide.mcu.externaltools.gnu-tools-for-stm32.10.3-2021.10.linux64_1.0.100.202210260954/tools/bin/../lib/gcc/arm-none-eabi/10.3.1/../../../../arm-none-eabi/lib/thumb/v7e-m+fp/hard/libc_nano.a(lib_a-stdio.o)
                0x000000000800771e                __sseek
 .text.__sclose
                0x0000000008007742        0x8 /opt/st/stm32cubeide_1.11.2/plugins/com.st.stm32cube.ide.mcu.externaltools.gnu-tools-for-stm32.10.3-2021.10.linux64_1.0.100.202210260954/tools/bin/../lib/gcc/arm-none-eabi/10.3.1/../../../../arm-none-eabi/lib/thumb/v7e-m+fp/hard/libc_nano.a(lib_a-stdio.o)
                0x0000000008007742                __sclose
 *fill*         0x000000000800774a        0x2 
 .text.__swbuf_r
                0x000000000800774c       0xa4 /opt/st/stm32cubeide_1.11.2/plugins/com.st.stm32cube.ide.mcu.externaltools.gnu-tools-for-stm32.10.3-2021.10.linux64_1.0.100.202210260954/tools/bin/../lib/gcc/arm-none-eabi/10.3.1/../../../../arm-none-eabi/lib/thumb/v7e-m+fp/hard/libc_nano.a(lib_a-wbuf.o)
                0x000000000800774c                __swbuf_r
 .text._write_r
                0x00000000080077f0       0x24 /opt/st/stm32cubeide_1.11.2/plugins/com.st.stm32cube.ide.mcu.externaltools.gnu-tools-for-stm32.10.3-2021.10.linux64_1.0.100.202210260954/tools/bin/../lib/gcc/arm-none-eabi/10.3.1/../../../../arm-none-eabi/lib/thumb/v7e-m+fp/hard/libc_nano.a(lib_a-writer.o)
                0x00000000080077f0                _write_r
 .text.__swsetup_r
                0x0000000008007814       0xdc /opt/st/stm32cubeide_1.11.2/plugins/com.st.stm32cube.ide.mcu.externaltools.gnu-tools-for-stm32.10.3-2021.10.linux64_1.0.100.202210260954/tools/bin/../lib/gcc/arm-none-eabi/10.3.1/../../../../arm-none-eabi/lib/thumb/v7e-m+fp/hard/libc_nano.a(lib_a-wsetup.o)
                0x0000000008007814                __swsetup_r
 .text._close_r
                0x00000000080078f0       0x20 /opt/st/stm32cubeide_1.11.2/plugins/com.st.stm32cube.ide.mcu.externaltools.gnu-tools-for-stm32.10.3-2021.10.linux64_1.0.100.202210260954/tools/bin/../lib/gcc/arm-none-eabi/10.3.1/../../../../arm-none-eabi/lib/thumb/v7e-m+fp/hard/libc_nano.a(lib_a-closer.o)
                0x00000000080078f0                _close_r
 .text.__sflush_r
                0x0000000008007910      0x10c /opt/st/stm32cubeide_1.11.2/plugins/com.st.stm32cube.ide.mcu.externaltools.gnu-tools-for-stm32.10.3-2021.10.linux64_1.0.100.202210260954/tools/bin/../lib/gcc/arm-none-eabi/10.3.1/../../../../arm-none-eabi/lib/thumb/v7e-m+fp/hard/libc_nano.a(lib_a-fflush.o)
                0x0000000008007910                __sflush_r
 .text._fflush_r
                0x0000000008007a1c       0x78 /opt/st/stm32cubeide_1.11.2/plugins/com.st.stm32cube.ide.mcu.externaltools.gnu-tools-for-stm32.10.3-2021.10.linux64_1.0.100.202210260954/tools/bin/../lib/gcc/arm-none-eabi/10.3.1/../../../../arm-none-eabi/lib/thumb/v7e-m+fp/hard/libc_nano.a(lib_a-fflush.o)
                0x0000000008007a1c                _fflush_r
 .text._lseek_r
                0x0000000008007a94       0x24 /opt/st/stm32cubeide_1.11.2/plugins/com.st.stm32cube.ide.mcu.externaltools.gnu-tools-for-stm32.10.3-2021.10.linux64_1.0.100.202210260954/tools/bin/../lib/gcc/arm-none-eabi/10.3.1/../../../../arm-none-eabi/lib/thumb/v7e-m+fp/hard/libc_nano.a(lib_a-lseekr.o)
                0x0000000008007a94                _lseek_r
 .text.__swhatbuf_r
                0x0000000008007ab8       0x4a /opt/st/stm32cubeide_1.11.2/plugins/com.st.stm32cube.ide.mcu.externaltools.gnu-tools-for-stm32.10.3-2021.10.linux64_1.0.100.202210260954/tools/bin/../lib/gcc/arm-none-eabi/10.3.1/../../../../arm-none-eabi/lib/thumb/v7e-m+fp/hard/libc_nano.a(lib_a-makebuf.o)
                0x0000000008007ab8                __swhatbuf_r
 *fill*         0x0000000008007b02        0x2 
 .text.__smakebuf_r
                0x0000000008007b04       0x80 /opt/st/stm32cubeide_1.11.2/plugins/com.st.stm32cube.ide.mcu.externaltools.gnu-tools-for-stm32.10.3-2021.10.linux64_1.0.100.202210260954/tools/bin/../lib/gcc/arm-none-eabi/10.3.1/../../../../arm-none-eabi/lib/thumb/v7e-m+fp/hard/libc_nano.a(lib_a-makebuf.o)
                0x0000000008007b04                __smakebuf_r
 .text.__malloc_lock
                0x0000000008007b84        0xc /opt/st/stm32cubeide_1.11.2/plugins/com.st.stm32cube.ide.mcu.externaltools.gnu-tools-for-stm32.10.3-2021.10.linux64_1.0.100.202210260954/tools/bin/../lib/gcc/arm-none-eabi/10.3.1/../../../../arm-none-eabi/lib/thumb/v7e-m+fp/hard/libc_nano.a(lib_a-mlock.o)
                0x0000000008007b84                __malloc_lock
 .text.__malloc_unlock
                0x0000000008007b90        0xc /opt/st/stm32cubeide_1.11.2/plugins/com.st.stm32cube.ide.mcu.externaltools.gnu-tools-for-stm32.10.3-2021.10.linux64_1.0.100.202210260954/tools/bin/../lib/gcc/arm-none-eabi/10.3.1/../../../../arm-none-eabi/lib/thumb/v7e-m+fp/hard/libc_nano.a(lib_a-mlock.o)
                0x0000000008007b90                __malloc_unlock
 .text._free_r  0x0000000008007b9c       0x98 /opt/st/stm32cubeide_1.11.2/plugins/com.st.stm32cube.ide.mcu.externaltools.gnu-tools-for-stm32.10.3-2021.10.linux64_1.0.100.202210260954/tools/bin/../lib/gcc/arm-none-eabi/10.3.1/../../../../arm-none-eabi/lib/thumb/v7e-m+fp/hard/libc_nano.a(lib_a-nano-freer.o)
                0x0000000008007b9c                _free_r
 .text._read_r  0x0000000008007c34       0x24 /opt/st/stm32cubeide_1.11.2/plugins/com.st.stm32cube.ide.mcu.externaltools.gnu-tools-for-stm32.10.3-2021.10.linux64_1.0.100.202210260954/tools/bin/../lib/gcc/arm-none-eabi/10.3.1/../../../../arm-none-eabi/lib/thumb/v7e-m+fp/hard/libc_nano.a(lib_a-readr.o)
                0x0000000008007c34                _read_r
 .text._fstat_r
                0x0000000008007c58       0x24 /opt/st/stm32cubeide_1.11.2/plugins/com.st.stm32cube.ide.mcu.externaltools.gnu-tools-for-stm32.10.3-2021.10.linux64_1.0.100.202210260954/tools/bin/../lib/gcc/arm-none-eabi/10.3.1/../../../../arm-none-eabi/lib/thumb/v7e-m+fp/hard/libc_nano.a(lib_a-fstatr.o)
                0x0000000008007c58                _fstat_r
 .text._isatty_r
                0x0000000008007c7c       0x20 /opt/st/stm32cubeide_1.11.2/plugins/com.st.stm32cube.ide.mcu.externaltools.gnu-tools-for-stm32.10.3-2021.10.linux64_1.0.100.202210260954/tools/bin/../lib/gcc/arm-none-eabi/10.3.1/../../../../arm-none-eabi/lib/thumb/v7e-m+fp/hard/libc_nano.a(lib_a-isattyr.o)
                0x0000000008007c7c                _isatty_r
 .text._gettimeofday
                0x0000000008007c9c       0x10 /opt/st/stm32cubeide_1.11.2/plugins/com.st.stm32cube.ide.mcu.externaltools.gnu-tools-for-stm32.10.3-2021.10.linux64_1.0.100.202210260954/tools/bin/../lib/gcc/arm-none-eabi/10.3.1/../../../../arm-none-eabi/lib/thumb/v7e-m+fp/hard/libnosys.a(gettod.o)
                0x0000000008007c9c                _gettimeofday
 *(.glue_7)
 .glue_7        0x0000000008007cac        0x0 linker stubs
 *(.glue_7t)
 .glue_7t       0x0000000008007cac        0x0 linker stubs
 *(.eh_frame)
 .eh_frame      0x0000000008007cac        0x0 /opt/st/stm32cubeide_1.11.2/plugins/com.st.stm32cube.ide.mcu.externaltools.gnu-tools-for-stm32.10.3-2021.10.linux64_1.0.100.202210260954/tools/bin/../lib/gcc/arm-none-eabi/10.3.1/thumb/v7e-m+fp/hard/crtbegin.o
 *(.init)
 .init          0x0000000008007cac        0x4 /opt/st/stm32cubeide_1.11.2/plugins/com.st.stm32cube.ide.mcu.externaltools.gnu-tools-for-stm32.10.3-2021.10.linux64_1.0.100.202210260954/tools/bin/../lib/gcc/arm-none-eabi/10.3.1/thumb/v7e-m+fp/hard/crti.o
                0x0000000008007cac                _init
 .init          0x0000000008007cb0        0x8 /opt/st/stm32cubeide_1.11.2/plugins/com.st.stm32cube.ide.mcu.externaltools.gnu-tools-for-stm32.10.3-2021.10.linux64_1.0.100.202210260954/tools/bin/../lib/gcc/arm-none-eabi/10.3.1/thumb/v7e-m+fp/hard/crtn.o
 *(.fini)
 .fini          0x0000000008007cb8        0x4 /opt/st/stm32cubeide_1.11.2/plugins/com.st.stm32cube.ide.mcu.externaltools.gnu-tools-for-stm32.10.3-2021.10.linux64_1.0.100.202210260954/tools/bin/../lib/gcc/arm-none-eabi/10.3.1/thumb/v7e-m+fp/hard/crti.o
                0x0000000008007cb8                _fini
 .fini          0x0000000008007cbc        0x8 /opt/st/stm32cubeide_1.11.2/plugins/com.st.stm32cube.ide.mcu.externaltools.gnu-tools-for-stm32.10.3-2021.10.linux64_1.0.100.202210260954/tools/bin/../lib/gcc/arm-none-eabi/10.3.1/thumb/v7e-m+fp/hard/crtn.o
                0x0000000008007cc4                . = ALIGN (0x4)
                0x0000000008007cc4                _etext = .

.vfp11_veneer   0x0000000008007cc4        0x0
 .vfp11_veneer  0x0000000008007cc4        0x0 linker stubs

.v4_bx          0x0000000008007cc4        0x0
 .v4_bx         0x0000000008007cc4        0x0 linker stubs

.iplt           0x0000000008007cc4        0x0
 .iplt          0x0000000008007cc4        0x0 /opt/st/stm32cubeide_1.11.2/plugins/com.st.stm32cube.ide.mcu.externaltools.gnu-tools-for-stm32.10.3-2021.10.linux64_1.0.100.202210260954/tools/bin/../lib/gcc/arm-none-eabi/10.3.1/thumb/v7e-m+fp/hard/crtbegin.o

.rodata         0x0000000008007cc4      0x168
                0x0000000008007cc4                . = ALIGN (0x4)
 *(.rodata)
 .rodata        0x0000000008007cc4       0x77 ./Core/Src/projet.o
 *fill*         0x0000000008007d3b        0x1 
 .rodata        0x0000000008007d3c        0x5 ./Middlewares/Third_Party/FreeRTOS/Source/tasks.o
 *fill*         0x0000000008007d41        0x3 
 .rodata        0x0000000008007d44        0xd ./Middlewares/Third_Party/FreeRTOS/Source/timers.o
 *(.rodata*)
 *fill*         0x0000000008007d51        0x3 
 .rodata.AHBPrescTable
                0x0000000008007d54       0x10 ./Core/Src/system_stm32f4xx.o
                0x0000000008007d54                AHBPrescTable
 .rodata.APBPrescTable
                0x0000000008007d64        0x8 ./Core/Src/system_stm32f4xx.o
                0x0000000008007d64                APBPrescTable
 .rodata._global_impure_ptr
                0x0000000008007d6c        0x4 /opt/st/stm32cubeide_1.11.2/plugins/com.st.stm32cube.ide.mcu.externaltools.gnu-tools-for-stm32.10.3-2021.10.linux64_1.0.100.202210260954/tools/bin/../lib/gcc/arm-none-eabi/10.3.1/../../../../arm-none-eabi/lib/thumb/v7e-m+fp/hard/libc_nano.a(lib_a-impure.o)
                0x0000000008007d6c                _global_impure_ptr
 .rodata.__utoa.str1.1
                0x0000000008007d70       0x25 /opt/st/stm32cubeide_1.11.2/plugins/com.st.stm32cube.ide.mcu.externaltools.gnu-tools-for-stm32.10.3-2021.10.linux64_1.0.100.202210260954/tools/bin/../lib/gcc/arm-none-eabi/10.3.1/../../../../arm-none-eabi/lib/thumb/v7e-m+fp/hard/libc_nano.a(lib_a-utoa.o)
 *fill*         0x0000000008007d95        0x3 
 .rodata.__sf_fake_stderr
                0x0000000008007d98       0x20 /opt/st/stm32cubeide_1.11.2/plugins/com.st.stm32cube.ide.mcu.externaltools.gnu-tools-for-stm32.10.3-2021.10.linux64_1.0.100.202210260954/tools/bin/../lib/gcc/arm-none-eabi/10.3.1/../../../../arm-none-eabi/lib/thumb/v7e-m+fp/hard/libc_nano.a(lib_a-findfp.o)
                0x0000000008007d98                __sf_fake_stderr
 .rodata.__sf_fake_stdin
                0x0000000008007db8       0x20 /opt/st/stm32cubeide_1.11.2/plugins/com.st.stm32cube.ide.mcu.externaltools.gnu-tools-for-stm32.10.3-2021.10.linux64_1.0.100.202210260954/tools/bin/../lib/gcc/arm-none-eabi/10.3.1/../../../../arm-none-eabi/lib/thumb/v7e-m+fp/hard/libc_nano.a(lib_a-findfp.o)
                0x0000000008007db8                __sf_fake_stdin
 .rodata.__sf_fake_stdout
                0x0000000008007dd8       0x20 /opt/st/stm32cubeide_1.11.2/plugins/com.st.stm32cube.ide.mcu.externaltools.gnu-tools-for-stm32.10.3-2021.10.linux64_1.0.100.202210260954/tools/bin/../lib/gcc/arm-none-eabi/10.3.1/../../../../arm-none-eabi/lib/thumb/v7e-m+fp/hard/libc_nano.a(lib_a-findfp.o)
                0x0000000008007dd8                __sf_fake_stdout
 .rodata._vfprintf_r.str1.1
                0x0000000008007df8       0x11 /opt/st/stm32cubeide_1.11.2/plugins/com.st.stm32cube.ide.mcu.externaltools.gnu-tools-for-stm32.10.3-2021.10.linux64_1.0.100.202210260954/tools/bin/../lib/gcc/arm-none-eabi/10.3.1/../../../../arm-none-eabi/lib/thumb/v7e-m+fp/hard/libc_nano.a(lib_a-nano-vfprintf.o)
 .rodata._printf_i.str1.1
                0x0000000008007e09       0x22 /opt/st/stm32cubeide_1.11.2/plugins/com.st.stm32cube.ide.mcu.externaltools.gnu-tools-for-stm32.10.3-2021.10.linux64_1.0.100.202210260954/tools/bin/../lib/gcc/arm-none-eabi/10.3.1/../../../../arm-none-eabi/lib/thumb/v7e-m+fp/hard/libc_nano.a(lib_a-nano-vfprintf_i.o)
                0x0000000008007e2c                . = ALIGN (0x4)
 *fill*         0x0000000008007e2b        0x1 

.ARM.extab      0x0000000008007e2c        0x0
                0x0000000008007e2c                . = ALIGN (0x4)
 *(.ARM.extab* .gnu.linkonce.armextab.*)
                0x0000000008007e2c                . = ALIGN (0x4)

.ARM            0x0000000008007e2c        0x8
                0x0000000008007e2c                . = ALIGN (0x4)
                0x0000000008007e2c                __exidx_start = .
 *(.ARM.exidx*)
 .ARM.exidx     0x0000000008007e2c        0x8 /opt/st/stm32cubeide_1.11.2/plugins/com.st.stm32cube.ide.mcu.externaltools.gnu-tools-for-stm32.10.3-2021.10.linux64_1.0.100.202210260954/tools/bin/../lib/gcc/arm-none-eabi/10.3.1/thumb/v7e-m+fp/hard/libgcc.a(_udivmoddi4.o)
                0x0000000008007e34                __exidx_end = .
                0x0000000008007e34                . = ALIGN (0x4)

.rel.dyn        0x0000000008007e34        0x0
 .rel.iplt      0x0000000008007e34        0x0 /opt/st/stm32cubeide_1.11.2/plugins/com.st.stm32cube.ide.mcu.externaltools.gnu-tools-for-stm32.10.3-2021.10.linux64_1.0.100.202210260954/tools/bin/../lib/gcc/arm-none-eabi/10.3.1/thumb/v7e-m+fp/hard/crtbegin.o

.preinit_array  0x0000000008007e34        0x0
                0x0000000008007e34                . = ALIGN (0x4)
                0x0000000008007e34                PROVIDE (__preinit_array_start = .)
 *(.preinit_array*)
                0x0000000008007e34                PROVIDE (__preinit_array_end = .)
                0x0000000008007e34                . = ALIGN (0x4)

.init_array     0x0000000008007e34        0x4
                0x0000000008007e34                . = ALIGN (0x4)
                0x0000000008007e34                PROVIDE (__init_array_start = .)
 *(SORT_BY_NAME(.init_array.*))
 *(.init_array*)
 .init_array    0x0000000008007e34        0x4 /opt/st/stm32cubeide_1.11.2/plugins/com.st.stm32cube.ide.mcu.externaltools.gnu-tools-for-stm32.10.3-2021.10.linux64_1.0.100.202210260954/tools/bin/../lib/gcc/arm-none-eabi/10.3.1/thumb/v7e-m+fp/hard/crtbegin.o
                0x0000000008007e38                PROVIDE (__init_array_end = .)
                0x0000000008007e38                . = ALIGN (0x4)

.fini_array     0x0000000008007e38        0x4
                0x0000000008007e38                . = ALIGN (0x4)
                [!provide]                        PROVIDE (__fini_array_start = .)
 *(SORT_BY_NAME(.fini_array.*))
 *(.fini_array*)
 .fini_array    0x0000000008007e38        0x4 /opt/st/stm32cubeide_1.11.2/plugins/com.st.stm32cube.ide.mcu.externaltools.gnu-tools-for-stm32.10.3-2021.10.linux64_1.0.100.202210260954/tools/bin/../lib/gcc/arm-none-eabi/10.3.1/thumb/v7e-m+fp/hard/crtbegin.o
                [!provide]                        PROVIDE (__fini_array_end = .)
                0x0000000008007e3c                . = ALIGN (0x4)
                0x0000000008007e3c                _sidata = LOADADDR (.data)

.data           0x0000000020000000      0x130 load address 0x0000000008007e3c
                0x0000000020000000                . = ALIGN (0x4)
                0x0000000020000000                _sdata = .
 *(.data)
 *(.data*)
 .data.period_sensor_1
                0x0000000020000000        0x4 ./Core/Src/projet.o
                0x0000000020000000                period_sensor_1
 .data.period_sensor_2
                0x0000000020000004        0x4 ./Core/Src/projet.o
                0x0000000020000004                period_sensor_2
 .data.period_sensor_3
                0x0000000020000008        0x4 ./Core/Src/projet.o
                0x0000000020000008                period_sensor_3
 .data.period_send
                0x000000002000000c        0x4 ./Core/Src/projet.o
                0x000000002000000c                period_send
 .data.json_message
                0x0000000020000010        0x4 ./Core/Src/projet.o
                0x0000000020000010                json_message
 .data.PORT     0x0000000020000014       0x10 ./Core/Src/projet.o
                0x0000000020000014                PORT
 .data.PIN      0x0000000020000024        0x8 ./Core/Src/projet.o
                0x0000000020000024                PIN
 .data.Config_Thread_Sensor_1
                0x000000002000002c       0x24 ./Core/Src/projet.o
                0x000000002000002c                Config_Thread_Sensor_1
 .data.Config_Thread_Sensor_2
                0x0000000020000050       0x24 ./Core/Src/projet.o
                0x0000000020000050                Config_Thread_Sensor_2
 .data.Config_Thread_Sensor_3
                0x0000000020000074       0x24 ./Core/Src/projet.o
                0x0000000020000074                Config_Thread_Sensor_3
 .data.Config_Thread_Send
                0x0000000020000098       0x24 ./Core/Src/projet.o
                0x0000000020000098                Config_Thread_Send
 .data.SystemCoreClock
                0x00000000200000bc        0x4 ./Core/Src/system_stm32f4xx.o
                0x00000000200000bc                SystemCoreClock
 .data.uwTickPrio
                0x00000000200000c0        0x4 ./Drivers/STM32F4xx_HAL_Driver/Src/stm32f4xx_hal.o
                0x00000000200000c0                uwTickPrio
 .data.uwTickFreq
                0x00000000200000c4        0x1 ./Drivers/STM32F4xx_HAL_Driver/Src/stm32f4xx_hal.o
                0x00000000200000c4                uwTickFreq
 *fill*         0x00000000200000c5        0x3 
 .data.uxCriticalNesting
                0x00000000200000c8        0x4 ./Middlewares/Third_Party/FreeRTOS/Source/portable/GCC/ARM_CM4F/port.o
 .data._impure_ptr
                0x00000000200000cc        0x4 /opt/st/stm32cubeide_1.11.2/plugins/com.st.stm32cube.ide.mcu.externaltools.gnu-tools-for-stm32.10.3-2021.10.linux64_1.0.100.202210260954/tools/bin/../lib/gcc/arm-none-eabi/10.3.1/../../../../arm-none-eabi/lib/thumb/v7e-m+fp/hard/libc_nano.a(lib_a-impure.o)
                0x00000000200000cc                _impure_ptr
 .data.impure_data
                0x00000000200000d0       0x60 /opt/st/stm32cubeide_1.11.2/plugins/com.st.stm32cube.ide.mcu.externaltools.gnu-tools-for-stm32.10.3-2021.10.linux64_1.0.100.202210260954/tools/bin/../lib/gcc/arm-none-eabi/10.3.1/../../../../arm-none-eabi/lib/thumb/v7e-m+fp/hard/libc_nano.a(lib_a-impure.o)
 *(.RamFunc)
 *(.RamFunc*)
                0x0000000020000130                . = ALIGN (0x4)
                0x0000000020000130                _edata = .

.igot.plt       0x0000000020000130        0x0 load address 0x0000000008007f6c
 .igot.plt      0x0000000020000130        0x0 /opt/st/stm32cubeide_1.11.2/plugins/com.st.stm32cube.ide.mcu.externaltools.gnu-tools-for-stm32.10.3-2021.10.linux64_1.0.100.202210260954/tools/bin/../lib/gcc/arm-none-eabi/10.3.1/thumb/v7e-m+fp/hard/crtbegin.o
                0x0000000020000130                . = ALIGN (0x4)

.bss            0x0000000020000130     0x4ad0 load address 0x0000000008007f6c
                0x0000000020000130                _sbss = .
                0x0000000020000130                __bss_start__ = _sbss
 *(.bss)
 .bss           0x0000000020000130       0x1c /opt/st/stm32cubeide_1.11.2/plugins/com.st.stm32cube.ide.mcu.externaltools.gnu-tools-for-stm32.10.3-2021.10.linux64_1.0.100.202210260954/tools/bin/../lib/gcc/arm-none-eabi/10.3.1/thumb/v7e-m+fp/hard/crtbegin.o
 *(.bss*)
 .bss.hadc1     0x000000002000014c       0x48 ./Core/Src/adc.o
                0x000000002000014c                hadc1
 .bss.state_config
                0x0000000020000194        0x4 ./Core/Src/projet.o
                0x0000000020000194                state_config
 .bss.PERIOD    0x0000000020000198       0x10 ./Core/Src/projet.o
                0x0000000020000198                PERIOD
 .bss.Pipe_Reception_Analyse
                0x00000000200001a8        0x4 ./Core/Src/projet.o
                0x00000000200001a8                Pipe_Reception_Analyse
 .bss.Thread_Send_Data
                0x00000000200001ac        0x4 ./Core/Src/projet.o
                0x00000000200001ac                Thread_Send_Data
 .bss.val_sensor_1
                0x00000000200001b0        0x2 ./Core/Src/projet.o
                0x00000000200001b0                val_sensor_1
 *fill*         0x00000000200001b2        0x2 
 .bss.hrng      0x00000000200001b4       0x10 ./Core/Src/rng.o
                0x00000000200001b4                hrng
 .bss.htim6     0x00000000200001c4       0x48 ./Core/Src/stm32f4xx_hal_timebase_tim.o
                0x00000000200001c4                htim6
 .bss.__sbrk_heap_end
                0x000000002000020c        0x4 ./Core/Src/sysmem.o
 .bss.htim5     0x0000000020000210       0x48 ./Core/Src/tim.o
                0x0000000020000210                htim5
 .bss.huart2    0x0000000020000258       0x44 ./Core/Src/usart.o
                0x0000000020000258                huart2
 .bss.uwTick    0x000000002000029c        0x4 ./Drivers/STM32F4xx_HAL_Driver/Src/stm32f4xx_hal.o
                0x000000002000029c                uwTick
 .bss.KernelState
                0x00000000200002a0        0x4 ./Middlewares/Third_Party/FreeRTOS/Source/CMSIS_RTOS_V2/cmsis_os2.o
 .bss.Idle_TCB.3
                0x00000000200002a4       0x5c ./Middlewares/Third_Party/FreeRTOS/Source/CMSIS_RTOS_V2/cmsis_os2.o
 .bss.Idle_Stack.2
                0x0000000020000300      0x200 ./Middlewares/Third_Party/FreeRTOS/Source/CMSIS_RTOS_V2/cmsis_os2.o
 .bss.Timer_TCB.1
                0x0000000020000500       0x5c ./Middlewares/Third_Party/FreeRTOS/Source/CMSIS_RTOS_V2/cmsis_os2.o
 .bss.Timer_Stack.0
                0x000000002000055c      0x400 ./Middlewares/Third_Party/FreeRTOS/Source/CMSIS_RTOS_V2/cmsis_os2.o
 .bss.xQueueRegistry
                0x000000002000095c       0x40 ./Middlewares/Third_Party/FreeRTOS/Source/queue.o
                0x000000002000095c                xQueueRegistry
 .bss.pxCurrentTCB
                0x000000002000099c        0x4 ./Middlewares/Third_Party/FreeRTOS/Source/tasks.o
                0x000000002000099c                pxCurrentTCB
 .bss.pxReadyTasksLists
                0x00000000200009a0      0x460 ./Middlewares/Third_Party/FreeRTOS/Source/tasks.o
 .bss.xDelayedTaskList1
                0x0000000020000e00       0x14 ./Middlewares/Third_Party/FreeRTOS/Source/tasks.o
 .bss.xDelayedTaskList2
                0x0000000020000e14       0x14 ./Middlewares/Third_Party/FreeRTOS/Source/tasks.o
 .bss.pxDelayedTaskList
                0x0000000020000e28        0x4 ./Middlewares/Third_Party/FreeRTOS/Source/tasks.o
 .bss.pxOverflowDelayedTaskList
                0x0000000020000e2c        0x4 ./Middlewares/Third_Party/FreeRTOS/Source/tasks.o
 .bss.xPendingReadyList
                0x0000000020000e30       0x14 ./Middlewares/Third_Party/FreeRTOS/Source/tasks.o
 .bss.xTasksWaitingTermination
                0x0000000020000e44       0x14 ./Middlewares/Third_Party/FreeRTOS/Source/tasks.o
 .bss.uxDeletedTasksWaitingCleanUp
                0x0000000020000e58        0x4 ./Middlewares/Third_Party/FreeRTOS/Source/tasks.o
 .bss.xSuspendedTaskList
                0x0000000020000e5c       0x14 ./Middlewares/Third_Party/FreeRTOS/Source/tasks.o
 .bss.uxCurrentNumberOfTasks
                0x0000000020000e70        0x4 ./Middlewares/Third_Party/FreeRTOS/Source/tasks.o
 .bss.xTickCount
                0x0000000020000e74        0x4 ./Middlewares/Third_Party/FreeRTOS/Source/tasks.o
 .bss.uxTopReadyPriority
                0x0000000020000e78        0x4 ./Middlewares/Third_Party/FreeRTOS/Source/tasks.o
 .bss.xSchedulerRunning
                0x0000000020000e7c        0x4 ./Middlewares/Third_Party/FreeRTOS/Source/tasks.o
 .bss.xPendedTicks
                0x0000000020000e80        0x4 ./Middlewares/Third_Party/FreeRTOS/Source/tasks.o
 .bss.xYieldPending
                0x0000000020000e84        0x4 ./Middlewares/Third_Party/FreeRTOS/Source/tasks.o
 .bss.xNumOfOverflows
                0x0000000020000e88        0x4 ./Middlewares/Third_Party/FreeRTOS/Source/tasks.o
 .bss.uxTaskNumber
                0x0000000020000e8c        0x4 ./Middlewares/Third_Party/FreeRTOS/Source/tasks.o
 .bss.xNextTaskUnblockTime
                0x0000000020000e90        0x4 ./Middlewares/Third_Party/FreeRTOS/Source/tasks.o
 .bss.xIdleTaskHandle
                0x0000000020000e94        0x4 ./Middlewares/Third_Party/FreeRTOS/Source/tasks.o
 .bss.uxSchedulerSuspended
                0x0000000020000e98        0x4 ./Middlewares/Third_Party/FreeRTOS/Source/tasks.o
 .bss.xActiveTimerList1
                0x0000000020000e9c       0x14 ./Middlewares/Third_Party/FreeRTOS/Source/timers.o
 .bss.xActiveTimerList2
                0x0000000020000eb0       0x14 ./Middlewares/Third_Party/FreeRTOS/Source/timers.o
 .bss.pxCurrentTimerList
                0x0000000020000ec4        0x4 ./Middlewares/Third_Party/FreeRTOS/Source/timers.o
 .bss.pxOverflowTimerList
                0x0000000020000ec8        0x4 ./Middlewares/Third_Party/FreeRTOS/Source/timers.o
 .bss.xTimerQueue
                0x0000000020000ecc        0x4 ./Middlewares/Third_Party/FreeRTOS/Source/timers.o
 .bss.xTimerTaskHandle
                0x0000000020000ed0        0x4 ./Middlewares/Third_Party/FreeRTOS/Source/timers.o
 .bss.xLastTime.2
                0x0000000020000ed4        0x4 ./Middlewares/Third_Party/FreeRTOS/Source/timers.o
 .bss.ucStaticTimerQueueStorage.1
                0x0000000020000ed8       0xa0 ./Middlewares/Third_Party/FreeRTOS/Source/timers.o
 .bss.xStaticTimerQueue.0
                0x0000000020000f78       0x50 ./Middlewares/Third_Party/FreeRTOS/Source/timers.o
 .bss.ucMaxSysCallPriority
                0x0000000020000fc8        0x1 ./Middlewares/Third_Party/FreeRTOS/Source/portable/GCC/ARM_CM4F/port.o
 *fill*         0x0000000020000fc9        0x3 
 .bss.ulMaxPRIGROUPValue
                0x0000000020000fcc        0x4 ./Middlewares/Third_Party/FreeRTOS/Source/portable/GCC/ARM_CM4F/port.o
 .bss.ucHeap    0x0000000020000fd0     0x3c00 ./Middlewares/Third_Party/FreeRTOS/Source/portable/MemMang/heap_4.o
 .bss.xStart    0x0000000020004bd0        0x8 ./Middlewares/Third_Party/FreeRTOS/Source/portable/MemMang/heap_4.o
 .bss.pxEnd     0x0000000020004bd8        0x4 ./Middlewares/Third_Party/FreeRTOS/Source/portable/MemMang/heap_4.o
 .bss.xFreeBytesRemaining
                0x0000000020004bdc        0x4 ./Middlewares/Third_Party/FreeRTOS/Source/portable/MemMang/heap_4.o
 .bss.xMinimumEverFreeBytesRemaining
                0x0000000020004be0        0x4 ./Middlewares/Third_Party/FreeRTOS/Source/portable/MemMang/heap_4.o
 .bss.xNumberOfSuccessfulAllocations
                0x0000000020004be4        0x4 ./Middlewares/Third_Party/FreeRTOS/Source/portable/MemMang/heap_4.o
 .bss.xNumberOfSuccessfulFrees
                0x0000000020004be8        0x4 ./Middlewares/Third_Party/FreeRTOS/Source/portable/MemMang/heap_4.o
 .bss.xBlockAllocatedBit
                0x0000000020004bec        0x4 ./Middlewares/Third_Party/FreeRTOS/Source/portable/MemMang/heap_4.o
 .bss.__lock___malloc_recursive_mutex
                0x0000000020004bf0        0x1 /opt/st/stm32cubeide_1.11.2/plugins/com.st.stm32cube.ide.mcu.externaltools.gnu-tools-for-stm32.10.3-2021.10.linux64_1.0.100.202210260954/tools/bin/../lib/gcc/arm-none-eabi/10.3.1/../../../../arm-none-eabi/lib/thumb/v7e-m+fp/hard/libc_nano.a(lib_a-lock.o)
                0x0000000020004bf0                __lock___malloc_recursive_mutex
 .bss.__lock___sfp_recursive_mutex
                0x0000000020004bf1        0x1 /opt/st/stm32cubeide_1.11.2/plugins/com.st.stm32cube.ide.mcu.externaltools.gnu-tools-for-stm32.10.3-2021.10.linux64_1.0.100.202210260954/tools/bin/../lib/gcc/arm-none-eabi/10.3.1/../../../../arm-none-eabi/lib/thumb/v7e-m+fp/hard/libc_nano.a(lib_a-lock.o)
                0x0000000020004bf1                __lock___sfp_recursive_mutex
 .bss.__lock___sinit_recursive_mutex
                0x0000000020004bf2        0x1 /opt/st/stm32cubeide_1.11.2/plugins/com.st.stm32cube.ide.mcu.externaltools.gnu-tools-for-stm32.10.3-2021.10.linux64_1.0.100.202210260954/tools/bin/../lib/gcc/arm-none-eabi/10.3.1/../../../../arm-none-eabi/lib/thumb/v7e-m+fp/hard/libc_nano.a(lib_a-lock.o)
                0x0000000020004bf2                __lock___sinit_recursive_mutex
 *fill*         0x0000000020004bf3        0x1 
 .bss.__malloc_free_list
                0x0000000020004bf4        0x4 /opt/st/stm32cubeide_1.11.2/plugins/com.st.stm32cube.ide.mcu.externaltools.gnu-tools-for-stm32.10.3-2021.10.linux64_1.0.100.202210260954/tools/bin/../lib/gcc/arm-none-eabi/10.3.1/../../../../arm-none-eabi/lib/thumb/v7e-m+fp/hard/libc_nano.a(lib_a-nano-mallocr.o)
                0x0000000020004bf4                __malloc_free_list
 .bss.__malloc_sbrk_start
                0x0000000020004bf8        0x4 /opt/st/stm32cubeide_1.11.2/plugins/com.st.stm32cube.ide.mcu.externaltools.gnu-tools-for-stm32.10.3-2021.10.linux64_1.0.100.202210260954/tools/bin/../lib/gcc/arm-none-eabi/10.3.1/../../../../arm-none-eabi/lib/thumb/v7e-m+fp/hard/libc_nano.a(lib_a-nano-mallocr.o)
                0x0000000020004bf8                __malloc_sbrk_start
 .bss.errno     0x0000000020004bfc        0x4 /opt/st/stm32cubeide_1.11.2/plugins/com.st.stm32cube.ide.mcu.externaltools.gnu-tools-for-stm32.10.3-2021.10.linux64_1.0.100.202210260954/tools/bin/../lib/gcc/arm-none-eabi/10.3.1/../../../../arm-none-eabi/lib/thumb/v7e-m+fp/hard/libc_nano.a(lib_a-reent.o)
                0x0000000020004bfc                errno
 *(COMMON)
                0x0000000020004c00                . = ALIGN (0x4)
                0x0000000020004c00                _ebss = .
                0x0000000020004c00                __bss_end__ = _ebss

._user_heap_stack
                0x0000000020004c00      0x600 load address 0x0000000008007f6c
                0x0000000020004c00                . = ALIGN (0x8)
                [!provide]                        PROVIDE (end = .)
                0x0000000020004c00                PROVIDE (_end = .)
                0x0000000020004e00                . = (. + _Min_Heap_Size)
 *fill*         0x0000000020004c00      0x200 
                0x0000000020005200                . = (. + _Min_Stack_Size)
 *fill*         0x0000000020004e00      0x400 
                0x0000000020005200                . = ALIGN (0x8)

/DISCARD/
 libc.a(*)
 libm.a(*)
 libgcc.a(*)

.ARM.attributes
                0x0000000000000000       0x30
 *(.ARM.attributes)
 .ARM.attributes
                0x0000000000000000       0x1e /opt/st/stm32cubeide_1.11.2/plugins/com.st.stm32cube.ide.mcu.externaltools.gnu-tools-for-stm32.10.3-2021.10.linux64_1.0.100.202210260954/tools/bin/../lib/gcc/arm-none-eabi/10.3.1/thumb/v7e-m+fp/hard/crti.o
 .ARM.attributes
                0x000000000000001e       0x34 /opt/st/stm32cubeide_1.11.2/plugins/com.st.stm32cube.ide.mcu.externaltools.gnu-tools-for-stm32.10.3-2021.10.linux64_1.0.100.202210260954/tools/bin/../lib/gcc/arm-none-eabi/10.3.1/thumb/v7e-m+fp/hard/crtbegin.o
 .ARM.attributes
                0x0000000000000052       0x34 ./Core/Src/adc.o
 .ARM.attributes
                0x0000000000000086       0x34 ./Core/Src/gpio.o
 .ARM.attributes
                0x00000000000000ba       0x34 ./Core/Src/main.o
 .ARM.attributes
                0x00000000000000ee       0x34 ./Core/Src/projet.o
 .ARM.attributes
                0x0000000000000122       0x34 ./Core/Src/rng.o
 .ARM.attributes
                0x0000000000000156       0x34 ./Core/Src/stm32f4xx_hal_msp.o
 .ARM.attributes
                0x000000000000018a       0x34 ./Core/Src/stm32f4xx_hal_timebase_tim.o
 .ARM.attributes
                0x00000000000001be       0x34 ./Core/Src/stm32f4xx_it.o
 .ARM.attributes
                0x00000000000001f2       0x34 ./Core/Src/syscalls.o
 .ARM.attributes
                0x0000000000000226       0x34 ./Core/Src/sysmem.o
 .ARM.attributes
                0x000000000000025a       0x34 ./Core/Src/system_stm32f4xx.o
 .ARM.attributes
                0x000000000000028e       0x34 ./Core/Src/tim.o
 .ARM.attributes
                0x00000000000002c2       0x34 ./Core/Src/usart.o
 .ARM.attributes
                0x00000000000002f6       0x21 ./Core/Startup/startup_stm32f410rbtx.o
 .ARM.attributes
                0x0000000000000317       0x34 ./Drivers/STM32F4xx_HAL_Driver/Src/stm32f4xx_hal.o
 .ARM.attributes
                0x000000000000034b       0x34 ./Drivers/STM32F4xx_HAL_Driver/Src/stm32f4xx_hal_adc.o
 .ARM.attributes
                0x000000000000037f       0x34 ./Drivers/STM32F4xx_HAL_Driver/Src/stm32f4xx_hal_cortex.o
 .ARM.attributes
                0x00000000000003b3       0x34 ./Drivers/STM32F4xx_HAL_Driver/Src/stm32f4xx_hal_gpio.o
 .ARM.attributes
                0x00000000000003e7       0x34 ./Drivers/STM32F4xx_HAL_Driver/Src/stm32f4xx_hal_rcc.o
 .ARM.attributes
                0x000000000000041b       0x34 ./Drivers/STM32F4xx_HAL_Driver/Src/stm32f4xx_hal_rcc_ex.o
 .ARM.attributes
                0x000000000000044f       0x34 ./Drivers/STM32F4xx_HAL_Driver/Src/stm32f4xx_hal_rng.o
 .ARM.attributes
                0x0000000000000483       0x34 ./Drivers/STM32F4xx_HAL_Driver/Src/stm32f4xx_hal_tim.o
 .ARM.attributes
                0x00000000000004b7       0x34 ./Drivers/STM32F4xx_HAL_Driver/Src/stm32f4xx_hal_tim_ex.o
 .ARM.attributes
                0x00000000000004eb       0x34 ./Drivers/STM32F4xx_HAL_Driver/Src/stm32f4xx_hal_uart.o
 .ARM.attributes
                0x000000000000051f       0x34 ./Middlewares/Third_Party/FreeRTOS/Source/CMSIS_RTOS_V2/cmsis_os2.o
 .ARM.attributes
                0x0000000000000553       0x34 ./Middlewares/Third_Party/FreeRTOS/Source/list.o
 .ARM.attributes
                0x0000000000000587       0x34 ./Middlewares/Third_Party/FreeRTOS/Source/queue.o
 .ARM.attributes
                0x00000000000005bb       0x34 ./Middlewares/Third_Party/FreeRTOS/Source/tasks.o
 .ARM.attributes
                0x00000000000005ef       0x34 ./Middlewares/Third_Party/FreeRTOS/Source/timers.o
 .ARM.attributes
                0x0000000000000623       0x34 ./Middlewares/Third_Party/FreeRTOS/Source/portable/GCC/ARM_CM4F/port.o
 .ARM.attributes
                0x0000000000000657       0x34 ./Middlewares/Third_Party/FreeRTOS/Source/portable/MemMang/heap_4.o
 .ARM.attributes
                0x000000000000068b       0x34 /opt/st/stm32cubeide_1.11.2/plugins/com.st.stm32cube.ide.mcu.externaltools.gnu-tools-for-stm32.10.3-2021.10.linux64_1.0.100.202210260954/tools/bin/../lib/gcc/arm-none-eabi/10.3.1/../../../../arm-none-eabi/lib/thumb/v7e-m+fp/hard/libc_nano.a(lib_a-errno.o)
 .ARM.attributes
                0x00000000000006bf       0x34 /opt/st/stm32cubeide_1.11.2/plugins/com.st.stm32cube.ide.mcu.externaltools.gnu-tools-for-stm32.10.3-2021.10.linux64_1.0.100.202210260954/tools/bin/../lib/gcc/arm-none-eabi/10.3.1/../../../../arm-none-eabi/lib/thumb/v7e-m+fp/hard/libc_nano.a(lib_a-impure.o)
 .ARM.attributes
                0x00000000000006f3       0x34 /opt/st/stm32cubeide_1.11.2/plugins/com.st.stm32cube.ide.mcu.externaltools.gnu-tools-for-stm32.10.3-2021.10.linux64_1.0.100.202210260954/tools/bin/../lib/gcc/arm-none-eabi/10.3.1/../../../../arm-none-eabi/lib/thumb/v7e-m+fp/hard/libc_nano.a(lib_a-init.o)
 .ARM.attributes
                0x0000000000000727       0x34 /opt/st/stm32cubeide_1.11.2/plugins/com.st.stm32cube.ide.mcu.externaltools.gnu-tools-for-stm32.10.3-2021.10.linux64_1.0.100.202210260954/tools/bin/../lib/gcc/arm-none-eabi/10.3.1/../../../../arm-none-eabi/lib/thumb/v7e-m+fp/hard/libc_nano.a(lib_a-itoa.o)
 .ARM.attributes
                0x000000000000075b       0x34 /opt/st/stm32cubeide_1.11.2/plugins/com.st.stm32cube.ide.mcu.externaltools.gnu-tools-for-stm32.10.3-2021.10.linux64_1.0.100.202210260954/tools/bin/../lib/gcc/arm-none-eabi/10.3.1/../../../../arm-none-eabi/lib/thumb/v7e-m+fp/hard/libc_nano.a(lib_a-memcpy-stub.o)
 .ARM.attributes
                0x000000000000078f       0x34 /opt/st/stm32cubeide_1.11.2/plugins/com.st.stm32cube.ide.mcu.externaltools.gnu-tools-for-stm32.10.3-2021.10.linux64_1.0.100.202210260954/tools/bin/../lib/gcc/arm-none-eabi/10.3.1/../../../../arm-none-eabi/lib/thumb/v7e-m+fp/hard/libc_nano.a(lib_a-memset.o)
 .ARM.attributes
                0x00000000000007c3       0x34 /opt/st/stm32cubeide_1.11.2/plugins/com.st.stm32cube.ide.mcu.externaltools.gnu-tools-for-stm32.10.3-2021.10.linux64_1.0.100.202210260954/tools/bin/../lib/gcc/arm-none-eabi/10.3.1/../../../../arm-none-eabi/lib/thumb/v7e-m+fp/hard/libc_nano.a(lib_a-printf.o)
 .ARM.attributes
                0x00000000000007f7       0x34 /opt/st/stm32cubeide_1.11.2/plugins/com.st.stm32cube.ide.mcu.externaltools.gnu-tools-for-stm32.10.3-2021.10.linux64_1.0.100.202210260954/tools/bin/../lib/gcc/arm-none-eabi/10.3.1/../../../../arm-none-eabi/lib/thumb/v7e-m+fp/hard/libc_nano.a(lib_a-time.o)
 .ARM.attributes
                0x000000000000082b       0x34 /opt/st/stm32cubeide_1.11.2/plugins/com.st.stm32cube.ide.mcu.externaltools.gnu-tools-for-stm32.10.3-2021.10.linux64_1.0.100.202210260954/tools/bin/../lib/gcc/arm-none-eabi/10.3.1/../../../../arm-none-eabi/lib/thumb/v7e-m+fp/hard/libc_nano.a(lib_a-utoa.o)
 .ARM.attributes
                0x000000000000085f       0x34 /opt/st/stm32cubeide_1.11.2/plugins/com.st.stm32cube.ide.mcu.externaltools.gnu-tools-for-stm32.10.3-2021.10.linux64_1.0.100.202210260954/tools/bin/../lib/gcc/arm-none-eabi/10.3.1/../../../../arm-none-eabi/lib/thumb/v7e-m+fp/hard/libc_nano.a(lib_a-findfp.o)
 .ARM.attributes
                0x0000000000000893       0x34 /opt/st/stm32cubeide_1.11.2/plugins/com.st.stm32cube.ide.mcu.externaltools.gnu-tools-for-stm32.10.3-2021.10.linux64_1.0.100.202210260954/tools/bin/../lib/gcc/arm-none-eabi/10.3.1/../../../../arm-none-eabi/lib/thumb/v7e-m+fp/hard/libc_nano.a(lib_a-fwalk.o)
 .ARM.attributes
                0x00000000000008c7       0x34 /opt/st/stm32cubeide_1.11.2/plugins/com.st.stm32cube.ide.mcu.externaltools.gnu-tools-for-stm32.10.3-2021.10.linux64_1.0.100.202210260954/tools/bin/../lib/gcc/arm-none-eabi/10.3.1/../../../../arm-none-eabi/lib/thumb/v7e-m+fp/hard/libc_nano.a(lib_a-gettimeofdayr.o)
 .ARM.attributes
                0x00000000000008fb       0x34 /opt/st/stm32cubeide_1.11.2/plugins/com.st.stm32cube.ide.mcu.externaltools.gnu-tools-for-stm32.10.3-2021.10.linux64_1.0.100.202210260954/tools/bin/../lib/gcc/arm-none-eabi/10.3.1/../../../../arm-none-eabi/lib/thumb/v7e-m+fp/hard/libc_nano.a(lib_a-lock.o)
 .ARM.attributes
                0x000000000000092f       0x34 /opt/st/stm32cubeide_1.11.2/plugins/com.st.stm32cube.ide.mcu.externaltools.gnu-tools-for-stm32.10.3-2021.10.linux64_1.0.100.202210260954/tools/bin/../lib/gcc/arm-none-eabi/10.3.1/../../../../arm-none-eabi/lib/thumb/v7e-m+fp/hard/libc_nano.a(lib_a-nano-mallocr.o)
 .ARM.attributes