../Core/Src/projet_final.c:84:6:Fonction_Thread_Sensor_1	48	static
../Core/Src/projet_final.c:100:6:Fonction_Thread_Sensor_2	48	static
../Core/Src/projet_final.c:114:6:Fonction_Thread_Sensor_3	48	static
../Core/Src/projet_final.c:128:6:Fonction_Thread_Send	96	static
../Core/Src/projet_final.c:153:6:Fonction_Thread_Watch_Queue	16	static
../Core/Src/projet_final.c:163:6:Fonction_Thread_Buzzer	16	static
../Core/Src/projet_final.c:173:6:HAL_UART_RxCpltCallback	32	static
../Core/Src/projet_final.c:191:6:handler_btn_select	4	static
../Core/Src/projet_final.c:206:6:handler_btn_plus	4	static
../Core/Src/projet_final.c:213:6:handler_btn_minus	4	static
../Core/Src/projet_final.c:220:6:HAL_GPIO_EXTI_Callback	16	static
../Core/Src/projet_final.c:235:5:_write	32	static
../Core/Src/projet_final.c:241:5:_read	32	static
../Core/Src/projet_final.c:251:5:main	8	static
