../Core/Src/projet_final.c:75:6:Fonction_Thread_Sensor_1	48	static
../Core/Src/projet_final.c:91:6:Fonction_Thread_Sensor_2	48	static
../Core/Src/projet_final.c:105:6:Fonction_Thread_Sensor_3	48	static
../Core/Src/projet_final.c:119:6:Fonction_Thread_Send	96	static
../Core/Src/projet_final.c:144:6:Fonction_Thread_Watch_Queue	16	static
../Core/Src/projet_final.c:153:6:HAL_UART_RxCpltCallback	32	static
../Core/Src/projet_final.c:174:6:handler_btn_select	4	static
../Core/Src/projet_final.c:187:6:handler_btn_plus	4	static
../Core/Src/projet_final.c:192:6:handler_btn_minus	4	static
../Core/Src/projet_final.c:198:6:HAL_GPIO_EXTI_Callback	40	static
../Core/Src/projet_final.c:223:5:_write	32	static
../Core/Src/projet_final.c:229:5:_read	32	static
../Core/Src/projet_final.c:239:5:main	8	static
